2026-04-28 13:55:01.026 31408-31452 VRI[MainActivity]       com.halil.ozel.exoplayerdemo         D  Received frameCommittedCallback lastAttemptedDrawFrameNum=2 didProduceBuffer=false syncBuffer=false
2026-04-28 13:55:01.026 31408-31408 VRI[MainActivity]       com.halil.ozel.exoplayerdemo         D  draw finished.
2026-04-28 13:55:01.026 31408-31408 VRI[MainActivity]       com.halil.ozel.exoplayerdemo         D  reportDrawFinished
2026-04-28 13:55:01.027 31408-31408 VRI[MainActivity]       com.halil.ozel.exoplayerdemo         D  onFocusEvent true
2026-04-28 13:55:01.117 31408-31414 l.exoplayerdemo         com.halil.ozel.exoplayerdemo         I  Compiler allocated 6287KB to compile void android.view.ViewRootImpl.performTraversals()
2026-04-28 13:55:01.730 31408-31532 Compatibil...geReporter com.halil.ozel.exoplayerdemo         D  Compat change id reported: 263076149; UID 10462; state: ENABLED
2026-04-28 13:55:02.035 31408-31542 OplusScrollToTopManager com.halil.ozel.exoplayerdemo         D  com.halil.ozel.exoplayerdemo/com.halil.ozel.exoplayerdemo.MainActivity,This DecorView@68d030c[MainActivity] change focus to true
2026-04-28 13:55:02.770 31408-31484 AudioCapabilities       com.halil.ozel.exoplayerdemo         W  Unsupported mime audio/alac
2026-04-28 13:55:02.773 31408-31484 AudioCapabilities       com.halil.ozel.exoplayerdemo         W  Unsupported mime audio/x-ape
2026-04-28 13:55:02.774 31408-31484 AudioCapabilities       com.halil.ozel.exoplayerdemo         W  Unsupported mime audio/dsd
2026-04-28 13:55:02.775 31408-31484 AudioCapabilities       com.halil.ozel.exoplayerdemo         W  Unsupported mime audio/amr-wb-plus
2026-04-28 13:55:02.776 31408-31484 AudioCapabilities       com.halil.ozel.exoplayerdemo         W  Unsupported mime audio/amr-wb+
2026-04-28 13:55:02.776 31408-31484 AudioCapabilities       com.halil.ozel.exoplayerdemo         W  Unsupported mime audio/x-ms-wma
2026-04-28 13:55:02.777 31408-31484 AudioCapabilities       com.halil.ozel.exoplayerdemo         W  Unsupported mime audio/alac
2026-04-28 13:55:02.778 31408-31484 AudioCapabilities       com.halil.ozel.exoplayerdemo         W  Unsupported mime audio/x-ape
2026-04-28 13:55:02.816 31408-31484 VideoCapabilities       com.halil.ozel.exoplayerdemo         W  Unsupported mime image/vnd.android.heic
2026-04-28 13:55:02.817 31408-31484 VideoCapabilities       com.halil.ozel.exoplayerdemo         W  Unsupported mime image/vnd.android.heic
2026-04-28 13:55:02.817 31408-31484 VideoCapabilities       com.halil.ozel.exoplayerdemo         W  Unsupported mime video/dolby-vision
2026-04-28 13:55:02.817 31408-31484 VideoCapabilities       com.halil.ozel.exoplayerdemo         W  Unsupported mime video/dolby-vision
2026-04-28 13:55:02.818 31408-31484 VideoCapabilities       com.halil.ozel.exoplayerdemo         W  Unsupported mime video/dolby-vision
2026-04-28 13:55:02.854 31408-31542 OplusSyste...ureExtImpl com.halil.ozel.exoplayerdemo         D  regionString = null
2026-04-28 13:55:02.875 31408-31408 OplusInput...erInternal com.halil.ozel.exoplayerdemo         D  get inputMethodManager extension: com.android.internal.view.IInputMethodManager$Stub$Proxy@b25651e
2026-04-28 13:55:02.876 31408-31408 ViewRootImplExtImpl     com.halil.ozel.exoplayerdemo         D  MotionEvent MotionEvent { action=ACTION_UP, actionButton=0, id[0]=0, x[0]=929.8262, y[0]=2084.5254, toolType[0]=TOOL_TYPE_FINGER, buttonState=0, classification=NONE, metaState=0, flags=0x0, edgeFlags=0x0, pointerCount=1, historySize=0, eventTime=894196445, downTime=894196411, deviceId=6, source=0x1002, displayId=0, eventId=654035040 } handled by client, just return
2026-04-28 13:55:06.453 31408-31651 ProfileInstaller        com.halil.ozel.exoplayerdemo         D  Installing profile for com.halil.ozel.exoplayerdemo
2026-04-28 13:55:06.865 31408-31484 ExoPlayerImplInternal   com.halil.ozel.exoplayerdemo         E  Playback error (Ask Gemini)
                                                                                                      androidx.media3.exoplayer.ExoPlaybackException: Source error
                                                                                                          at androidx.media3.exoplayer.ExoPlayerImplInternal.handleIoException(ExoPlayerImplInternal.java:864)
                                                                                                          at androidx.media3.exoplayer.ExoPlayerImplInternal.handleMessage(ExoPlayerImplInternal.java:836)
                                                                                                          at android.os.Handler.dispatchMessage(Handler.java:102)
                                                                                                          at android.os.Looper.loopOnce(Looper.java:257)
                                                                                                          at android.os.Looper.loop(Looper.java:368)
                                                                                                          at android.os.HandlerThread.run(HandlerThread.java:67)
                                                                                                      Caused by: androidx.media3.datasource.HttpDataSource$InvalidResponseCodeException: Response code: 403
                                                                                                          at androidx.media3.datasource.DefaultHttpDataSource.open(DefaultHttpDataSource.java:401)
                                                                                                          at androidx.media3.datasource.StatsDataSource.open(StatsDataSource.java:88)
                                                                                                          at androidx.media3.exoplayer.source.chunk.InitializationChunk.load(InitializationChunk.java:103)
                                                                                                          at androidx.media3.exoplayer.upstream.Loader$LoadTask.run(Loader.java:453)
                                                                                                          at java.util.concurrent.ThreadPoolExecutor.runWorker(ThreadPoolExecutor.java:1154)
                                                                                                          at java.util.concurrent.ThreadPoolExecutor$Worker.run(ThreadPoolExecutor.java:652)
                                                                                                          at java.lang.Thread.run(Thread.java:1564)
2026-04-28 13:55:06.896 31408-31408 ExoPlayerDemo           com.halil.ozel.exoplayerdemo         E  Player error: Source error
2026-04-28 13:55:06.896 31408-31408 ExoPlayerDemo           com.halil.ozel.exoplayerdemo         E  Error code: 2004
2026-04-28 13:55:06.896 31408-31408 ExoPlayerDemo           com.halil.ozel.exoplayerdemo         E  Error cause: Response code: 403
2026-04-28 13:55:06.897 31408-31408 ExoPlayerDemo           com.halil.ozel.exoplayerdemo         E  Unknown error code: 2004
2026-04-28 13:55:06.897 31408-31408 ExoPlayerDemo           com.halil.ozel.exoplayerdemo         D  Retrying in 2000ms (attempt 1/3)
2026-04-28 13:55:06.902 31408-31408 ExoPlayerDemo           com.halil.ozel.exoplayerdemo         D  PlaybackState changed to: IDLE
2026-04-28 13:55:06.902 31408-31408 ExoPlayerDemo           com.halil.ozel.exoplayerdemo         D  Player is idle
2026-04-28 13:55:08.900 31408-31408 ExoPlayerDemo           com.halil.ozel.exoplayerdemo         D  Retrying playback...
2026-04-28 13:55:08.900 31408-31408 ExoPlayerDemo           com.halil.ozel.exoplayerdemo         D  Playing channel: Gemini TV HD
2026-04-28 13:55:08.900 31408-31408 ExoPlayerDemo           com.halil.ozel.exoplayerdemo         D  Stream URL: https://servertvhub.site/superlive/mpd.php?id=897
2026-04-28 13:55:08.900 31408-31408 ExoPlayerDemo           com.halil.ozel.exoplayerdemo         D  License Type: clearkey
2026-04-28 13:55:08.900 31408-31408 ExoPlayerDemo           com.halil.ozel.exoplayerdemo         D  License Key: https://servertvhub.site/superlive/keys.php?id=897
2026-04-28 13:55:08.900 31408-31408 ExoPlayerDemo           com.halil.ozel.exoplayerdemo         D  HTTP Headers: {}
2026-04-28 13:55:08.900 31408-31408 ExoPlayerDemo           com.halil.ozel.exoplayerdemo         D  User Agent: null
2026-04-28 13:55:08.901 31408-31408 ExoPlayerDemo           com.halil.ozel.exoplayerdemo         D  Final HTTP Headers: {User-Agent=plaYtv/7.1.3 (Linux;Android 14) ExoPlayerLib/2.11.7, Referer=https://www.jiotv.com/, Origin=https://www.jiotv.com}
2026-04-28 13:55:08.901 31408-31408 DrmHelper               com.halil.ozel.exoplayerdemo         D  createMediaSource called
2026-04-28 13:55:08.901 31408-31408 DrmHelper               com.halil.ozel.exoplayerdemo         D    Stream URL: https://servertvhub.site/superlive/mpd.php?id=897
2026-04-28 13:55:08.901 31408-31408 DrmHelper               com.halil.ozel.exoplayerdemo         D    License Type: clearkey
2026-04-28 13:55:08.901 31408-31408 DrmHelper               com.halil.ozel.exoplayerdemo         D    License Key: https://servertvhub.site/superlive/keys.php?id=897
2026-04-28 13:55:08.901 31408-31408 DrmHelper               com.halil.ozel.exoplayerdemo         D    HTTP Headers: {User-Agent=plaYtv/7.1.3 (Linux;Android 14) ExoPlayerLib/2.11.7, Referer=https://www.jiotv.com/, Origin=https://www.jiotv.com}
2026-04-28 13:55:08.901 31408-31408 DrmHelper               com.halil.ozel.exoplayerdemo         D  ========== START DrmHelper.createMediaSource DRM handling ==========
2026-04-28 13:55:08.901 31408-31408 DrmHelper               com.halil.ozel.exoplayerdemo         D  licenseType: clearkey
2026-04-28 13:55:08.901 31408-31408 DrmHelper               com.halil.ozel.exoplayerdemo         D  licenseKey: https://servertvhub.site/superlive/keys.php?id=897
2026-04-28 13:55:08.901 31408-31408 DrmHelper               com.halil.ozel.exoplayerdemo         D  httpHeaders: {User-Agent=plaYtv/7.1.3 (Linux;Android 14) ExoPlayerLib/2.11.7, Referer=https://www.jiotv.com/, Origin=https://www.jiotv.com}
2026-04-28 13:55:08.901 31408-31408 DrmHelper               com.halil.ozel.exoplayerdemo         D  Processing clearkey DRM...
2026-04-28 13:55:08.901 31408-31408 LicenseKeyHandler       com.halil.ozel.exoplayerdemo         D  ========== START processLicenseKey ==========
2026-04-28 13:55:08.901 31408-31408 LicenseKeyHandler       com.halil.ozel.exoplayerdemo         D  License key: https://servertvhub.site/superlive/keys.php?id=897...
2026-04-28 13:55:08.901 31408-31408 LicenseKeyHandler       com.halil.ozel.exoplayerdemo         D  HTTP Headers: {User-Agent=plaYtv/7.1.3 (Linux;Android 14) ExoPlayerLib/2.11.7, Referer=https://www.jiotv.com/, Origin=https://www.jiotv.com}
2026-04-28 13:55:08.901 31408-31408 LicenseKeyHandler       com.halil.ozel.exoplayerdemo         D  Detected URL format, calling fetchKeysFromServer
2026-04-28 13:55:08.901 31408-31408 LicenseKeyHandler       com.halil.ozel.exoplayerdemo         D  ========== START fetchKeysFromServer ==========
2026-04-28 13:55:08.901 31408-31408 LicenseKeyHandler       com.halil.ozel.exoplayerdemo         D  URL: https://servertvhub.site/superlive/keys.php?id=897
2026-04-28 13:55:08.901 31408-31408 LicenseKeyHandler       com.halil.ozel.exoplayerdemo         D  HTTP Headers: {User-Agent=plaYtv/7.1.3 (Linux;Android 14) ExoPlayerLib/2.11.7, Referer=https://www.jiotv.com/, Origin=https://www.jiotv.com}
2026-04-28 13:55:08.903 31408-31697 LicenseKeyHandler       com.halil.ozel.exoplayerdemo         D  Trying GET method...
2026-04-28 13:55:09.505 31408-31697 LicenseKeyHandler       com.halil.ozel.exoplayerdemo         D  License server response code: 200
2026-04-28 13:55:09.507 31408-31697 LicenseKeyHandler       com.halil.ozel.exoplayerdemo         D  License server response length: 181
2026-04-28 13:55:09.507 31408-31697 LicenseKeyHandler       com.halil.ozel.exoplayerdemo         D  License server response: {
                                                                                                        "keys": [
                                                                                                            {
                                                                                                                "kty": "oct",
                                                                                                                "kid": "DQMXtXwEWEKnAEg6RvEhLg",
                                                                                                                "k": "zZ8HpD6Jsyvzrxv8fmyEsg"
                                                                                                            }
                                                                                                        ],
                                                                                                        "type": "temporary"
                                                                                                    }
2026-04-28 13:55:09.513 31408-31408 LicenseKeyHandler       com.halil.ozel.exoplayerdemo         D  ========== END fetchKeysFromServer, result: Success(kidHex=0d0317b57c045842a700483a46f1212e, keyHex=cd9f07a43e89b32bf3af1bfc7e6c84b2, clearKeyJson={"keys":[{"kty":"oct","k":"zZ8HpD6Jsyvzrxv8fmyEsg","kid":"DQMXtXwEWEKnAEg6RvEhLg"}],"type":"temporary"}) ==========
2026-04-28 13:55:09.514 31408-31408 LicenseKeyHandler       com.halil.ozel.exoplayerdemo         D  processLicenseKey result: Success(kidHex=0d0317b57c045842a700483a46f1212e, keyHex=cd9f07a43e89b32bf3af1bfc7e6c84b2, clearKeyJson={"keys":[{"kty":"oct","k":"zZ8HpD6Jsyvzrxv8fmyEsg","kid":"DQMXtXwEWEKnAEg6RvEhLg"}],"type":"temporary"})
2026-04-28 13:55:09.514 31408-31408 LicenseKeyHandler       com.halil.ozel.exoplayerdemo         D  ========== END processLicenseKey ==========
2026-04-28 13:55:09.514 31408-31408 DrmHelper               com.halil.ozel.exoplayerdemo         D  SUCCESS: License key processed - KID: 0d0317b57c045842a700483a46f1212e, KEY: cd9f07a43e89b32bf3af1bfc7e6c84b2
2026-04-28 13:55:09.514 31408-31408 DrmHelper               com.halil.ozel.exoplayerdemo         D  ClearKey JSON: {"keys":[{"kty":"oct","k":"zZ8HpD6Jsyvzrxv8fmyEsg","kid":"DQMXtXwEWEKnAEg6RvEhLg"}],"type":"temporary"}
2026-04-28 13:55:09.514 31408-31408 DrmHelper               com.halil.ozel.exoplayerdemo         D  ========== START createClearKeyDrmSessionManagerFromHex ==========
2026-04-28 13:55:09.514 31408-31408 DrmHelper               com.halil.ozel.exoplayerdemo         D  KID (hex): 0d0317b57c045842a700483a46f1212e
2026-04-28 13:55:09.514 31408-31408 DrmHelper               com.halil.ozel.exoplayerdemo         D  KEY (hex): cd9f07a43e89b32bf3af1bfc7e6c84b2
2026-04-28 13:55:09.514 31408-31408 DrmHelper               com.halil.ozel.exoplayerdemo         D  UUID: e2719d58-a985-b3c9-781a-b030af78d30e
2026-04-28 13:55:09.515 31408-31408 DrmHelper               com.halil.ozel.exoplayerdemo         D  Built ClearKey JSON: {"keys":[{"kty":"oct","k":"zZ8HpD6Jsyvzrxv8fmyEsg==","kid":"DQMXtXwEWEKnAEg6RvEhLg=="}],"type":"temporary"}
2026-04-28 13:55:09.515 31408-31408 DrmHelper               com.halil.ozel.exoplayerdemo         D  Created LocalMediaDrmCallback
2026-04-28 13:55:09.515 31408-31408 DrmHelper               com.halil.ozel.exoplayerdemo         D  Built DefaultDrmSessionManager.Builder
2026-04-28 13:55:09.515 31408-31408 DrmHelper               com.halil.ozel.exoplayerdemo         D  Built DrmSessionManager
2026-04-28 13:55:09.515 31408-31408 DrmHelper               com.halil.ozel.exoplayerdemo         D  ========== END createClearKeyDrmSessionManagerFromHex ==========
2026-04-28 13:55:09.515 31408-31408 DrmHelper               com.halil.ozel.exoplayerdemo         D  Created DRM session manager from hex keys
2026-04-28 13:55:09.515 31408-31408 DrmHelper               com.halil.ozel.exoplayerdemo         D  Applied request properties to data source: {Referer=https://www.jiotv.com/, Origin=https://www.jiotv.com, Accept=*/*, Accept-Encoding=identity}
2026-04-28 13:55:09.516 31408-31408 DrmHelper               com.halil.ozel.exoplayerdemo         D  Stream URL: https://servertvhub.site/superlive/mpd.php?id=897, Detected MIME type: application/dash+xml (isHls: false)
2026-04-28 13:55:09.516 31408-31408 DrmHelper               com.halil.ozel.exoplayerdemo         D  Using custom drmSessionManager for MediaItem
2026-04-28 13:55:09.516 31408-31408 DrmHelper               com.halil.ozel.exoplayerdemo         D  Creating DASH media source
2026-04-28 13:55:09.516 31408-31408 ExoPlayerDemo           com.halil.ozel.exoplayerdemo         D  MediaSource created successfully, preparing player...
2026-04-28 13:55:09.520 31408-31408 ExoPlayerDemo           com.halil.ozel.exoplayerdemo         D  Position discontinuity: -4000 -> 0
2026-04-28 13:55:09.524 31408-31408 ExoPlayerDemo           com.halil.ozel.exoplayerdemo         D  Position discontinuity: 0 -> 0
2026-04-28 13:55:09.525 31408-31408 ExoPlayerDemo           com.halil.ozel.exoplayerdemo         D  PlaybackState changed to: BUFFERING
2026-04-28 13:55:09.525 31408-31408 ExoPlayerDemo           com.halil.ozel.exoplayerdemo         D  Player is buffering - waiting for data...
2026-04-28 13:55:09.527 31408-31484 DrmHalHidl              com.halil.ozel.exoplayerdemo         I  No hidl drm factories found
2026-04-28 13:55:09.529 31408-31484 DrmHalHidl              com.halil.ozel.exoplayerdemo         E  Failed to find passthrough drm factories
2026-04-28 13:55:09.535 31408-31484 DrmUtils                com.halil.ozel.exoplayerdemo         I  found IDrmFactory. Instance name:[android.hardware.drm.IDrmFactory/clearkey]
2026-04-28 13:55:09.536 31408-31484 DrmUtils                com.halil.ozel.exoplayerdemo         I  found IDrmFactory. Instance name:[android.hardware.drm.IDrmFactory/wfdhdcp]
2026-04-28 13:55:09.537 31408-31484 DrmUtils                com.halil.ozel.exoplayerdemo         I  found IDrmFactory. Instance name:[android.hardware.drm.IDrmFactory/widevine]
2026-04-28 13:55:09.538 31408-31484 DrmHalAidl              com.halil.ozel.exoplayerdemo         E  uuid=[e2719d58a985b3c9 781ab030af78d30e] Failed to make drm plugin: 4
2026-04-28 13:55:09.539 31408-31484 DrmHalAidl              com.halil.ozel.exoplayerdemo         E  uuid=[e2719d58a985b3c9 781ab030af78d30e] Failed to make drm plugin: 4
2026-04-28 13:55:10.410 31408-31415 l.exoplayerdemo         com.halil.ozel.exoplayerdemo         W  userfaultfd: MOVE ioctl seems unsupported: Connection timed out
2026-04-28 13:55:14.165 31408-31484 ExoPlayerImplInternal   com.halil.ozel.exoplayerdemo         E  Playback error (Ask Gemini)
                                                                                                      androidx.media3.exoplayer.ExoPlaybackException: Source error
                                                                                                          at androidx.media3.exoplayer.ExoPlayerImplInternal.handleIoException(ExoPlayerImplInternal.java:864)
                                                                                                          at androidx.media3.exoplayer.ExoPlayerImplInternal.handleMessage(ExoPlayerImplInternal.java:836)
                                                                                                          at android.os.Handler.dispatchMessage(Handler.java:102)
                                                                                                          at android.os.Looper.loopOnce(Looper.java:257)
                                                                                                          at android.os.Looper.loop(Looper.java:368)
                                                                                                          at android.os.HandlerThread.run(HandlerThread.java:67)
                                                                                                      Caused by: androidx.media3.datasource.HttpDataSource$InvalidResponseCodeException: Response code: 403
                                                                                                          at androidx.media3.datasource.DefaultHttpDataSource.open(DefaultHttpDataSource.java:401)
                                                                                                          at androidx.media3.datasource.StatsDataSource.open(StatsDataSource.java:88)
                                                                                                          at androidx.media3.exoplayer.source.chunk.InitializationChunk.load(InitializationChunk.java:103)
                                                                                                          at androidx.media3.exoplayer.upstream.Loader$LoadTask.run(Loader.java:453)
                                                                                                          at java.util.concurrent.ThreadPoolExecutor.runWorker(ThreadPoolExecutor.java:1154)
                                                                                                          at java.util.concurrent.ThreadPoolExecutor$Worker.run(ThreadPoolExecutor.java:652)
                                                                                                          at java.lang.Thread.run(Thread.java:1564)
2026-04-28 13:55:14.192 31408-31408 ExoPlayerDemo           com.halil.ozel.exoplayerdemo         E  Player error: Source error
2026-04-28 13:55:14.193 31408-31408 ExoPlayerDemo           com.halil.ozel.exoplayerdemo         E  Error code: 2004
2026-04-28 13:55:14.193 31408-31408 ExoPlayerDemo           com.halil.ozel.exoplayerdemo         E  Error cause: Response code: 403
2026-04-28 13:55:14.193 31408-31408 ExoPlayerDemo           com.halil.ozel.exoplayerdemo         E  Unknown error code: 2004
2026-04-28 13:55:14.193 31408-31408 ExoPlayerDemo           com.halil.ozel.exoplayerdemo         D  Retrying in 2000ms (attempt 1/3)
2026-04-28 13:55:14.198 31408-31408 ExoPlayerDemo           com.halil.ozel.exoplayerdemo         D  PlaybackState changed to: IDLE
2026-04-28 13:55:14.198 31408-31408 ExoPlayerDemo           com.halil.ozel.exoplayerdemo         D  Player is idle
2026-04-28 13:55:16.198 31408-31408 ExoPlayerDemo           com.halil.ozel.exoplayerdemo         D  Retrying playback...
2026-04-28 13:55:16.199 31408-31408 ExoPlayerDemo           com.halil.ozel.exoplayerdemo         D  Playing channel: Gemini TV HD
2026-04-28 13:55:16.199 31408-31408 ExoPlayerDemo           com.halil.ozel.exoplayerdemo         D  Stream URL: https://servertvhub.site/superlive/mpd.php?id=897
2026-04-28 13:55:16.199 31408-31408 ExoPlayerDemo           com.halil.ozel.exoplayerdemo         D  License Type: clearkey
2026-04-28 13:55:16.199 31408-31408 ExoPlayerDemo           com.halil.ozel.exoplayerdemo         D  License Key: https://servertvhub.site/superlive/keys.php?id=897
2026-04-28 13:55:16.199 31408-31408 ExoPlayerDemo           com.halil.ozel.exoplayerdemo         D  HTTP Headers: {}
2026-04-28 13:55:16.200 31408-31408 ExoPlayerDemo           com.halil.ozel.exoplayerdemo         D  User Agent: null
2026-04-28 13:55:16.200 31408-31408 ExoPlayerDemo           com.halil.ozel.exoplayerdemo         D  Final HTTP Headers: {User-Agent=plaYtv/7.1.3 (Linux;Android 14) ExoPlayerLib/2.11.7, Referer=https://www.jiotv.com/, Origin=https://www.jiotv.com}
2026-04-28 13:55:16.200 31408-31408 DrmHelper               com.halil.ozel.exoplayerdemo         D  createMediaSource called
2026-04-28 13:55:16.200 31408-31408 DrmHelper               com.halil.ozel.exoplayerdemo         D    Stream URL: https://servertvhub.site/superlive/mpd.php?id=897
2026-04-28 13:55:16.201 31408-31408 DrmHelper               com.halil.ozel.exoplayerdemo         D    License Type: clearkey
2026-04-28 13:55:16.201 31408-31408 DrmHelper               com.halil.ozel.exoplayerdemo         D    License Key: https://servertvhub.site/superlive/keys.php?id=897
2026-04-28 13:55:16.201 31408-31408 DrmHelper               com.halil.ozel.exoplayerdemo         D    HTTP Headers: {User-Agent=plaYtv/7.1.3 (Linux;Android 14) ExoPlayerLib/2.11.7, Referer=https://www.jiotv.com/, Origin=https://www.jiotv.com}
2026-04-28 13:55:16.201 31408-31408 DrmHelper               com.halil.ozel.exoplayerdemo         D  ========== START DrmHelper.createMediaSource DRM handling ==========
2026-04-28 13:55:16.202 31408-31408 DrmHelper               com.halil.ozel.exoplayerdemo         D  licenseType: clearkey
2026-04-28 13:55:16.202 31408-31408 DrmHelper               com.halil.ozel.exoplayerdemo         D  licenseKey: https://servertvhub.site/superlive/keys.php?id=897
2026-04-28 13:55:16.202 31408-31408 DrmHelper               com.halil.ozel.exoplayerdemo         D  httpHeaders: {User-Agent=plaYtv/7.1.3 (Linux;Android 14) ExoPlayerLib/2.11.7, Referer=https://www.jiotv.com/, Origin=https://www.jiotv.com}
2026-04-28 13:55:16.202 31408-31408 DrmHelper               com.halil.ozel.exoplayerdemo         D  Processing clearkey DRM...
2026-04-28 13:55:16.202 31408-31408 LicenseKeyHandler       com.halil.ozel.exoplayerdemo         D  ========== START processLicenseKey ==========
2026-04-28 13:55:16.202 31408-31408 LicenseKeyHandler       com.halil.ozel.exoplayerdemo         D  License key: https://servertvhub.site/superlive/keys.php?id=897...
2026-04-28 13:55:16.203 31408-31408 LicenseKeyHandler       com.halil.ozel.exoplayerdemo         D  HTTP Headers: {User-Agent=plaYtv/7.1.3 (Linux;Android 14) ExoPlayerLib/2.11.7, Referer=https://www.jiotv.com/, Origin=https://www.jiotv.com}
2026-04-28 13:55:16.203 31408-31408 LicenseKeyHandler       com.halil.ozel.exoplayerdemo         D  Detected URL format, calling fetchKeysFromServer
2026-04-28 13:55:16.203 31408-31408 LicenseKeyHandler       com.halil.ozel.exoplayerdemo         D  ========== START fetchKeysFromServer ==========
2026-04-28 13:55:16.203 31408-31408 LicenseKeyHandler       com.halil.ozel.exoplayerdemo         D  URL: https://servertvhub.site/superlive/keys.php?id=897
2026-04-28 13:55:16.203 31408-31408 LicenseKeyHandler       com.halil.ozel.exoplayerdemo         D  HTTP Headers: {User-Agent=plaYtv/7.1.3 (Linux;Android 14) ExoPlayerLib/2.11.7, Referer=https://www.jiotv.com/, Origin=https://www.jiotv.com}
2026-04-28 13:55:16.205 31408-31765 LicenseKeyHandler       com.halil.ozel.exoplayerdemo         D  Trying GET method...
2026-04-28 13:55:16.537 31408-31765 LicenseKeyHandler       com.halil.ozel.exoplayerdemo         D  License server response code: 200
2026-04-28 13:55:16.539 31408-31765 LicenseKeyHandler       com.halil.ozel.exoplayerdemo         D  License server response length: 181
2026-04-28 13:55:16.539 31408-31765 LicenseKeyHandler       com.halil.ozel.exoplayerdemo         D  License server response: {
                                                                                                        "keys": [
                                                                                                            {
                                                                                                                "kty": "oct",
                                                                                                                "kid": "DQMXtXwEWEKnAEg6RvEhLg",
                                                                                                                "k": "zZ8HpD6Jsyvzrxv8fmyEsg"
                                                                                                            }
                                                                                                        ],
                                                                                                        "type": "temporary"
                                                                                                    }
2026-04-28 13:55:16.544 31408-31408 LicenseKeyHandler       com.halil.ozel.exoplayerdemo         D  ========== END fetchKeysFromServer, result: Success(kidHex=0d0317b57c045842a700483a46f1212e, keyHex=cd9f07a43e89b32bf3af1bfc7e6c84b2, clearKeyJson={"keys":[{"kty":"oct","k":"zZ8HpD6Jsyvzrxv8fmyEsg","kid":"DQMXtXwEWEKnAEg6RvEhLg"}],"type":"temporary"}) ==========
2026-04-28 13:55:16.544 31408-31408 LicenseKeyHandler       com.halil.ozel.exoplayerdemo         D  processLicenseKey result: Success(kidHex=0d0317b57c045842a700483a46f1212e, keyHex=cd9f07a43e89b32bf3af1bfc7e6c84b2, clearKeyJson={"keys":[{"kty":"oct","k":"zZ8HpD6Jsyvzrxv8fmyEsg","kid":"DQMXtXwEWEKnAEg6RvEhLg"}],"type":"temporary"})
2026-04-28 13:55:16.544 31408-31408 LicenseKeyHandler       com.halil.ozel.exoplayerdemo         D  ========== END processLicenseKey ==========
2026-04-28 13:55:16.544 31408-31408 DrmHelper               com.halil.ozel.exoplayerdemo         D  SUCCESS: License key processed - KID: 0d0317b57c045842a700483a46f1212e, KEY: cd9f07a43e89b32bf3af1bfc7e6c84b2
2026-04-28 13:55:16.545 31408-31408 DrmHelper               com.halil.ozel.exoplayerdemo         D  ClearKey JSON: {"keys":[{"kty":"oct","k":"zZ8HpD6Jsyvzrxv8fmyEsg","kid":"DQMXtXwEWEKnAEg6RvEhLg"}],"type":"temporary"}
2026-04-28 13:55:16.545 31408-31408 DrmHelper               com.halil.ozel.exoplayerdemo         D  ========== START createClearKeyDrmSessionManagerFromHex ==========
2026-04-28 13:55:16.545 31408-31408 DrmHelper               com.halil.ozel.exoplayerdemo         D  KID (hex): 0d0317b57c045842a700483a46f1212e
2026-04-28 13:55:16.545 31408-31408 DrmHelper               com.halil.ozel.exoplayerdemo         D  KEY (hex): cd9f07a43e89b32bf3af1bfc7e6c84b2
2026-04-28 13:55:16.545 31408-31408 DrmHelper               com.halil.ozel.exoplayerdemo         D  UUID: e2719d58-a985-b3c9-781a-b030af78d30e
2026-04-28 13:55:16.548 31408-31408 DrmHelper               com.halil.ozel.exoplayerdemo         D  Built ClearKey JSON: {"keys":[{"kty":"oct","k":"zZ8HpD6Jsyvzrxv8fmyEsg==","kid":"DQMXtXwEWEKnAEg6RvEhLg=="}],"type":"temporary"}
2026-04-28 13:55:16.548 31408-31408 DrmHelper               com.halil.ozel.exoplayerdemo         D  Created LocalMediaDrmCallback
2026-04-28 13:55:16.548 31408-31408 DrmHelper               com.halil.ozel.exoplayerdemo         D  Built DefaultDrmSessionManager.Builder
2026-04-28 13:55:16.549 31408-31408 DrmHelper               com.halil.ozel.exoplayerdemo         D  Built DrmSessionManager
2026-04-28 13:55:16.549 31408-31408 DrmHelper               com.halil.ozel.exoplayerdemo         D  ========== END createClearKeyDrmSessionManagerFromHex ==========
2026-04-28 13:55:16.549 31408-31408 DrmHelper               com.halil.ozel.exoplayerdemo         D  Created DRM session manager from hex keys
2026-04-28 13:55:16.549 31408-31408 DrmHelper               com.halil.ozel.exoplayerdemo         D  Applied request properties to data source: {Referer=https://www.jiotv.com/, Origin=https://www.jiotv.com, Accept=*/*, Accept-Encoding=identity}
2026-04-28 13:55:16.550 31408-31408 DrmHelper               com.halil.ozel.exoplayerdemo         D  Stream URL: https://servertvhub.site/superlive/mpd.php?id=897, Detected MIME type: application/dash+xml (isHls: false)
2026-04-28 13:55:16.550 31408-31408 DrmHelper               com.halil.ozel.exoplayerdemo         D  Using custom drmSessionManager for MediaItem
2026-04-28 13:55:16.551 31408-31408 DrmHelper               com.halil.ozel.exoplayerdemo         D  Creating DASH media source
2026-04-28 13:55:16.551 31408-31408 ExoPlayerDemo           com.halil.ozel.exoplayerdemo         D  MediaSource created successfully, preparing player...
2026-04-28 13:55:16.562 31408-31408 ExoPlayerDemo           com.halil.ozel.exoplayerdemo         D  Position discontinuity: -2 -> 0
2026-04-28 13:55:16.569 31408-31408 ExoPlayerDemo           com.halil.ozel.exoplayerdemo         D  Position discontinuity: 0 -> 0
2026-04-28 13:55:16.571 31408-31484 DrmHalHidl              com.halil.ozel.exoplayerdemo         I  No hidl drm factories found
2026-04-28 13:55:16.573 31408-31408 ExoPlayerDemo           com.halil.ozel.exoplayerdemo         D  PlaybackState changed to: BUFFERING
2026-04-28 13:55:16.573 31408-31408 ExoPlayerDemo           com.halil.ozel.exoplayerdemo         D  Player is buffering - waiting for data...
2026-04-28 13:55:16.573 31408-31484 DrmHalHidl              com.halil.ozel.exoplayerdemo         E  Failed to find passthrough drm factories
2026-04-28 13:55:16.576 31408-31484 DrmUtils                com.halil.ozel.exoplayerdemo         I  found IDrmFactory. Instance name:[android.hardware.drm.IDrmFactory/clearkey]
2026-04-28 13:55:16.578 31408-31484 DrmUtils                com.halil.ozel.exoplayerdemo         I  found IDrmFactory. Instance name:[android.hardware.drm.IDrmFactory/wfdhdcp]
2026-04-28 13:55:16.581 31408-31484 DrmUtils                com.halil.ozel.exoplayerdemo         I  found IDrmFactory. Instance name:[android.hardware.drm.IDrmFactory/widevine]
2026-04-28 13:55:16.583 31408-31484 DrmHalAidl              com.halil.ozel.exoplayerdemo         E  uuid=[e2719d58a985b3c9 781ab030af78d30e] Failed to make drm plugin: 4
2026-04-28 13:55:16.584 31408-31484 DrmHalAidl              com.halil.ozel.exoplayerdemo         E  uuid=[e2719d58a985b3c9 781ab030af78d30e] Failed to make drm plugin: 4
2026-04-28 13:55:21.100 31408-31484 ExoPlayerImplInternal   com.halil.ozel.exoplayerdemo         E  Playback error (Ask Gemini)
                                                                                                      androidx.media3.exoplayer.ExoPlaybackException: Source error
                                                                                                          at androidx.media3.exoplayer.ExoPlayerImplInternal.handleIoException(ExoPlayerImplInternal.java:864)
                                                                                                          at androidx.media3.exoplayer.ExoPlayerImplInternal.handleMessage(ExoPlayerImplInternal.java:836)
                                                                                                          at android.os.Handler.dispatchMessage(Handler.java:102)
                                                                                                          at android.os.Looper.loopOnce(Looper.java:257)
                                                                                                          at android.os.Looper.loop(Looper.java:368)
                                                                                                          at android.os.HandlerThread.run(HandlerThread.java:67)
                                                                                                      Caused by: androidx.media3.datasource.HttpDataSource$InvalidResponseCodeException: Response code: 403
                                                                                                          at androidx.media3.datasource.DefaultHttpDataSource.open(DefaultHttpDataSource.java:401)
                                                                                                          at androidx.media3.datasource.StatsDataSource.open(StatsDataSource.java:88)
                                                                                                          at androidx.media3.exoplayer.source.chunk.InitializationChunk.load(InitializationChunk.java:103)
                                                                                                          at androidx.media3.exoplayer.upstream.Loader$LoadTask.run(Loader.java:453)
                                                                                                          at java.util.concurrent.ThreadPoolExecutor.runWorker(ThreadPoolExecutor.java:1154)
                                                                                                          at java.util.concurrent.ThreadPoolExecutor$Worker.run(ThreadPoolExecutor.java:652)
                                                                                                          at java.lang.Thread.run(Thread.java:1564)
2026-04-28 13:55:21.124 31408-31408 ExoPlayerDemo           com.halil.ozel.exoplayerdemo         E  Player error: Source error
2026-04-28 13:55:21.125 31408-31408 ExoPlayerDemo           com.halil.ozel.exoplayerdemo         E  Error code: 2004
2026-04-28 13:55:21.125 31408-31408 ExoPlayerDemo           com.halil.ozel.exoplayerdemo         E  Error cause: Response code: 403
2026-04-28 13:55:21.125 31408-31408 ExoPlayerDemo           com.halil.ozel.exoplayerdemo         E  Unknown error code: 2004
2026-04-28 13:55:21.125 31408-31408 ExoPlayerDemo           com.halil.ozel.exoplayerdemo         D  Retrying in 2000ms (attempt 1/3)
2026-04-28 13:55:21.128 31408-31408 ExoPlayerDemo           com.halil.ozel.exoplayerdemo         D  PlaybackState changed to: IDLE
2026-04-28 13:55:21.128 31408-31408 ExoPlayerDemo           com.halil.ozel.exoplayerdemo         D  Player is idle
2026-04-28 13:55:22.451 31408-31408 callGcSupression        com.halil.ozel.exoplayerdemo         D  java.lang.NullPointerException: Attempt to invoke virtual method 'java.lang.Object java.lang.reflect.Method.invoke(java.lang.Object, java.lang.Object[])' on a null object reference
2026-04-28 13:55:22.560 31408-31408 VRI[MainActivity]       com.halil.ozel.exoplayerdemo         D  onFocusEvent false
2026-04-28 13:55:23.127 31408-31408 ExoPlayerDemo           com.halil.ozel.exoplayerdemo         D  Retrying playback...
2026-04-28 13:55:23.127 31408-31408 ExoPlayerDemo           com.halil.ozel.exoplayerdemo         D  Playing channel: Gemini TV HD
2026-04-28 13:55:23.127 31408-31408 ExoPlayerDemo           com.halil.ozel.exoplayerdemo         D  Stream URL: https://servertvhub.site/superlive/mpd.php?id=897
2026-04-28 13:55:23.127 31408-31408 ExoPlayerDemo           com.halil.ozel.exoplayerdemo         D  License Type: clearkey
2026-04-28 13:55:23.127 31408-31408 ExoPlayerDemo           com.halil.ozel.exoplayerdemo         D  License Key: https://servertvhub.site/superlive/keys.php?id=897
2026-04-28 13:55:23.127 31408-31408 ExoPlayerDemo           com.halil.ozel.exoplayerdemo         D  HTTP Headers: {}
2026-04-28 13:55:23.127 31408-31408 ExoPlayerDemo           com.halil.ozel.exoplayerdemo         D  User Agent: null
2026-04-28 13:55:23.127 31408-31408 ExoPlayerDemo           com.halil.ozel.exoplayerdemo         D  Final HTTP Headers: {User-Agent=plaYtv/7.1.3 (Linux;Android 14) ExoPlayerLib/2.11.7, Referer=https://www.jiotv.com/, Origin=https://www.jiotv.com}
2026-04-28 13:55:23.127 31408-31408 DrmHelper               com.halil.ozel.exoplayerdemo         D  createMediaSource called
2026-04-28 13:55:23.127 31408-31408 DrmHelper               com.halil.ozel.exoplayerdemo         D    Stream URL: https://servertvhub.site/superlive/mpd.php?id=897
2026-04-28 13:55:23.127 31408-31408 DrmHelper               com.halil.ozel.exoplayerdemo         D    License Type: clearkey
2026-04-28 13:55:23.127 31408-31408 DrmHelper               com.halil.ozel.exoplayerdemo         D    License Key: https://servertvhub.site/superlive/keys.php?id=897
2026-04-28 13:55:23.127 31408-31408 DrmHelper               com.halil.ozel.exoplayerdemo         D    HTTP Headers: {User-Agent=plaYtv/7.1.3 (Linux;Android 14) ExoPlayerLib/2.11.7, Referer=https://www.jiotv.com/, Origin=https://www.jiotv.com}
2026-04-28 13:55:23.127 31408-31408 DrmHelper               com.halil.ozel.exoplayerdemo         D  ========== START DrmHelper.createMediaSource DRM handling ==========
2026-04-28 13:55:23.127 31408-31408 DrmHelper               com.halil.ozel.exoplayerdemo         D  licenseType: clearkey
2026-04-28 13:55:23.127 31408-31408 DrmHelper               com.halil.ozel.exoplayerdemo         D  licenseKey: https://servertvhub.site/superlive/keys.php?id=897
2026-04-28 13:55:23.128 31408-31408 DrmHelper               com.halil.ozel.exoplayerdemo         D  httpHeaders: {User-Agent=plaYtv/7.1.3 (Linux;Android 14) ExoPlayerLib/2.11.7, Referer=https://www.jiotv.com/, Origin=https://www.jiotv.com}
2026-04-28 13:55:23.128 31408-31408 DrmHelper               com.halil.ozel.exoplayerdemo         D  Processing clearkey DRM...
2026-04-28 13:55:23.128 31408-31408 LicenseKeyHandler       com.halil.ozel.exoplayerdemo         D  ========== START processLicenseKey ==========
2026-04-28 13:55:23.128 31408-31408 LicenseKeyHandler       com.halil.ozel.exoplayerdemo         D  License key: https://servertvhub.site/superlive/keys.php?id=897...
2026-04-28 13:55:23.128 31408-31408 LicenseKeyHandler       com.halil.ozel.exoplayerdemo         D  HTTP Headers: {User-Agent=plaYtv/7.1.3 (Linux;Android 14) ExoPlayerLib/2.11.7, Referer=https://www.jiotv.com/, Origin=https://www.jiotv.com}
2026-04-28 13:55:23.128 31408-31408 LicenseKeyHandler       com.halil.ozel.exoplayerdemo         D  Detected URL format, calling fetchKeysFromServer
2026-04-28 13:55:23.128 31408-31408 LicenseKeyHandler       com.halil.ozel.exoplayerdemo         D  ========== START fetchKeysFromServer ==========
2026-04-28 13:55:23.128 31408-31408 LicenseKeyHandler       com.halil.ozel.exoplayerdemo         D  URL: https://servertvhub.site/superlive/keys.php?id=897
2026-04-28 13:55:23.128 31408-31408 LicenseKeyHandler       com.halil.ozel.exoplayerdemo         D  HTTP Headers: {User-Agent=plaYtv/7.1.3 (Linux;Android 14) ExoPlayerLib/2.11.7, Referer=https://www.jiotv.com/, Origin=https://www.jiotv.com}
2026-04-28 13:55:23.129 31408-31843 LicenseKeyHandler       com.halil.ozel.exoplayerdemo         D  Trying GET method...
2026-04-28 13:55:23.429 31408-31843 LicenseKeyHandler       com.halil.ozel.exoplayerdemo         D  License server response code: 200
2026-04-28 13:55:23.431 31408-31843 LicenseKeyHandler       com.halil.ozel.exoplayerdemo         D  License server response length: 181
2026-04-28 13:55:23.432 31408-31843 LicenseKeyHandler       com.halil.ozel.exoplayerdemo         D  License server response: {
                                                                                                        "keys": [
                                                                                                            {
                                                                                                                "kty": "oct",
                                                                                                                "kid": "DQMXtXwEWEKnAEg6RvEhLg",
                                                                                                                "k": "zZ8HpD6Jsyvzrxv8fmyEsg"
                                                                                                            }
                                                                                                        ],
                                                                                                        "type": "temporary"
                                                                                                    }
2026-04-28 13:55:23.435 31408-31408 LicenseKeyHandler       com.halil.ozel.exoplayerdemo         D  ========== END fetchKeysFromServer, result: Success(kidHex=0d0317b57c045842a700483a46f1212e, keyHex=cd9f07a43e89b32bf3af1bfc7e6c84b2, clearKeyJson={"keys":[{"kty":"oct","k":"zZ8HpD6Jsyvzrxv8fmyEsg","kid":"DQMXtXwEWEKnAEg6RvEhLg"}],"type":"temporary"}) ==========
2026-04-28 13:55:23.435 31408-31408 LicenseKeyHandler       com.halil.ozel.exoplayerdemo         D  processLicenseKey result: Success(kidHex=0d0317b57c045842a700483a46f1212e, keyHex=cd9f07a43e89b32bf3af1bfc7e6c84b2, clearKeyJson={"keys":[{"kty":"oct","k":"zZ8HpD6Jsyvzrxv8fmyEsg","kid":"DQMXtXwEWEKnAEg6RvEhLg"}],"type":"temporary"})
2026-04-28 13:55:23.435 31408-31408 LicenseKeyHandler       com.halil.ozel.exoplayerdemo         D  ========== END processLicenseKey ==========
2026-04-28 13:55:23.436 31408-31408 DrmHelper               com.halil.ozel.exoplayerdemo         D  SUCCESS: License key processed - KID: 0d0317b57c045842a700483a46f1212e, KEY: cd9f07a43e89b32bf3af1bfc7e6c84b2
2026-04-28 13:55:23.436 31408-31408 DrmHelper               com.halil.ozel.exoplayerdemo         D  ClearKey JSON: {"keys":[{"kty":"oct","k":"zZ8HpD6Jsyvzrxv8fmyEsg","kid":"DQMXtXwEWEKnAEg6RvEhLg"}],"type":"temporary"}
2026-04-28 13:55:23.436 31408-31408 DrmHelper               com.halil.ozel.exoplayerdemo         D  ========== START createClearKeyDrmSessionManagerFromHex ==========
2026-04-28 13:55:23.436 31408-31408 DrmHelper               com.halil.ozel.exoplayerdemo         D  KID (hex): 0d0317b57c045842a700483a46f1212e
2026-04-28 13:55:23.436 31408-31408 DrmHelper               com.halil.ozel.exoplayerdemo         D  KEY (hex): cd9f07a43e89b32bf3af1bfc7e6c84b2
2026-04-28 13:55:23.436 31408-31408 DrmHelper               com.halil.ozel.exoplayerdemo         D  UUID: e2719d58-a985-b3c9-781a-b030af78d30e
2026-04-28 13:55:23.437 31408-31408 DrmHelper               com.halil.ozel.exoplayerdemo         D  Built ClearKey JSON: {"keys":[{"kty":"oct","k":"zZ8HpD6Jsyvzrxv8fmyEsg==","kid":"DQMXtXwEWEKnAEg6RvEhLg=="}],"type":"temporary"}
2026-04-28 13:55:23.438 31408-31408 DrmHelper               com.halil.ozel.exoplayerdemo         D  Created LocalMediaDrmCallback
2026-04-28 13:55:23.438 31408-31408 DrmHelper               com.halil.ozel.exoplayerdemo         D  Built DefaultDrmSessionManager.Builder
2026-04-28 13:55:23.439 31408-31408 DrmHelper               com.halil.ozel.exoplayerdemo         D  Built DrmSessionManager
2026-04-28 13:55:23.439 31408-31408 DrmHelper               com.halil.ozel.exoplayerdemo         D  ========== END createClearKeyDrmSessionManagerFromHex ==========
2026-04-28 13:55:23.439 31408-31408 DrmHelper               com.halil.ozel.exoplayerdemo         D  Created DRM session manager from hex keys
2026-04-28 13:55:23.441 31408-31408 DrmHelper               com.halil.ozel.exoplayerdemo         D  Applied request properties to data source: {Referer=https://www.jiotv.com/, Origin=https://www.jiotv.com, Accept=*/*, Accept-Encoding=identity}
2026-04-28 13:55:23.442 31408-31408 DrmHelper               com.halil.ozel.exoplayerdemo         D  Stream URL: https://servertvhub.site/superlive/mpd.php?id=897, Detected MIME type: application/dash+xml (isHls: false)
2026-04-28 13:55:23.442 31408-31408 DrmHelper               com.halil.ozel.exoplayerdemo         D  Using custom drmSessionManager for MediaItem
2026-04-28 13:55:23.443 31408-31408 DrmHelper               com.halil.ozel.exoplayerdemo         D  Creating DASH media source
2026-04-28 13:55:23.443 31408-31408 ExoPlayerDemo           com.halil.ozel.exoplayerdemo         D  MediaSource created successfully, preparing player...
2026-04-28 13:55:23.451 31408-31408 ExoPlayerDemo           com.halil.ozel.exoplayerdemo         D  Position discontinuity: 0 -> 0
2026-04-28 13:55:23.459 31408-31408 ExoPlayerDemo           com.halil.ozel.exoplayerdemo         D  Position discontinuity: 0 -> 0
2026-04-28 13:55:23.461 31408-31484 DrmHalHidl              com.halil.ozel.exoplayerdemo         I  No hidl drm factories found
2026-04-28 13:55:23.463 31408-31408 ExoPlayerDemo           com.halil.ozel.exoplayerdemo         D  PlaybackState changed to: BUFFERING
2026-04-28 13:55:23.463 31408-31408 ExoPlayerDemo           com.halil.ozel.exoplayerdemo         D  Player is buffering - waiting for data...
2026-04-28 13:55:23.464 31408-31484 DrmHalHidl              com.halil.ozel.exoplayerdemo         E  Failed to find passthrough drm factories
2026-04-28 13:55:23.466 31408-31484 DrmUtils                com.halil.ozel.exoplayerdemo         I  found IDrmFactory. Instance name:[android.hardware.drm.IDrmFactory/clearkey]
2026-04-28 13:55:23.467 31408-31484 DrmUtils                com.halil.ozel.exoplayerdemo         I  found IDrmFactory. Instance name:[android.hardware.drm.IDrmFactory/wfdhdcp]
2026-04-28 13:55:23.468 31408-31484 DrmUtils                com.halil.ozel.exoplayerdemo         I  found IDrmFactory. Instance name:[android.hardware.drm.IDrmFactory/widevine]
2026-04-28 13:55:23.473 31408-31408 callGcSupression        com.halil.ozel.exoplayerdemo         D  java.lang.NullPointerException: Attempt to invoke virtual method 'java.lang.Object java.lang.reflect.Method.invoke(java.lang.Object, java.lang.Object[])' on a null object reference
2026-04-28 13:55:23.473 31408-31408 ScrollOpti...neManager] com.halil.ozel.exoplayerdemo         D  updateCurrentActivity: mCurrentActivityName=null, isOptEnable=true, isAnimAheadEnable=true, isFrameInsertEnable=true, InsertNum=1, isEnabledForScrollChanged=false
2026-04-28 13:55:23.473 31408-31484 DrmHalAidl              com.halil.ozel.exoplayerdemo         E  uuid=[e2719d58a985b3c9 781ab030af78d30e] Failed to make drm plugin: 4
2026-04-28 13:55:23.474 31408-31484 DrmHalAidl              com.halil.ozel.exoplayerdemo         E  uuid=[e2719d58a985b3c9 781ab030af78d30e] Failed to make drm plugin: 4
2026-04-28 13:55:23.475 31408-31408 ExoPlayerDemo           com.halil.ozel.exoplayerdemo         D  Releasing player at position: 0ms
2026-04-28 13:55:23.475 31408-31408 ExoPlayerImpl           com.halil.ozel.exoplayerdemo         I  Release 6bd4f67 [AndroidXMedia3/1.7.1] [RE5CA6L1, RMX3851, realme, 34] [media3.common, media3.ui, media3.exoplayer, media3.decoder, media3.exoplayer.dash, media3.datasource, media3.extractor]
2026-04-28 13:55:23.497 31408-31408 VRI[MainActivity]       com.halil.ozel.exoplayerdemo         D  setWindowStopped stopped:true
2026-04-28 13:55:23.515 31408-31408 SurfaceView             com.halil.ozel.exoplayerdemo         I  215031507 surfaceDestroyed
2026-04-28 13:55:23.515 31408-31408 BufferQueueProducer     com.halil.ozel.exoplayerdemo         D  [](id:7ab000000001,api:0,p:-1,c:31408) disconnect: api -1
