2026-04-28 13:54:33.380  2990-3348  PackageMan...ilsExtImpl system_server                        E  Fix up user restrict data of pkg: com.halil.ozel.exoplayerdemo
2026-04-28 13:54:33.678  5968-5968  OplusQConfigSetting     com.oplus.persist.multimedia         E  not whitelist com.halil.ozel.exoplayerdemo
2026-04-28 13:54:34.263  2227-30385 SG::OCSCacheHelper      com.oplus.pantanal.ums               E  checkFromPackageReceiver resolvedInfo is empty,pkg = com.halil.ozel.exoplayerdemo
2026-04-28 13:54:34.268  2227-30385 SG::OCSCacheHelper      com.oplus.pantanal.ums               E  checkFromPackageReceiver resolvedInfo is empty,pkg = com.halil.ozel.exoplayerdemo
2026-04-28 13:54:35.596  2990-4230  UAH_JNI                 system_server                        E  uah_event_acquire ! cmdId: 1 ,strPkg: com.halil.ozel.exoplayerdemo, strIdent: com.android.server.wm, timeout: 2000
2026-04-28 13:54:35.623  1722-1722  qspmHal                 vendor.qti.qspmhal-service           E  setAppInfoH atPid = 30632, gpuFname:com.halil.ozel.exoplayerdemo, gpuFver:21
2026-04-28 13:54:35.675  2990-4230  UAH_JNI                 system_server                        E  uah_event_acquire ! cmdId: 0 ,strPkg: com.halil.ozel.exoplayerdemo, strIdent: com.android.server.wm, timeout: 720
2026-04-28 13:54:35.684  2990-3234  OplusThermalStats       system_server                        E  Error getting package info: com.halil.ozel.exoplayerdemo
---------------------------- PROCESS STARTED (30632) for package com.halil.ozel.exoplayerdemo ----------------------------
2026-04-28 13:54:35.774 30632-30632 libc                    com.halil.ozel.exoplayerdemo         W  Access denied finding property "ro.odm.prev.product.name"
2026-04-28 13:54:35.917 30632-30632 nativeloader            com.halil.ozel.exoplayerdemo         D  Configuring clns-4 for other apk /data/app/~~qWC8bxk0hk9-hKx25Qsc9A==/com.halil.ozel.exoplayerdemo-skwlXl04azi2cybzA-yVHw==/base.apk. target_sdk_version=35, uses_libraries=, library_path=/data/app/~~qWC8bxk0hk9-hKx25Qsc9A==/com.halil.ozel.exoplayerdemo-skwlXl04azi2cybzA-yVHw==/lib/arm64, permitted_path=/data:/mnt/expand:/data/user/0/com.halil.ozel.exoplayerdemo
2026-04-28 13:54:35.923 30632-30632 nativeloader            com.halil.ozel.exoplayerdemo         D  Load libframework-connectivity-jni.so using APEX ns com_android_tethering for caller /apex/com.android.tethering/javalib/framework-connectivity.jar: ok
2026-04-28 13:54:35.927 30632-30632 GraphicsEnvironment     com.halil.ozel.exoplayerdemo         V  Currently set values for:
2026-04-28 13:54:35.927 30632-30632 GraphicsEnvironment     com.halil.ozel.exoplayerdemo         V    angle_gl_driver_selection_pkgs=[]
2026-04-28 13:54:35.927 30632-30632 GraphicsEnvironment     com.halil.ozel.exoplayerdemo         V    angle_gl_driver_selection_values=[]
2026-04-28 13:54:35.927 30632-30632 GraphicsEnvironment     com.halil.ozel.exoplayerdemo         V  ANGLE GameManagerService for com.halil.ozel.exoplayerdemo: false
2026-04-28 13:54:35.927 30632-30632 GraphicsEnvironment     com.halil.ozel.exoplayerdemo         V  com.halil.ozel.exoplayerdemo is not listed in per-application setting
2026-04-28 13:54:35.927 30632-30632 GraphicsEnvironment     com.halil.ozel.exoplayerdemo         V  Updatable production driver is not supported on the device.
2026-04-28 13:54:35.931 30632-30632 ResourcesManagerExtImpl com.halil.ozel.exoplayerdemo         D  applyConfigurationToAppResourcesLocked app.getDisplayId() return callback.displayId:-1
2026-04-28 13:54:35.938 30632-30632 nativeloader            com.halil.ozel.exoplayerdemo         D  Load libSchedAssistJni.so using system ns (caller=/system/framework/oplus-framework.jar): ok
2026-04-28 13:54:35.938 30632-30632 ExtensionsLoader        com.halil.ozel.exoplayerdemo         D  createInstance(64bit) : createExtendedFactory
2026-04-28 13:54:35.938 30632-30632 ExtensionsLoader        com.halil.ozel.exoplayerdemo         D  Opened libSchedAssistExtImpl.so
2026-04-28 13:54:35.938 30632-30632 SchedAssist             com.halil.ozel.exoplayerdemo         E  sysOpen failed with error=Permission denied
2026-04-28 13:54:35.938 30632-30632 SchedAssist             com.halil.ozel.exoplayerdemo         E  sharedImFd failed with error=Permission denied
2026-04-28 13:54:35.943 30632-30632 OplusGraphicsEvent      com.halil.ozel.exoplayerdemo         D  OplusGraphicsEventListener create now!
2026-04-28 13:54:35.944 30632-30632 OplusGraphicsEvent      com.halil.ozel.exoplayerdemo         D  addEventListener success!
2026-04-28 13:54:35.946  2990-6798  ScrollOpti...rfService] system_server                        E  isScrollOptimEnable: pkgName = com.halil.ozel.exoplayerdemo, output = Bundle[{pre_anim_enable=true, frame_insert_list=null, frame_insert_default_num=1, scroll_changed_enable_list=null}]
2026-04-28 13:54:35.946 30632-30632 ScrollOpti...igManager] com.halil.ozel.exoplayerdemo         D  initOptConfig: pkg= com.halil.ozel.exoplayerdemo, mOptEnable= true, mAnimAheadEnable= true, mInsertDefaultNum= 1, mFrameInsertEnableList= {}, mSCEnableList= []
2026-04-28 13:54:35.949 30632-30632 callGcSupression        com.halil.ozel.exoplayerdemo         D  java.lang.NullPointerException: Attempt to invoke virtual method 'java.lang.Object java.lang.reflect.Method.invoke(java.lang.Object, java.lang.Object[])' on a null object reference
2026-04-28 13:54:35.957 30632-30684 l.exoplayerdemo         com.halil.ozel.exoplayerdemo         E  Loaded layer handle (8952271022398474593) for layer /my_product/lib64/libcolorx-loader.so
2026-04-28 13:54:35.957 30632-30684 l.exoplayerdemo         com.halil.ozel.exoplayerdemo         E  Looking for entrypoint ColorX_Check
2026-04-28 13:54:35.957 30632-30684 l.exoplayerdemo         com.halil.ozel.exoplayerdemo         E  Found ColorX_Check for /my_product/lib64/libcolorx-loader.so
2026-04-28 13:54:35.957 30632-30684 l.exoplayerdemo         com.halil.ozel.exoplayerdemo         E  Check failed
2026-04-28 13:54:35.963 30632-30632 ResourcesManagerExtImpl com.halil.ozel.exoplayerdemo         D  applyConfigurationToAppResourcesLocked app.getDisplayId() return callback.displayId:-1
2026-04-28 13:54:35.977 30632-30632 oplus.andr...actoryImpl com.halil.ozel.exoplayerdemo         I  Unknow feature:IOplusTextViewRTLUtilForUG
2026-04-28 13:54:35.979 30632-30632 nativeloader            com.halil.ozel.exoplayerdemo         D  Load liboplushwui_jni.so using system ns (caller=/system/framework/oplus-framework.jar): ok
2026-04-28 13:54:35.994 30632-30632 OplusCusto...ionManager com.halil.ozel.exoplayerdemo         E  sInstance is null, start a new sInstance
2026-04-28 13:54:35.997 30632-30632 Compatibil...geReporter com.halil.ozel.exoplayerdemo         D  Compat change id reported: 210923482; UID 10462; state: ENABLED
2026-04-28 13:54:35.999 30632-30632 ExtensionsLoader        com.halil.ozel.exoplayerdemo         D  createInstance(64bit) : createExtendedFactory
2026-04-28 13:54:35.999 30632-30632 ExtensionsLoader        com.halil.ozel.exoplayerdemo         D  Opened libguiextimpl.so
2026-04-28 13:54:35.999 30632-30632 nativeloader            com.halil.ozel.exoplayerdemo         D  Load liboplusgui_jni.so using system ns (caller=/system/framework/oplus-framework.jar): ok
2026-04-28 13:54:36.014 30632-30632 Compatibil...geReporter com.halil.ozel.exoplayerdemo         D  Compat change id reported: 171228096; UID 10462; state: ENABLED
2026-04-28 13:54:36.014 30632-30632 ScrollOpti...tionHelper com.halil.ozel.exoplayerdemo         D  can't find the config file for optimizaiton
2026-04-28 13:54:36.014 30632-30632 ScrollOpti...tionHelper com.halil.ozel.exoplayerdemo         D  will not debug for debug is false
2026-04-28 13:54:36.014 30632-30632 oplus.andr...actoryImpl com.halil.ozel.exoplayerdemo         I  get feature:IOplusDynamicVsyncFeature
2026-04-28 13:54:36.014 30632-30632 oplus.andr...actoryImpl com.halil.ozel.exoplayerdemo         I  get feature:IOplusDynamicVsyncFeature
2026-04-28 13:54:36.014 30632-30632 oplus.andr...actoryImpl com.halil.ozel.exoplayerdemo         I  get feature:IOplusDynamicVsyncFeature
2026-04-28 13:54:36.038 30632-30632 oplus.andr...actoryImpl com.halil.ozel.exoplayerdemo         I  get feature:IOplusDynamicVsyncFeature
2026-04-28 13:54:36.038 30632-30632 oplus.andr...actoryImpl com.halil.ozel.exoplayerdemo         I  get feature:IOplusDynamicVsyncFeature
2026-04-28 13:54:36.038 30632-30632 oplus.andr...actoryImpl com.halil.ozel.exoplayerdemo         I  get feature:IOplusDynamicVsyncFeature
2026-04-28 13:54:36.044 30632-30632 DynamicFra...igManager] com.halil.ozel.exoplayerdemo         I  initFrameRateConfig: 
                                                                                                    	levels: [120, 60]
                                                                                                    	thresholds: [200]
                                                                                                    	scrollbar fade frame rate: 0
2026-04-28 13:54:36.044 30632-30632 DynamicFra...igManager] com.halil.ozel.exoplayerdemo         I  FRTCConfigManager: FRTC_CAPABILITY = 120, package name = com.halil.ozel.exoplayerdemo, WINDOW_ANIMATION_SPEED_RATE = 10, SCROLL_ANIMATION_SPEED_RATE = 20, MuitiWindowIdleFramerate = 60, PACKAGE_ENABLE = false
2026-04-28 13:54:36.044 30632-30632 DynamicFra...ontroller] com.halil.ozel.exoplayerdemo         I  init info: mPackageName = com.halil.ozel.exoplayerdemo, mIsEnabled = false
2026-04-28 13:54:36.052 30632-30632 OplusWindowManager      com.halil.ozel.exoplayerdemo         D  get WMS extension: android.os.BinderProxy@eb7e58b
2026-04-28 13:54:36.055 30632-30632 ExoPlayerDemo           com.halil.ozel.exoplayerdemo         D  Preparing ExoPlayer...
2026-04-28 13:54:36.059 30632-30632 ExoPlayerImpl           com.halil.ozel.exoplayerdemo         I  Init 6bd4f67 [AndroidXMedia3/1.7.1] [RE5CA6L1, RMX3851, realme, 34]
2026-04-28 13:54:36.068 30632-30632 l.exoplayerdemo         com.halil.ozel.exoplayerdemo         I  hiddenapi: Accessing hidden method Landroid/media/AudioTrack;->getLatency()I (runtime_flags=0, domain=platform, api=unsupported) from Landroidx/media3/exoplayer/audio/AudioTrackPositionTracker; (domain=app, TargetSdkVersion=35) using reflection: allowed
2026-04-28 13:54:36.084 30632-30632 OpenGLRenderer          com.halil.ozel.exoplayerdemo         D  --- Failed to create image decoder with message 'unimplemented'
2026-04-28 13:54:36.084 30632-30632 ExoPlayerDemo           com.halil.ozel.exoplayerdemo         D  ExoPlayer created, loading channel...
2026-04-28 13:54:36.088 30632-30632 ExoPlayerDemo           com.halil.ozel.exoplayerdemo         D  Parsed 1 channels
2026-04-28 13:54:36.088 30632-30632 ExoPlayerDemo           com.halil.ozel.exoplayerdemo         D  Playing channel: Gemini TV HD, URL: https://servertvhub.site/superlive/mpd.php?id=897
2026-04-28 13:54:36.088 30632-30632 ExoPlayerDemo           com.halil.ozel.exoplayerdemo         D  Playing channel: Gemini TV HD
2026-04-28 13:54:36.088 30632-30632 ExoPlayerDemo           com.halil.ozel.exoplayerdemo         D  Stream URL: https://servertvhub.site/superlive/mpd.php?id=897
2026-04-28 13:54:36.088 30632-30632 ExoPlayerDemo           com.halil.ozel.exoplayerdemo         D  License Type: clearkey
2026-04-28 13:54:36.088 30632-30632 ExoPlayerDemo           com.halil.ozel.exoplayerdemo         D  License Key: https://servertvhub.site/superlive/keys.php?id=897
2026-04-28 13:54:36.088 30632-30632 ExoPlayerDemo           com.halil.ozel.exoplayerdemo         D  HTTP Headers: {}
2026-04-28 13:54:36.088 30632-30632 ExoPlayerDemo           com.halil.ozel.exoplayerdemo         D  User Agent: null
2026-04-28 13:54:36.088 30632-30632 ExoPlayerDemo           com.halil.ozel.exoplayerdemo         D  Final HTTP Headers: {User-Agent=plaYtv/7.1.3 (Linux;Android 14) ExoPlayerLib/2.11.7, Referer=https://www.jiotv.com/, Origin=https://www.jiotv.com}
2026-04-28 13:54:36.088 30632-30632 DrmHelper               com.halil.ozel.exoplayerdemo         D  createMediaSource called
2026-04-28 13:54:36.088 30632-30632 DrmHelper               com.halil.ozel.exoplayerdemo         D    Stream URL: https://servertvhub.site/superlive/mpd.php?id=897
2026-04-28 13:54:36.088 30632-30632 DrmHelper               com.halil.ozel.exoplayerdemo         D    License Type: clearkey
2026-04-28 13:54:36.088 30632-30632 DrmHelper               com.halil.ozel.exoplayerdemo         D    License Key: https://servertvhub.site/superlive/keys.php?id=897
2026-04-28 13:54:36.088 30632-30632 DrmHelper               com.halil.ozel.exoplayerdemo         D    HTTP Headers: {User-Agent=plaYtv/7.1.3 (Linux;Android 14) ExoPlayerLib/2.11.7, Referer=https://www.jiotv.com/, Origin=https://www.jiotv.com}
2026-04-28 13:54:36.089 30632-30632 DrmHelper               com.halil.ozel.exoplayerdemo         D  ========== START DrmHelper.createMediaSource DRM handling ==========
2026-04-28 13:54:36.089 30632-30632 DrmHelper               com.halil.ozel.exoplayerdemo         D  licenseType: clearkey
2026-04-28 13:54:36.089 30632-30632 DrmHelper               com.halil.ozel.exoplayerdemo         D  licenseKey: https://servertvhub.site/superlive/keys.php?id=897
2026-04-28 13:54:36.089 30632-30632 DrmHelper               com.halil.ozel.exoplayerdemo         D  httpHeaders: {User-Agent=plaYtv/7.1.3 (Linux;Android 14) ExoPlayerLib/2.11.7, Referer=https://www.jiotv.com/, Origin=https://www.jiotv.com}
2026-04-28 13:54:36.089 30632-30632 DrmHelper               com.halil.ozel.exoplayerdemo         D  Processing clearkey DRM...
2026-04-28 13:54:36.089 30632-30632 LicenseKeyHandler       com.halil.ozel.exoplayerdemo         D  ========== START processLicenseKey ==========
2026-04-28 13:54:36.090 30632-30632 LicenseKeyHandler       com.halil.ozel.exoplayerdemo         D  License key: https://servertvhub.site/superlive/keys.php?id=897...
2026-04-28 13:54:36.090 30632-30632 LicenseKeyHandler       com.halil.ozel.exoplayerdemo         D  HTTP Headers: {User-Agent=plaYtv/7.1.3 (Linux;Android 14) ExoPlayerLib/2.11.7, Referer=https://www.jiotv.com/, Origin=https://www.jiotv.com}
2026-04-28 13:54:36.090 30632-30632 LicenseKeyHandler       com.halil.ozel.exoplayerdemo         D  Detected URL format, calling fetchKeysFromServer
2026-04-28 13:54:36.090 30632-30632 LicenseKeyHandler       com.halil.ozel.exoplayerdemo         D  ========== START fetchKeysFromServer ==========
2026-04-28 13:54:36.090 30632-30632 LicenseKeyHandler       com.halil.ozel.exoplayerdemo         D  URL: https://servertvhub.site/superlive/keys.php?id=897
2026-04-28 13:54:36.090 30632-30632 LicenseKeyHandler       com.halil.ozel.exoplayerdemo         D  HTTP Headers: {User-Agent=plaYtv/7.1.3 (Linux;Android 14) ExoPlayerLib/2.11.7, Referer=https://www.jiotv.com/, Origin=https://www.jiotv.com}
2026-04-28 13:54:36.091 30632-30696 LicenseKeyHandler       com.halil.ozel.exoplayerdemo         D  Trying GET method...
2026-04-28 13:54:36.507 30632-30696 LicenseKeyHandler       com.halil.ozel.exoplayerdemo         D  License server response code: 200
2026-04-28 13:54:36.509 30632-30696 LicenseKeyHandler       com.halil.ozel.exoplayerdemo         D  License server response length: 181
2026-04-28 13:54:36.509 30632-30696 LicenseKeyHandler       com.halil.ozel.exoplayerdemo         D  License server response: {
                                                                                                        "keys": [
                                                                                                            {
                                                                                                                "kty": "oct",
                                                                                                                "kid": "DQMXtXwEWEKnAEg6RvEhLg",
                                                                                                                "k": "zZ8HpD6Jsyvzrxv8fmyEsg"
                                                                                                            }
                                                                                                        ],
                                                                                                        "type": "temporary"
                                                                                                    }
2026-04-28 13:54:36.520 30632-30632 LicenseKeyHandler       com.halil.ozel.exoplayerdemo         D  ========== END fetchKeysFromServer, result: Success(kidHex=0d0317b57c045842a700483a46f1212e, keyHex=cd9f07a43e89b32bf3af1bfc7e6c84b2, clearKeyJson={"keys":[{"kty":"oct","k":"zZ8HpD6Jsyvzrxv8fmyEsg","kid":"DQMXtXwEWEKnAEg6RvEhLg"}],"type":"temporary"}) ==========
2026-04-28 13:54:36.520 30632-30632 LicenseKeyHandler       com.halil.ozel.exoplayerdemo         D  processLicenseKey result: Success(kidHex=0d0317b57c045842a700483a46f1212e, keyHex=cd9f07a43e89b32bf3af1bfc7e6c84b2, clearKeyJson={"keys":[{"kty":"oct","k":"zZ8HpD6Jsyvzrxv8fmyEsg","kid":"DQMXtXwEWEKnAEg6RvEhLg"}],"type":"temporary"})
2026-04-28 13:54:36.520 30632-30632 LicenseKeyHandler       com.halil.ozel.exoplayerdemo         D  ========== END processLicenseKey ==========
2026-04-28 13:54:36.520 30632-30632 DrmHelper               com.halil.ozel.exoplayerdemo         D  SUCCESS: License key processed - KID: 0d0317b57c045842a700483a46f1212e, KEY: cd9f07a43e89b32bf3af1bfc7e6c84b2
2026-04-28 13:54:36.520 30632-30632 DrmHelper               com.halil.ozel.exoplayerdemo         D  ClearKey JSON: {"keys":[{"kty":"oct","k":"zZ8HpD6Jsyvzrxv8fmyEsg","kid":"DQMXtXwEWEKnAEg6RvEhLg"}],"type":"temporary"}
2026-04-28 13:54:36.520 30632-30632 DrmHelper               com.halil.ozel.exoplayerdemo         D  ========== START createClearKeyDrmSessionManagerFromHex ==========
2026-04-28 13:54:36.520 30632-30632 DrmHelper               com.halil.ozel.exoplayerdemo         D  KID (hex): 0d0317b57c045842a700483a46f1212e
2026-04-28 13:54:36.520 30632-30632 DrmHelper               com.halil.ozel.exoplayerdemo         D  KEY (hex): cd9f07a43e89b32bf3af1bfc7e6c84b2
2026-04-28 13:54:36.520 30632-30632 DrmHelper               com.halil.ozel.exoplayerdemo         D  UUID: e2719d58-a985-b3c9-781a-b030af78d30e
2026-04-28 13:54:36.522 30632-30632 DrmHelper               com.halil.ozel.exoplayerdemo         D  Built ClearKey JSON: {"keys":[{"kty":"oct","k":"zZ8HpD6Jsyvzrxv8fmyEsg==","kid":"DQMXtXwEWEKnAEg6RvEhLg=="}],"type":"temporary"}
2026-04-28 13:54:36.522 30632-30632 DrmHelper               com.halil.ozel.exoplayerdemo         D  Created LocalMediaDrmCallback
2026-04-28 13:54:36.523 30632-30632 DrmHelper               com.halil.ozel.exoplayerdemo         D  Built DefaultDrmSessionManager.Builder
2026-04-28 13:54:36.526 30632-30632 DrmHelper               com.halil.ozel.exoplayerdemo         D  Built DrmSessionManager
2026-04-28 13:54:36.526 30632-30632 DrmHelper               com.halil.ozel.exoplayerdemo         D  ========== END createClearKeyDrmSessionManagerFromHex ==========
2026-04-28 13:54:36.526 30632-30632 DrmHelper               com.halil.ozel.exoplayerdemo         D  Created DRM session manager from hex keys
2026-04-28 13:54:36.526 30632-30632 DrmHelper               com.halil.ozel.exoplayerdemo         D  Applied request properties to data source: {Referer=https://www.jiotv.com/, Origin=https://www.jiotv.com, Accept=*/*, Accept-Encoding=identity}
2026-04-28 13:54:36.526 30632-30632 DrmHelper               com.halil.ozel.exoplayerdemo         D  Stream URL: https://servertvhub.site/superlive/mpd.php?id=897, Detected MIME type: application/dash+xml (isHls: false)
2026-04-28 13:54:36.526 30632-30632 DrmHelper               com.halil.ozel.exoplayerdemo         D  Using custom drmSessionManager for MediaItem
2026-04-28 13:54:36.526 30632-30632 DrmHelper               com.halil.ozel.exoplayerdemo         D  Creating DASH media source
2026-04-28 13:54:36.530 30632-30632 ExoPlayerDemo           com.halil.ozel.exoplayerdemo         D  MediaSource created successfully, preparing player...
2026-04-28 13:54:36.532 30632-30632 ExoPlayerDemo           com.halil.ozel.exoplayerdemo         D  Position discontinuity: 0 -> 0
2026-04-28 13:54:36.532 30632-30632 ExoPlayerDemo           com.halil.ozel.exoplayerdemo         D  PlaybackState changed to: BUFFERING
2026-04-28 13:54:36.532 30632-30632 ExoPlayerDemo           com.halil.ozel.exoplayerdemo         D  Player is buffering - waiting for data...
2026-04-28 13:54:36.536 30632-30632 ScrollOpti...neManager] com.halil.ozel.exoplayerdemo         D  updateCurrentActivity: mCurrentActivityName=com.halil.ozel.exoplayerdemo.MainActivity, isOptEnable=true, isAnimAheadEnable=true, isFrameInsertEnable=true, InsertNum=1, isEnabledForScrollChanged=false
2026-04-28 13:54:36.536 30632-30632 ActivityThread          com.halil.ozel.exoplayerdemo         D  ComponentInfo{com.halil.ozel.exoplayerdemo/com.halil.ozel.exoplayerdemo.MainActivity} checkFinished=false 2
2026-04-28 13:54:36.536 30632-30632 ResourcesManagerExtImpl com.halil.ozel.exoplayerdemo         D  applyConfigurationToAppResourcesLocked app.getDisplayId() return callback.displayId:-1
2026-04-28 13:54:36.537 30632-30632 OplusInputMethodUtil    com.halil.ozel.exoplayerdemo         D  init sDebug to false, init sDebugIme to false, init sAlwaysOn to false
2026-04-28 13:54:36.537 30632-30632 OplusInputMethodUtil    com.halil.ozel.exoplayerdemo         D  updateDebugToClass InputMethodManager.DEBUG = false
2026-04-28 13:54:36.537 30632-30632 OplusInputMethodUtil    com.halil.ozel.exoplayerdemo         D  updateDebugToClass ImeFocusController.DEBUG = false
2026-04-28 13:54:36.537 30632-30632 OplusInputMethodUtil    com.halil.ozel.exoplayerdemo         D  updateDebugToClass BaseInputConnection.DEBUG = false
2026-04-28 13:54:36.543 30632-30632 Compatibil...geReporter com.halil.ozel.exoplayerdemo         D  Compat change id reported: 237531167; UID 10462; state: DISABLED
2026-04-28 13:54:36.543 30632-30694 DrmHalHidl              com.halil.ozel.exoplayerdemo         I  No hidl drm factories found
2026-04-28 13:54:36.544 30632-30694 DrmHalHidl              com.halil.ozel.exoplayerdemo         E  Failed to find passthrough drm factories
2026-04-28 13:54:36.544 30632-30632 WindowManager           com.halil.ozel.exoplayerdemo         D  Add to mViews: DecorView@68d030c[MainActivity],pkg= com.halil.ozel.exoplayerdemo
2026-04-28 13:54:36.545 30632-30682 ExtensionsLoader        com.halil.ozel.exoplayerdemo         D  createInstance(64bit) : createExtendedFactory
2026-04-28 13:54:36.546 30632-30694 DrmUtils                com.halil.ozel.exoplayerdemo         I  found IDrmFactory. Instance name:[android.hardware.drm.IDrmFactory/clearkey]
2026-04-28 13:54:36.547 30632-30694 DrmUtils                com.halil.ozel.exoplayerdemo         I  found IDrmFactory. Instance name:[android.hardware.drm.IDrmFactory/wfdhdcp]
2026-04-28 13:54:36.547 30632-30694 DrmUtils                com.halil.ozel.exoplayerdemo         I  found IDrmFactory. Instance name:[android.hardware.drm.IDrmFactory/widevine]
2026-04-28 13:54:36.548 30632-30682 ExtensionsLoader        com.halil.ozel.exoplayerdemo         D  Opened libhwuiextimpl.so
2026-04-28 13:54:36.548 30632-30632 ExtensionsLoader        com.halil.ozel.exoplayerdemo         D  createInstance(64bit) : createExtendedFactory
2026-04-28 13:54:36.548 30632-30632 ExtensionsLoader        com.halil.ozel.exoplayerdemo         D  Opened libSchedAssistExtImpl.so
2026-04-28 13:54:36.549 30632-30694 DrmHalAidl              com.halil.ozel.exoplayerdemo         E  uuid=[e2719d58a985b3c9 781ab030af78d30e] Failed to make drm plugin: 4
2026-04-28 13:54:36.551 30632-30694 DrmHalAidl              com.halil.ozel.exoplayerdemo         E  uuid=[e2719d58a985b3c9 781ab030af78d30e] Failed to make drm plugin: 4
2026-04-28 13:54:36.569 30632-30632 ViewRootImplExtImpl     com.halil.ozel.exoplayerdemo         D  onDisplayChanged -1 for VRI android.view.ViewRootImpl@4ea7a4
2026-04-28 13:54:36.570 30632-30632 libc                    com.halil.ozel.exoplayerdemo         W  Access denied finding property "ro.vendor.input.resample_latency_time"
2026-04-28 13:54:36.571 30632-30632 InputEventReceiver      com.halil.ozel.exoplayerdemo         D  Input log is disabled in InputEventReceiver.
2026-04-28 13:54:36.573 30632-30632 callGcSupression        com.halil.ozel.exoplayerdemo         D  java.lang.NullPointerException: Attempt to invoke virtual method 'java.lang.Object java.lang.reflect.Method.invoke(java.lang.Object, java.lang.Object[])' on a null object reference
2026-04-28 13:54:36.573 30632-30632 ResourcesManagerExtImpl com.halil.ozel.exoplayerdemo         D  applyConfigurationToAppResourcesLocked app.getDisplayId() return callback.displayId:-1
2026-04-28 13:54:36.573 30632-30632 callGcSupression        com.halil.ozel.exoplayerdemo         D  java.lang.NullPointerException: Attempt to invoke virtual method 'java.lang.Object java.lang.reflect.Method.invoke(java.lang.Object, java.lang.Object[])' on a null object reference
2026-04-28 13:54:36.574 30632-30632 callGcSupression        com.halil.ozel.exoplayerdemo         D  java.lang.NullPointerException: Attempt to invoke virtual method 'java.lang.Object java.lang.reflect.Method.invoke(java.lang.Object, java.lang.Object[])' on a null object reference
2026-04-28 13:54:36.574 30632-30632 ScrollOpti...neManager] com.halil.ozel.exoplayerdemo         D  updateCurrentActivity: mCurrentActivityName=null, isOptEnable=true, isAnimAheadEnable=true, isFrameInsertEnable=true, InsertNum=1, isEnabledForScrollChanged=false
2026-04-28 13:54:36.575 30632-30632 ExoPlayerDemo           com.halil.ozel.exoplayerdemo         D  Releasing player at position: 0ms
2026-04-28 13:54:36.575 30632-30632 ExoPlayerImpl           com.halil.ozel.exoplayerdemo         I  Release 6bd4f67 [AndroidXMedia3/1.7.1] [RE5CA6L1, RMX3851, realme, 34] [media3.common, media3.ui, media3.exoplayer, media3.decoder, media3.exoplayer.dash, media3.datasource]
2026-04-28 13:54:36.581 30632-30632 Choreographer           com.halil.ozel.exoplayerdemo         I  Skipped 37 frames!  The application may be doing too much work on its main thread.
2026-04-28 13:54:36.583 30632-30632 OplusBracketLog         com.halil.ozel.exoplayerdemo         E  [OplusViewMirrorManager] updateHostViewRootIfNeeded, not support android.view.ViewRootImpl@4ea7a4
2026-04-28 13:54:36.583 30632-30632 SurfaceView             com.halil.ozel.exoplayerdemo         I  215031507 onAttachedToWindow
2026-04-28 13:54:36.589 30632-30632 ViewRootImplExtImpl     com.halil.ozel.exoplayerdemo         D  wrapConfigInfoIntoFlags rotation=0, smallestScreenWidthDp=361, relayoutAsync=false, newFlags=23658496, title=com.halil.ozel.exoplayerdemo/com.halil.ozel.exoplayerdemo.MainActivity
2026-04-28 13:54:36.605 30632-30632 VRI[MainActivity]       com.halil.ozel.exoplayerdemo         D  relayoutWindow result, sizeChanged:true, surfaceControlChanged:true, transformHintChanged:true, mSurfaceSize:Point(1264, 2780), mLastSurfaceSize:Point(0, 0), mWidth:-1, mHeight:-1, requestedWidth:1264, requestedHeight:2780, transformHint:0, lastTransformHint:-2147483648, installOrientation:0, displayRotation:0, isSurfaceValid:true, attr.flag:-2122251904, useBlast:true, tmpFrames:ClientWindowFrames{frame=[0,0][1264,2780] display=[0,0][1264,2780] parentFrame=[0,0][0,0]}, params:{(0,0)(fillxfill) sim={adjust=pan forwardNavigation} ty=BASE_APPLICATION fmt=TRANSLUCENT wanim=0x10302fe
                                                                                                      fl=KEEP_SCREEN_ON LAYOUT_IN_SCREEN LAYOUT_INSET_DECOR SPLIT_TOUCH HARDWARE_ACCELERATED DRAWS_SYSTEM_BAR_BACKGROUNDS
                                                                                                      pfl=NO_MOVE_ANIMATION FORCE_DRAW_STATUS_BAR_BACKGROUND USE_BLAST FIT_INSETS_CONTROLLED
                                                                                                      bhv=DEFAULT
                                                                                                      fitSides= CLP[ ]}
2026-04-28 13:54:36.606 30632-30632 VRI[MainActivity]       com.halil.ozel.exoplayerdemo         W  updateBlastSurfaceIfNeeded, surfaceSize:Point(1264, 2780), lastSurfaceSize:Point(0, 0), format:-3, blastBufferQueue:null
2026-04-28 13:54:36.640 30632-30632 BufferQueueConsumer     com.halil.ozel.exoplayerdemo         D  [](id:77a800000000,api:0,p:-1,c:30632) connect: controlledByApp=false
2026-04-28 13:54:36.643 30632-30632 l.exoplayerdemo         com.halil.ozel.exoplayerdemo         W  Unable to find dolphin functions!
2026-04-28 13:54:36.644 30632-30632 ExtensionsLoader        com.halil.ozel.exoplayerdemo         D  createInstance(64bit) : createExtendedFactory
2026-04-28 13:54:36.644 30632-30632 ExtensionsLoader        com.halil.ozel.exoplayerdemo         D  Opened libSchedAssistExtImpl.so
2026-04-28 13:54:36.650 30632-30682 AdrenoGLES-0            com.halil.ozel.exoplayerdemo         I  QUALCOMM build                   : 26ced7efa1, I34176f3f01
                                                                                                    Build Date                       : 03/26/24
                                                                                                    OpenGL ES Shader Compiler Version: E031.45.02.08
                                                                                                    Local Branch                     : 
                                                                                                    Remote Branch                    : refs/tags/AU_LINUX_ANDROID_LA.VENDOR.14.3.0.11.00.00.973.498
                                                                                                    Remote Branch                    : NONE
                                                                                                    Reconstruct Branch               : NOTHING
2026-04-28 13:54:36.650 30632-30682 AdrenoGLES-0            com.halil.ozel.exoplayerdemo         I  Build Config                     : S P 16.1.2 AArch64
2026-04-28 13:54:36.650 30632-30682 AdrenoGLES-0            com.halil.ozel.exoplayerdemo         I  Driver Path                      : /vendor/lib64/egl/libGLESv2_adreno.so
2026-04-28 13:54:36.650 30632-30682 AdrenoGLES-0            com.halil.ozel.exoplayerdemo         I  Driver Version                   : 0762.14
2026-04-28 13:54:36.650 30632-30682 AdrenoGLES-0            com.halil.ozel.exoplayerdemo         I  Process Name                     : com.halil.ozel.exoplayerdemo
2026-04-28 13:54:36.656 30632-30632 OplusDisplayModeManager com.halil.ozel.exoplayerdemo         E  has been initialized.
2026-04-28 13:54:36.662 30632-30682 AdrenoGLES-0            com.halil.ozel.exoplayerdemo         I  PFP: 0x01310168, ME: 0x00000000
2026-04-28 13:54:36.669 30632-30632 BufferQueueConsumer     com.halil.ozel.exoplayerdemo         D  [](id:77a800000001,api:0,p:-1,c:30632) connect: controlledByApp=false
2026-04-28 13:54:36.677 30632-30682 AdrenoUtils             com.halil.ozel.exoplayerdemo         I  <ReadGpuID:357>: Reading chip ID through GSL
2026-04-28 13:54:36.697 30632-30632 SurfaceView             com.halil.ozel.exoplayerdemo         I  215031507 visibleChanged -- surfaceCreated 
2026-04-28 13:54:36.698 30632-30632 SurfaceView             com.halil.ozel.exoplayerdemo         D  215031507 handleSyncNoBuffer
2026-04-28 13:54:36.705 30632-30682 BufferQueueProducer     com.halil.ozel.exoplayerdemo         D  [VRI[MainActivity]#0(BLAST Consumer)0](id:77a800000000,api:1,p:30632,c:30632) connect: api=1 producerControlledByApp=true
2026-04-28 13:54:36.706 30632-30682 OpenGLRenderer          com.halil.ozel.exoplayerdemo         E  Unable to match the desired swap behavior.
2026-04-28 13:54:36.724 30632-30632 SurfaceView             com.halil.ozel.exoplayerdemo         D  215031507 finishedDrawing
2026-04-28 13:54:36.726 30632-30632 SurfaceView             com.halil.ozel.exoplayerdemo         D  215031507 performDrawFinished mAttachedToWindow true
2026-04-28 13:54:36.728 30632-30632 SurfaceControl          com.halil.ozel.exoplayerdemo         I   setExtendedRangeBrightness sc=Surface(name=com.halil.ozel.exoplayerdemo/com.halil.ozel.exoplayerdemo.MainActivity)/@0xc7d41d4,currentBufferRatio=1.0,desiredRatio=1.0
2026-04-28 13:54:36.731 30632-30632 SurfaceView             com.halil.ozel.exoplayerdemo         D  215031507 dispatchDraw mDrawFinished true isAboveParent false (mPrivateFlags & PFLAG_SKIP_DRAW) 128
2026-04-28 13:54:36.731 30632-30632 SurfaceView             com.halil.ozel.exoplayerdemo         D  215031507 clearSurfaceViewPort mCornerRadius 0.0
2026-04-28 13:54:36.733 30632-30632 Quality                 com.halil.ozel.exoplayerdemo         I  UISlowBinder:65603541
2026-04-28 13:54:36.827 30632-30682 BLASTBufferQueue        com.halil.ozel.exoplayerdemo         D  [VRI[MainActivity]#0](f:0,a:1) acquireNextBufferLocked size=1264x2780 mFrameNumber=1 applyTransaction=true mTimestamp=894170399549471(auto) mPendingTransactions.size=0 graphicBufferId=131563438211072 transform=0
2026-04-28 13:54:36.828 30632-30682 VRI[MainActivity]       com.halil.ozel.exoplayerdemo         D  Received frameCommittedCallback lastAttemptedDrawFrameNum=1 didProduceBuffer=true syncBuffer=false
2026-04-28 13:54:36.829 30632-30632 VRI[MainActivity]       com.halil.ozel.exoplayerdemo         D  draw finished.
2026-04-28 13:54:36.829 30632-30632 VRI[MainActivity]       com.halil.ozel.exoplayerdemo         D  reportDrawFinished
2026-04-28 13:54:36.829 30632-30632 ViewRootImplExtImpl     com.halil.ozel.exoplayerdemo         D  setMaxDequeuedBufferCount: 2
2026-04-28 13:54:36.833 30632-30632 ExoPlayerImplInternal   com.halil.ozel.exoplayerdemo         W  Ignoring messages sent after release.
2026-04-28 13:54:36.833 30632-30632 ExoPlayerImplInternal   com.halil.ozel.exoplayerdemo         W  Ignoring messages sent after release.
2026-04-28 13:54:36.844 30632-30659 OpenGLRenderer          com.halil.ozel.exoplayerdemo         I  Davey! duration=871ms; Flags=1, FrameTimelineVsyncId=182605454, IntendedVsync=894169540944472, Vsync=894170152693481, InputEventId=0, HandleInputStart=894170156123482, AnimationStart=894170156130774, PerformTraversalsStart=894170156225409, DrawStart=894170303103430, FrameDeadline=894169556944472, FrameInterval=894170155500565, FrameStartTime=16533757, SyncQueued=894170308194992, SyncStart=894170308415253, IssueDrawCommandsStart=894170310483951, SwapBuffers=894170398589211, FrameCompleted=894170412780201, DequeueBufferDuration=9217031, QueueBufferDuration=1655469, GpuCompleted=894170412780201, SwapBuffersCompleted=894170401536815, DisplayPresentTime=35192965653821, CommandSubmissionCompleted=894170398589211, 
2026-04-28 13:54:36.847 30632-30632 ViewRootImpl            com.halil.ozel.exoplayerdemo         E  SkipDraw reason : screen_off displaySource From Constructor 0 state 1 caller android.view.ViewRootImpl.<init>:1037 android.view.WindowManagerGlobal.addView:407 android.view.WindowManagerImpl.addView:150 android.app.ActivityThread.handleResumeActivity:5391 android.app.servertransaction.ResumeActivityItem.execute:64 android.app.servertransaction.ActivityTransactionItem.execute:45 android.app.servertransaction.TransactionExecutor.executeLifecycleState:185 android.app.servertransaction.TransactionExecutor.execute:103 android.app.ActivityThread$H.handleMessage:2643 android.os.Handler.dispatchMessage:106 android.os.Looper.loopOnce:257 android.os.Looper.loop:368 android.app.ActivityThread.main:8848 java.lang.reflect.Method.invoke:-2 com.android.internal.os.RuntimeInit$MethodAndArgsCaller.run:572 com.android.internal.os.ZygoteInit.main:1049 <bottom of call stack> <bottom of call stack> <bottom of call stack> <bottom of call stack> <bottom of call stack> <bottom of call stack> <bottom of call stack> <bottom of call stack> <bottom of call stack> <bottom of call stack> <bottom of call stack> <bottom of call stack> <bottom of call stack> <bottom of call stack>  displayStateSource State 1 caller android.view.WindowManagerGlobal.addView:426 android.view.WindowManagerImpl.addView:150 android.app.ActivityThread.handleResumeActivity:5391 android.app.servertransaction.ResumeActivityItem.execute:64 android.app.servertransaction.ActivityTransactionItem.execute:45 android.app.servertransaction.TransactionExecutor.executeLifecycleState:185 android.app.servertransaction.TransactionExecutor.execute:103 android.app.ActivityThread$H.handleMessage:2643 android.os.Handler.dispatchMessage:106 android.os.Looper.loopOnce:257 android.os.Looper.loop:368 android.app.ActivityThread.main:8848 java.lang.reflect.Method.invoke:-2 com.android.internal.os.RuntimeInit$MethodAndArgsCaller.run:572 com.android.internal.os.ZygoteInit.main:1049 <bottom of call stack> <bottom of call stack> <bottom of call stack> <bottom of call stack> <bottom of call stack> <bottom of call stack> <bottom of call stack> <bottom of call stack> <bottom of call stack> <bottom of call stack> <bottom of call stack> <bottom of call stack> <bottom of call stack> <bottom of call stack> <bottom of call stack>  mLastDisplayListenerState registerListeners , time 1777364676569 caller android.view.ViewRootImpl.setView:1550 android.view.WindowManagerGlobal.addView:426 android.view.WindowManagerImpl.addView:150 android.app.ActivityThread.handleResumeActivity:5391 android.app.servertransaction.ResumeActivityItem.execute:64 android.app.servertransaction.ActivityTransactionItem.execute:45 android.app.servertransaction.TransactionExecutor.executeLifecycleState:185 android.app.servertransaction.TransactionExecutor.execute:103 android.app.ActivityThread$H.handleMessage:2643 android.os.Handler.dispatchMessage:106 android.os.Looper.loopOnce:257 android.os.Looper.loop:368 android.app.ActivityThread.main:8848 java.lang.reflect.Method.invoke:-2 com.android.internal.os.RuntimeInit$MethodAndArgsCaller.run:572 com.android.internal.os.ZygoteInit.main:1049 <bottom of call stack> <bottom of call stack> <bottom of call stack> <bottom of call stack> <bottom of call stack> <bottom of call stack> <bottom of call stack> <bottom of call stack> <bottom of call stack> <bottom of call stack> <bottom of call stack> <bottom of call stack> <bottom of call stack> <bottom of call stack>  mLastDisplayCallEvent null
2026-04-28 13:54:36.849 30632-30632 callGcSupression        com.halil.ozel.exoplayerdemo         D  java.lang.NullPointerException: Attempt to invoke virtual method 'java.lang.Object java.lang.reflect.Method.invoke(java.lang.Object, java.lang.Object[])' on a null object reference
2026-04-28 13:54:36.849 30632-30632 VRI[MainActivity]       com.halil.ozel.exoplayerdemo         D  setWindowStopped stopped:true
2026-04-28 13:54:36.850  1685-7696  ANDR-PERF-LM            ven...ti.hardware.perf2-hal-service  E  PrefAppsDB: get_total_pkg_bindapp_count() 663: App = (com.halil.ozel.exoplayerdemo) not found in LatData DB.
2026-04-28 13:54:36.875 30632-30632 SurfaceView             com.halil.ozel.exoplayerdemo         I  215031507 surfaceDestroyed
2026-04-28 13:54:36.876 30632-30632 BufferQueueProducer     com.halil.ozel.exoplayerdemo         D  [](id:77a800000001,api:0,p:-1,c:30632) disconnect: api -1
2026-04-28 13:54:36.876 30632-30632 BLASTBufferQueue        com.halil.ozel.exoplayerdemo         D  [SurfaceView[com.halil.ozel.exoplayerdemo/com.halil.ozel.exoplayerdemo.MainActivity]#1](f:0,a:0) destructor()
2026-04-28 13:54:36.876 30632-30632 BufferQueueConsumer     com.halil.ozel.exoplayerdemo         D  [SurfaceView[com.halil.ozel.exoplayerdemo/com.halil.ozel.exoplayerdemo.MainActivity]#1(BLAST Consumer)1](id:77a800000001,api:0,p:-1,c:30632) disconnect
2026-04-28 13:54:36.879 30632-30632 OpenGLRenderer          com.halil.ozel.exoplayerdemo         D  RenderProxy::destroy: this=0xb4000075c1c71780, mContext=0xb4000075c1e20000
2026-04-28 13:54:36.879 30632-30682 OpenGLRenderer          com.halil.ozel.exoplayerdemo         D  SkiaOpenGLPipeline::setSurface: this=0xb40000770de69200, surface=NULL
2026-04-28 13:54:36.879 30632-30682 BufferQueueProducer     com.halil.ozel.exoplayerdemo         D  [VRI[MainActivity]#0(BLAST Consumer)0](id:77a800000000,api:1,p:30632,c:30632) disconnect: api 1
2026-04-28 13:54:36.879 30632-30682 BLASTBufferQueue        com.halil.ozel.exoplayerdemo         D  [VRI[MainActivity]#0](f:0,a:1) destructor()
2026-04-28 13:54:36.879 30632-30682 BufferQueueConsumer     com.halil.ozel.exoplayerdemo         D  [VRI[MainActivity]#0(BLAST Consumer)0](id:77a800000000,api:0,p:-1,c:30632) disconnect
2026-04-28 13:54:36.881 30632-30632 ViewRootImplExtImpl     com.halil.ozel.exoplayerdemo         D  wrapConfigInfoIntoFlags rotation=0, smallestScreenWidthDp=361, relayoutAsync=false, newFlags=23658496, title=com.halil.ozel.exoplayerdemo/com.halil.ozel.exoplayerdemo.MainActivity
2026-04-28 13:54:36.888 30632-30632 VRI[MainActivity]       com.halil.ozel.exoplayerdemo         D  relayoutWindow result, sizeChanged:false, surfaceControlChanged:true, transformHintChanged:false, mSurfaceSize:Point(1264, 2780), mLastSurfaceSize:Point(1264, 2780), mWidth:1264, mHeight:2780, requestedWidth:1264, requestedHeight:2780, transformHint:0, lastTransformHint:0, installOrientation:0, displayRotation:0, isSurfaceValid:false, attr.flag:-2122251904, useBlast:true, tmpFrames:ClientWindowFrames{frame=[0,0][1264,2780] display=[0,0][1264,2780] parentFrame=[0,0][0,0]}, params:null
2026-04-28 13:54:36.897 30632-30659 VRI[MainActivity]       com.halil.ozel.exoplayerdemo         D  dispatchAppVisibility visible:false
2026-04-28 13:54:37.118 30632-30639 l.exoplayerdemo         com.halil.ozel.exoplayerdemo         I  Compiler allocated 6287KB to compile void android.view.ViewRootImpl.performTraversals()
2026-04-28 13:54:39.436 30632-30632 ViewRootImplExtImpl     com.halil.ozel.exoplayerdemo         D  onDisplayChanged 0 for VRI android.view.ViewRootImpl@4ea7a4
2026-04-28 13:54:39.506 30632-30632 OpenGLRenderer          com.halil.ozel.exoplayerdemo         D  RenderProxy::destroy: this=0xb4000075c1c71780, mContext=0xb4000075c1e20000
2026-04-28 13:54:39.506 30632-30682 OpenGLRenderer          com.halil.ozel.exoplayerdemo         D  SkiaOpenGLPipeline::setSurface: this=0xb40000770de69200, surface=NULL
2026-04-28 13:54:39.507 30632-30632 ViewRootImplExtImpl     com.halil.ozel.exoplayerdemo         D  wrapConfigInfoIntoFlags rotation=0, smallestScreenWidthDp=361, relayoutAsync=false, newFlags=23658496, title=com.halil.ozel.exoplayerdemo/com.halil.ozel.exoplayerdemo.MainActivity
2026-04-28 13:54:39.516 30632-30632 VRI[MainActivity]       com.halil.ozel.exoplayerdemo         D  relayoutWindow result, sizeChanged:false, surfaceControlChanged:false, transformHintChanged:false, mSurfaceSize:Point(1264, 2780), mLastSurfaceSize:Point(1264, 2780), mWidth:1264, mHeight:2780, requestedWidth:1264, requestedHeight:2780, transformHint:0, lastTransformHint:0, installOrientation:0, displayRotation:0, isSurfaceValid:false, attr.flag:-2122251904, useBlast:true, tmpFrames:ClientWindowFrames{frame=[0,0][1264,2780] display=[0,0][1264,2780] parentFrame=[0,0][0,0]}, params:null
2026-04-28 13:54:39.601 30632-30632 ViewRootImplExtImpl     com.halil.ozel.exoplayerdemo         D  onDisplayChanged 0 for VRI android.view.ViewRootImpl@4ea7a4
2026-04-28 13:54:39.682 30632-30632 ViewRootImplExtImpl     com.halil.ozel.exoplayerdemo         D  onDisplayChanged 0 for VRI android.view.ViewRootImpl@4ea7a4
2026-04-28 13:54:40.436 30632-30659 VRI[MainActivity]       com.halil.ozel.exoplayerdemo         D  dispatchAppVisibility visible:true
2026-04-28 13:54:40.439 30632-30632 callGcSupression        com.halil.ozel.exoplayerdemo         D  java.lang.NullPointerException: Attempt to invoke virtual method 'java.lang.Object java.lang.reflect.Method.invoke(java.lang.Object, java.lang.Object[])' on a null object reference
2026-04-28 13:54:40.443 30632-30656 ColorModeChangeItem     com.halil.ozel.exoplayerdemo         D  preExecute mColorMode=0,token=android.os.BinderProxy@aba95b8
2026-04-28 13:54:40.444 30632-30632 callGcSupression        com.halil.ozel.exoplayerdemo         D  java.lang.NullPointerException: Attempt to invoke virtual method 'java.lang.Object java.lang.reflect.Method.invoke(java.lang.Object, java.lang.Object[])' on a null object reference
2026-04-28 13:54:40.444 30632-30632 VRI[MainActivity]       com.halil.ozel.exoplayerdemo         D  setWindowStopped stopped:false
2026-04-28 13:54:40.445 30632-30632 ScrollOpti...neManager] com.halil.ozel.exoplayerdemo         D  updateCurrentActivity: mCurrentActivityName=com.halil.ozel.exoplayerdemo.MainActivity, isOptEnable=true, isAnimAheadEnable=true, isFrameInsertEnable=true, InsertNum=1, isEnabledForScrollChanged=false
2026-04-28 13:54:40.446 30632-30632 ActivityThread          com.halil.ozel.exoplayerdemo         D  ComponentInfo{com.halil.ozel.exoplayerdemo/com.halil.ozel.exoplayerdemo.MainActivity} checkFinished=false 2
2026-04-28 13:54:40.446 30632-30632 ResourcesManagerExtImpl com.halil.ozel.exoplayerdemo         D  applyConfigurationToAppResourcesLocked app.getDisplayId() return callback.displayId:-1
2026-04-28 13:54:40.451 30632-30632 ViewRootImplExtImpl     com.halil.ozel.exoplayerdemo         D  wrapConfigInfoIntoFlags rotation=0, smallestScreenWidthDp=361, relayoutAsync=false, newFlags=23658496, title=com.halil.ozel.exoplayerdemo/com.halil.ozel.exoplayerdemo.MainActivity
2026-04-28 13:54:40.473 30632-30632 VRI[MainActivity]       com.halil.ozel.exoplayerdemo         D  relayoutWindow result, sizeChanged:false, surfaceControlChanged:true, transformHintChanged:false, mSurfaceSize:Point(1264, 2780), mLastSurfaceSize:Point(1264, 2780), mWidth:1264, mHeight:2780, requestedWidth:1264, requestedHeight:2780, transformHint:0, lastTransformHint:0, installOrientation:0, displayRotation:0, isSurfaceValid:true, attr.flag:-2122251904, useBlast:true, tmpFrames:ClientWindowFrames{frame=[0,0][1264,2780] display=[0,0][1264,2780] parentFrame=[0,0][0,0]}, params:{(0,0)(fillxfill) sim={adjust=pan} ty=BASE_APPLICATION fmt=TRANSLUCENT wanim=0x10302fe
                                                                                                      fl=KEEP_SCREEN_ON LAYOUT_IN_SCREEN LAYOUT_INSET_DECOR SPLIT_TOUCH HARDWARE_ACCELERATED DRAWS_SYSTEM_BAR_BACKGROUNDS
                                                                                                      pfl=NO_MOVE_ANIMATION FORCE_DRAW_STATUS_BAR_BACKGROUND USE_BLAST FIT_INSETS_CONTROLLED
                                                                                                      bhv=DEFAULT
                                                                                                      fitSides= CLP[ ]}
2026-04-28 13:54:40.473 30632-30632 VRI[MainActivity]       com.halil.ozel.exoplayerdemo         W  updateBlastSurfaceIfNeeded, surfaceSize:Point(1264, 2780), lastSurfaceSize:Point(1264, 2780), format:-3, blastBufferQueue:null
2026-04-28 13:54:40.474 30632-30632 BufferQueueConsumer     com.halil.ozel.exoplayerdemo         D  [](id:77a800000002,api:0,p:-1,c:30632) connect: controlledByApp=false
2026-04-28 13:54:40.478 30632-30682 BufferQueueProducer     com.halil.ozel.exoplayerdemo         D  [VRI[MainActivity]#2(BLAST Consumer)2](id:77a800000002,api:1,p:30632,c:30632) connect: api=1 producerControlledByApp=true
2026-04-28 13:54:40.478 30632-30682 OpenGLRenderer          com.halil.ozel.exoplayerdemo         E  Unable to match the desired swap behavior.
2026-04-28 13:54:40.479 30632-30632 BufferQueueConsumer     com.halil.ozel.exoplayerdemo         D  [](id:77a800000003,api:0,p:-1,c:30632) connect: controlledByApp=false
2026-04-28 13:54:40.480 30632-30632 SurfaceView             com.halil.ozel.exoplayerdemo         I  215031507 visibleChanged -- surfaceCreated 
2026-04-28 13:54:40.480 30632-30632 SurfaceView             com.halil.ozel.exoplayerdemo         D  215031507 handleSyncNoBuffer
2026-04-28 13:54:40.481 30632-30632 SurfaceView             com.halil.ozel.exoplayerdemo         D  215031507 finishedDrawing
2026-04-28 13:54:40.482 30632-30632 SurfaceView             com.halil.ozel.exoplayerdemo         D  215031507 performDrawFinished mAttachedToWindow true
2026-04-28 13:54:40.482 30632-30632 SurfaceControl          com.halil.ozel.exoplayerdemo         I   setExtendedRangeBrightness sc=Surface(name=com.halil.ozel.exoplayerdemo/com.halil.ozel.exoplayerdemo.MainActivity)/@0xc7d41d4,currentBufferRatio=1.0,desiredRatio=1.0
2026-04-28 13:54:40.482 30632-30632 SurfaceView             com.halil.ozel.exoplayerdemo         D  215031507 dispatchDraw mDrawFinished true isAboveParent false (mPrivateFlags & PFLAG_SKIP_DRAW) 128
2026-04-28 13:54:40.482 30632-30632 SurfaceView             com.halil.ozel.exoplayerdemo         D  215031507 clearSurfaceViewPort mCornerRadius 0.0
2026-04-28 13:54:40.486 30632-30682 BLASTBufferQueue        com.halil.ozel.exoplayerdemo         D  [VRI[MainActivity]#2](f:0,a:1) acquireNextBufferLocked size=1264x2780 mFrameNumber=1 applyTransaction=true mTimestamp=894174059107855(auto) mPendingTransactions.size=0 graphicBufferId=131563438211073 transform=0
2026-04-28 13:54:40.487 30632-30682 VRI[MainActivity]       com.halil.ozel.exoplayerdemo         D  Received frameCommittedCallback lastAttemptedDrawFrameNum=1 didProduceBuffer=true syncBuffer=false
2026-04-28 13:54:40.487 30632-30632 VRI[MainActivity]       com.halil.ozel.exoplayerdemo         D  draw finished.
2026-04-28 13:54:40.487 30632-30632 VRI[MainActivity]       com.halil.ozel.exoplayerdemo         D  reportDrawFinished
2026-04-28 13:54:40.487 30632-30632 ViewRootImplExtImpl     com.halil.ozel.exoplayerdemo         D  setMaxDequeuedBufferCount: 2
2026-04-28 13:54:40.488 30632-30632 VRI[MainActivity]       com.halil.ozel.exoplayerdemo         W  handleResized abandoned!
