2026-04-28 13:55:23.515 31408-31408 BLASTBufferQueue        com.halil.ozel.exoplayerdemo         D  [SurfaceView[com.halil.ozel.exoplayerdemo/com.halil.ozel.exoplayerdemo.MainActivity]#1](f:0,a:0) destructor()
2026-04-28 13:55:23.515 31408-31408 BufferQueueConsumer     com.halil.ozel.exoplayerdemo         D  [SurfaceView[com.halil.ozel.exoplayerdemo/com.halil.ozel.exoplayerdemo.MainActivity]#1(BLAST Consumer)1](id:7ab000000001,api:0,p:-1,c:31408) disconnect
2026-04-28 13:55:23.517 31408-31408 OpenGLRenderer          com.halil.ozel.exoplayerdemo         D  RenderProxy::destroy: this=0xb4000075c1c71a00, mContext=0xb4000075c1e20000
2026-04-28 13:55:23.517 31408-31452 OpenGLRenderer          com.halil.ozel.exoplayerdemo         D  SkiaOpenGLPipeline::setSurface: this=0xb40000770de69480, surface=NULL
2026-04-28 13:55:23.518 31408-31452 BufferQueueProducer     com.halil.ozel.exoplayerdemo         D  [VRI[MainActivity]#0(BLAST Consumer)0](id:7ab000000000,api:1,p:31408,c:31408) disconnect: api 1
2026-04-28 13:55:23.519 31408-31452 BLASTBufferQueue        com.halil.ozel.exoplayerdemo         D  [VRI[MainActivity]#0](f:0,a:3) destructor()
2026-04-28 13:55:23.519 31408-31452 BufferQueueConsumer     com.halil.ozel.exoplayerdemo         D  [VRI[MainActivity]#0(BLAST Consumer)0](id:7ab000000000,api:0,p:-1,c:31408) disconnect
2026-04-28 13:55:23.527 31408-31408 ViewRootImplExtImpl     com.halil.ozel.exoplayerdemo         D  wrapConfigInfoIntoFlags rotation=0, smallestScreenWidthDp=361, relayoutAsync=false, newFlags=23658496, title=com.halil.ozel.exoplayerdemo/com.halil.ozel.exoplayerdemo.MainActivity
2026-04-28 13:55:23.540 31408-31408 VRI[MainActivity]       com.halil.ozel.exoplayerdemo         D  relayoutWindow result, sizeChanged:false, surfaceControlChanged:true, transformHintChanged:false, mSurfaceSize:Point(1264, 2780), mLastSurfaceSize:Point(1264, 2780), mWidth:1264, mHeight:2780, requestedWidth:1264, requestedHeight:2780, transformHint:0, lastTransformHint:0, installOrientation:0, displayRotation:0, isSurfaceValid:false, attr.flag:-2122251904, useBlast:true, tmpFrames:ClientWindowFrames{frame=[0,0][1264,2780] display=[0,0][1264,2780] parentFrame=[0,0][0,0]}, params:null
2026-04-28 13:55:23.550 31408-31422 VRI[MainActivity]       com.halil.ozel.exoplayerdemo         D  dispatchAppVisibility visible:false
2026-04-28 13:55:23.562 31408-31542 OplusScrollToTopManager com.halil.ozel.exoplayerdemo         D  com.halil.ozel.exoplayerdemo/com.halil.ozel.exoplayerdemo.MainActivity,This DecorView@68d030c[MainActivity] change focus to false
2026-04-28 13:55:25.371 31408-31408 Compatibil...geReporter com.halil.ozel.exoplayerdemo         D  Compat change id reported: 150939131; UID 10462; state: ENABLED
2026-04-28 13:55:25.738 31879-31879 AppInfoDashboard        pid-31879                            E  Package: com.halil.ozel.exoplayerdemo not found for user: 999
2026-04-28 13:55:27.701  1722-1722  qspmHal                 vendor.qti.qspmhal-service           E  setAppInfoH atPid = 31408, gpuFname:com.halil.ozel.exoplayerdemo, gpuFver:20
---------------------------- PROCESS ENDED (31408) for package com.halil.ozel.exoplayerdemo ----------------------------
2026-04-28 13:55:27.790 31879-31879 AppInfoDashboard        com.android.settings                 E  Package: com.halil.ozel.exoplayerdemo not found for user: 999
2026-04-28 13:55:29.824  2990-4230  UAH_JNI                 system_server                        E  uah_event_acquire ! cmdId: 1 ,strPkg: com.halil.ozel.exoplayerdemo, strIdent: com.android.server.wm, timeout: 2000
2026-04-28 13:55:29.865  1722-1722  qspmHal                 vendor.qti.qspmhal-service           E  setAppInfoH atPid = 32111, gpuFname:com.halil.ozel.exoplayerdemo, gpuFver:21
2026-04-28 13:55:29.868  2990-4230  UAH_JNI                 system_server                        E  uah_event_acquire ! cmdId: 1 ,strPkg: com.halil.ozel.exoplayerdemo, strIdent: com.android.server.wm, timeout: 2000
2026-04-28 13:55:29.880  2990-4230  UAH_JNI                 system_server                        E  uah_event_acquire ! cmdId: 1 ,strPkg: com.halil.ozel.exoplayerdemo, strIdent: com.android.server.wm, timeout: 2000
2026-04-28 13:55:29.880  2990-4230  UAH_JNI                 system_server                        E  uah_event_acquire ! cmdId: 1 ,strPkg: com.halil.ozel.exoplayerdemo, strIdent: com.android.server.wm, timeout: 2000
2026-04-28 13:55:29.890  4774-4774  UAH_JNI                 com.android.launcher                 E  uah_event_acquire ! cmdId: 85 ,strPkg: com.halil.ozel.exoplayerdemo, strIdent: GpuBoost, timeout: 1000
2026-04-28 13:55:29.914  2990-4230  UAH_JNI                 system_server                        E  uah_event_acquire ! cmdId: 0 ,strPkg: com.halil.ozel.exoplayerdemo, strIdent: com.android.server.wm, timeout: 720
2026-04-28 13:55:29.916  2990-3234  OplusThermalStats       system_server                        E  Error getting package info: com.halil.ozel.exoplayerdemo
---------------------------- PROCESS STARTED (32111) for package com.halil.ozel.exoplayerdemo ----------------------------
2026-04-28 13:55:29.973 32111-32111 libc                    com.halil.ozel.exoplayerdemo         W  Access denied finding property "ro.odm.prev.product.name"
2026-04-28 13:55:30.091 32111-32111 nativeloader            com.halil.ozel.exoplayerdemo         D  Configuring clns-4 for other apk /data/app/~~qWC8bxk0hk9-hKx25Qsc9A==/com.halil.ozel.exoplayerdemo-skwlXl04azi2cybzA-yVHw==/base.apk. target_sdk_version=35, uses_libraries=, library_path=/data/app/~~qWC8bxk0hk9-hKx25Qsc9A==/com.halil.ozel.exoplayerdemo-skwlXl04azi2cybzA-yVHw==/lib/arm64, permitted_path=/data:/mnt/expand:/data/user/0/com.halil.ozel.exoplayerdemo
2026-04-28 13:55:30.094 32111-32111 nativeloader            com.halil.ozel.exoplayerdemo         D  Load libframework-connectivity-jni.so using APEX ns com_android_tethering for caller /apex/com.android.tethering/javalib/framework-connectivity.jar: ok
2026-04-28 13:55:30.096 32111-32111 GraphicsEnvironment     com.halil.ozel.exoplayerdemo         V  Currently set values for:
2026-04-28 13:55:30.097 32111-32111 GraphicsEnvironment     com.halil.ozel.exoplayerdemo         V    angle_gl_driver_selection_pkgs=[]
2026-04-28 13:55:30.097 32111-32111 GraphicsEnvironment     com.halil.ozel.exoplayerdemo         V    angle_gl_driver_selection_values=[]
2026-04-28 13:55:30.097 32111-32111 GraphicsEnvironment     com.halil.ozel.exoplayerdemo         V  ANGLE GameManagerService for com.halil.ozel.exoplayerdemo: false
2026-04-28 13:55:30.097 32111-32111 GraphicsEnvironment     com.halil.ozel.exoplayerdemo         V  com.halil.ozel.exoplayerdemo is not listed in per-application setting
2026-04-28 13:55:30.097 32111-32111 GraphicsEnvironment     com.halil.ozel.exoplayerdemo         V  Updatable production driver is not supported on the device.
2026-04-28 13:55:30.100 32111-32111 ResourcesManagerExtImpl com.halil.ozel.exoplayerdemo         D  applyConfigurationToAppResourcesLocked app.getDisplayId() return callback.displayId:-1
2026-04-28 13:55:30.109 32111-32111 nativeloader            com.halil.ozel.exoplayerdemo         D  Load libSchedAssistJni.so using system ns (caller=/system/framework/oplus-framework.jar): ok
2026-04-28 13:55:30.109 32111-32111 ExtensionsLoader        com.halil.ozel.exoplayerdemo         D  createInstance(64bit) : createExtendedFactory
2026-04-28 13:55:30.109 32111-32111 ExtensionsLoader        com.halil.ozel.exoplayerdemo         D  Opened libSchedAssistExtImpl.so
2026-04-28 13:55:30.109 32111-32111 SchedAssist             com.halil.ozel.exoplayerdemo         E  sysOpen failed with error=Permission denied
2026-04-28 13:55:30.109 32111-32111 SchedAssist             com.halil.ozel.exoplayerdemo         E  sharedImFd failed with error=Permission denied
2026-04-28 13:55:30.112 32111-32111 OplusGraphicsEvent      com.halil.ozel.exoplayerdemo         D  OplusGraphicsEventListener create now!
2026-04-28 13:55:30.113 32111-32111 OplusGraphicsEvent      com.halil.ozel.exoplayerdemo         D  addEventListener success!
2026-04-28 13:55:30.114  2990-8134  ScrollOpti...rfService] system_server                        E  isScrollOptimEnable: pkgName = com.halil.ozel.exoplayerdemo, output = Bundle[{pre_anim_enable=true, frame_insert_list=null, frame_insert_default_num=1, scroll_changed_enable_list=null}]
2026-04-28 13:55:30.114 32111-32111 ScrollOpti...igManager] com.halil.ozel.exoplayerdemo         D  initOptConfig: pkg= com.halil.ozel.exoplayerdemo, mOptEnable= true, mAnimAheadEnable= true, mInsertDefaultNum= 1, mFrameInsertEnableList= {}, mSCEnableList= []
2026-04-28 13:55:30.118 32111-32111 callGcSupression        com.halil.ozel.exoplayerdemo         D  java.lang.NullPointerException: Attempt to invoke virtual method 'java.lang.Object java.lang.reflect.Method.invoke(java.lang.Object, java.lang.Object[])' on a null object reference
2026-04-28 13:55:30.126 32111-32139 l.exoplayerdemo         com.halil.ozel.exoplayerdemo         E  Loaded layer handle (7667602580498240721) for layer /my_product/lib64/libcolorx-loader.so
2026-04-28 13:55:30.126 32111-32139 l.exoplayerdemo         com.halil.ozel.exoplayerdemo         E  Looking for entrypoint ColorX_Check
2026-04-28 13:55:30.126 32111-32139 l.exoplayerdemo         com.halil.ozel.exoplayerdemo         E  Found ColorX_Check for /my_product/lib64/libcolorx-loader.so
2026-04-28 13:55:30.126 32111-32139 l.exoplayerdemo         com.halil.ozel.exoplayerdemo         E  Check failed
2026-04-28 13:55:30.126 32111-32111 ResourcesManagerExtImpl com.halil.ozel.exoplayerdemo         D  applyConfigurationToAppResourcesLocked app.getDisplayId() return callback.displayId:-1
2026-04-28 13:55:30.137 32111-32111 oplus.andr...actoryImpl com.halil.ozel.exoplayerdemo         I  Unknow feature:IOplusTextViewRTLUtilForUG
2026-04-28 13:55:30.138 32111-32111 nativeloader            com.halil.ozel.exoplayerdemo         D  Load liboplushwui_jni.so using system ns (caller=/system/framework/oplus-framework.jar): ok
2026-04-28 13:55:30.154 32111-32111 OplusCusto...ionManager com.halil.ozel.exoplayerdemo         E  sInstance is null, start a new sInstance
2026-04-28 13:55:30.157 32111-32111 Compatibil...geReporter com.halil.ozel.exoplayerdemo         D  Compat change id reported: 210923482; UID 10462; state: ENABLED
2026-04-28 13:55:30.160 32111-32111 ExtensionsLoader        com.halil.ozel.exoplayerdemo         D  createInstance(64bit) : createExtendedFactory
2026-04-28 13:55:30.160 32111-32111 ExtensionsLoader        com.halil.ozel.exoplayerdemo         D  Opened libguiextimpl.so
2026-04-28 13:55:30.160 32111-32111 nativeloader            com.halil.ozel.exoplayerdemo         D  Load liboplusgui_jni.so using system ns (caller=/system/framework/oplus-framework.jar): ok
2026-04-28 13:55:30.180 32111-32111 Compatibil...geReporter com.halil.ozel.exoplayerdemo         D  Compat change id reported: 171228096; UID 10462; state: ENABLED
2026-04-28 13:55:30.181 32111-32111 ScrollOpti...tionHelper com.halil.ozel.exoplayerdemo         D  can't find the config file for optimizaiton
2026-04-28 13:55:30.181 32111-32111 ScrollOpti...tionHelper com.halil.ozel.exoplayerdemo         D  will not debug for debug is false
2026-04-28 13:55:30.181 32111-32111 oplus.andr...actoryImpl com.halil.ozel.exoplayerdemo         I  get feature:IOplusDynamicVsyncFeature
2026-04-28 13:55:30.181 32111-32111 oplus.andr...actoryImpl com.halil.ozel.exoplayerdemo         I  get feature:IOplusDynamicVsyncFeature
2026-04-28 13:55:30.181 32111-32111 oplus.andr...actoryImpl com.halil.ozel.exoplayerdemo         I  get feature:IOplusDynamicVsyncFeature
2026-04-28 13:55:30.201 32111-32111 oplus.andr...actoryImpl com.halil.ozel.exoplayerdemo         I  get feature:IOplusDynamicVsyncFeature
2026-04-28 13:55:30.201 32111-32111 oplus.andr...actoryImpl com.halil.ozel.exoplayerdemo         I  get feature:IOplusDynamicVsyncFeature
2026-04-28 13:55:30.201 32111-32111 oplus.andr...actoryImpl com.halil.ozel.exoplayerdemo         I  get feature:IOplusDynamicVsyncFeature
2026-04-28 13:55:30.206 32111-32111 DynamicFra...igManager] com.halil.ozel.exoplayerdemo         I  initFrameRateConfig: 
                                                                                                    	levels: [120, 60]
                                                                                                    	thresholds: [200]
                                                                                                    	scrollbar fade frame rate: 0
2026-04-28 13:55:30.206 32111-32111 DynamicFra...igManager] com.halil.ozel.exoplayerdemo         I  FRTCConfigManager: FRTC_CAPABILITY = 120, package name = com.halil.ozel.exoplayerdemo, WINDOW_ANIMATION_SPEED_RATE = 10, SCROLL_ANIMATION_SPEED_RATE = 20, MuitiWindowIdleFramerate = 60, PACKAGE_ENABLE = false
2026-04-28 13:55:30.206 32111-32111 DynamicFra...ontroller] com.halil.ozel.exoplayerdemo         I  init info: mPackageName = com.halil.ozel.exoplayerdemo, mIsEnabled = false
2026-04-28 13:55:30.215 32111-32111 OplusWindowManager      com.halil.ozel.exoplayerdemo         D  get WMS extension: android.os.BinderProxy@eb7e58b
2026-04-28 13:55:30.218 32111-32111 ExoPlayerDemo           com.halil.ozel.exoplayerdemo         D  Preparing ExoPlayer...
2026-04-28 13:55:30.224 32111-32111 ExoPlayerImpl           com.halil.ozel.exoplayerdemo         I  Init 6bd4f67 [AndroidXMedia3/1.7.1] [RE5CA6L1, RMX3851, realme, 34]
2026-04-28 13:55:30.235 32111-32111 l.exoplayerdemo         com.halil.ozel.exoplayerdemo         I  hiddenapi: Accessing hidden method Landroid/media/AudioTrack;->getLatency()I (runtime_flags=0, domain=platform, api=unsupported) from Landroidx/media3/exoplayer/audio/AudioTrackPositionTracker; (domain=app, TargetSdkVersion=35) using reflection: allowed
2026-04-28 13:55:30.249 32111-32111 OpenGLRenderer          com.halil.ozel.exoplayerdemo         D  --- Failed to create image decoder with message 'unimplemented'
2026-04-28 13:55:30.249 32111-32111 ExoPlayerDemo           com.halil.ozel.exoplayerdemo         D  ExoPlayer created, loading channel...
2026-04-28 13:55:30.253 32111-32111 ExoPlayerDemo           com.halil.ozel.exoplayerdemo         D  Parsed 1 channels
2026-04-28 13:55:30.253 32111-32111 ExoPlayerDemo           com.halil.ozel.exoplayerdemo         D  Playing channel: Gemini TV HD, URL: https://servertvhub.site/superlive/mpd.php?id=897
2026-04-28 13:55:30.253 32111-32111 ExoPlayerDemo           com.halil.ozel.exoplayerdemo         D  Playing channel: Gemini TV HD
2026-04-28 13:55:30.253 32111-32111 ExoPlayerDemo           com.halil.ozel.exoplayerdemo         D  Stream URL: https://servertvhub.site/superlive/mpd.php?id=897
2026-04-28 13:55:30.253 32111-32111 ExoPlayerDemo           com.halil.ozel.exoplayerdemo         D  License Type: clearkey
2026-04-28 13:55:30.253 32111-32111 ExoPlayerDemo           com.halil.ozel.exoplayerdemo         D  License Key: https://servertvhub.site/superlive/keys.php?id=897
2026-04-28 13:55:30.253 32111-32111 ExoPlayerDemo           com.halil.ozel.exoplayerdemo         D  HTTP Headers: {}
2026-04-28 13:55:30.253 32111-32111 ExoPlayerDemo           com.halil.ozel.exoplayerdemo         D  User Agent: null
2026-04-28 13:55:30.253 32111-32111 ExoPlayerDemo           com.halil.ozel.exoplayerdemo         D  Final HTTP Headers: {User-Agent=plaYtv/7.1.3 (Linux;Android 14) ExoPlayerLib/2.11.7, Referer=https://www.jiotv.com/, Origin=https://www.jiotv.com}
2026-04-28 13:55:30.253 32111-32111 DrmHelper               com.halil.ozel.exoplayerdemo         D  createMediaSource called
2026-04-28 13:55:30.253 32111-32111 DrmHelper               com.halil.ozel.exoplayerdemo         D    Stream URL: https://servertvhub.site/superlive/mpd.php?id=897
2026-04-28 13:55:30.253 32111-32111 DrmHelper               com.halil.ozel.exoplayerdemo         D    License Type: clearkey
2026-04-28 13:55:30.253 32111-32111 DrmHelper               com.halil.ozel.exoplayerdemo         D    License Key: https://servertvhub.site/superlive/keys.php?id=897
2026-04-28 13:55:30.253 32111-32111 DrmHelper               com.halil.ozel.exoplayerdemo         D    HTTP Headers: {User-Agent=plaYtv/7.1.3 (Linux;Android 14) ExoPlayerLib/2.11.7, Referer=https://www.jiotv.com/, Origin=https://www.jiotv.com}
2026-04-28 13:55:30.253 32111-32111 DrmHelper               com.halil.ozel.exoplayerdemo         D  ========== START DrmHelper.createMediaSource DRM handling ==========
2026-04-28 13:55:30.253 32111-32111 DrmHelper               com.halil.ozel.exoplayerdemo         D  licenseType: clearkey
2026-04-28 13:55:30.253 32111-32111 DrmHelper               com.halil.ozel.exoplayerdemo         D  licenseKey: https://servertvhub.site/superlive/keys.php?id=897
2026-04-28 13:55:30.253 32111-32111 DrmHelper               com.halil.ozel.exoplayerdemo         D  httpHeaders: {User-Agent=plaYtv/7.1.3 (Linux;Android 14) ExoPlayerLib/2.11.7, Referer=https://www.jiotv.com/, Origin=https://www.jiotv.com}
2026-04-28 13:55:30.253 32111-32111 DrmHelper               com.halil.ozel.exoplayerdemo         D  Processing clearkey DRM...
2026-04-28 13:55:30.253 32111-32111 LicenseKeyHandler       com.halil.ozel.exoplayerdemo         D  ========== START processLicenseKey ==========
2026-04-28 13:55:30.255 32111-32111 LicenseKeyHandler       com.halil.ozel.exoplayerdemo         D  License key: https://servertvhub.site/superlive/keys.php?id=897...
2026-04-28 13:55:30.255 32111-32111 LicenseKeyHandler       com.halil.ozel.exoplayerdemo         D  HTTP Headers: {User-Agent=plaYtv/7.1.3 (Linux;Android 14) ExoPlayerLib/2.11.7, Referer=https://www.jiotv.com/, Origin=https://www.jiotv.com}
2026-04-28 13:55:30.255 32111-32111 LicenseKeyHandler       com.halil.ozel.exoplayerdemo         D  Detected URL format, calling fetchKeysFromServer
2026-04-28 13:55:30.255 32111-32111 LicenseKeyHandler       com.halil.ozel.exoplayerdemo         D  ========== START fetchKeysFromServer ==========
2026-04-28 13:55:30.255 32111-32111 LicenseKeyHandler       com.halil.ozel.exoplayerdemo         D  URL: https://servertvhub.site/superlive/keys.php?id=897
2026-04-28 13:55:30.255 32111-32111 LicenseKeyHandler       com.halil.ozel.exoplayerdemo         D  HTTP Headers: {User-Agent=plaYtv/7.1.3 (Linux;Android 14) ExoPlayerLib/2.11.7, Referer=https://www.jiotv.com/, Origin=https://www.jiotv.com}
2026-04-28 13:55:30.255 32111-32144 LicenseKeyHandler       com.halil.ozel.exoplayerdemo         D  Trying GET method...
2026-04-28 13:55:30.577 32111-32144 LicenseKeyHandler       com.halil.ozel.exoplayerdemo         D  License server response code: 200
2026-04-28 13:55:30.578 32111-32144 LicenseKeyHandler       com.halil.ozel.exoplayerdemo         D  License server response length: 181
2026-04-28 13:55:30.578 32111-32144 LicenseKeyHandler       com.halil.ozel.exoplayerdemo         D  License server response: {
                                                                                                        "keys": [
                                                                                                            {
                                                                                                                "kty": "oct",
                                                                                                                "kid": "DQMXtXwEWEKnAEg6RvEhLg",
                                                                                                                "k": "zZ8HpD6Jsyvzrxv8fmyEsg"
                                                                                                            }
                                                                                                        ],
                                                                                                        "type": "temporary"
                                                                                                    }
2026-04-28 13:55:30.589 32111-32111 LicenseKeyHandler       com.halil.ozel.exoplayerdemo         D  ========== END fetchKeysFromServer, result: Success(kidHex=0d0317b57c045842a700483a46f1212e, keyHex=cd9f07a43e89b32bf3af1bfc7e6c84b2, clearKeyJson={"keys":[{"kty":"oct","k":"zZ8HpD6Jsyvzrxv8fmyEsg","kid":"DQMXtXwEWEKnAEg6RvEhLg"}],"type":"temporary"}) ==========
2026-04-28 13:55:30.589 32111-32111 LicenseKeyHandler       com.halil.ozel.exoplayerdemo         D  processLicenseKey result: Success(kidHex=0d0317b57c045842a700483a46f1212e, keyHex=cd9f07a43e89b32bf3af1bfc7e6c84b2, clearKeyJson={"keys":[{"kty":"oct","k":"zZ8HpD6Jsyvzrxv8fmyEsg","kid":"DQMXtXwEWEKnAEg6RvEhLg"}],"type":"temporary"})
2026-04-28 13:55:30.589 32111-32111 LicenseKeyHandler       com.halil.ozel.exoplayerdemo         D  ========== END processLicenseKey ==========
2026-04-28 13:55:30.589 32111-32111 DrmHelper               com.halil.ozel.exoplayerdemo         D  SUCCESS: License key processed - KID: 0d0317b57c045842a700483a46f1212e, KEY: cd9f07a43e89b32bf3af1bfc7e6c84b2
2026-04-28 13:55:30.589 32111-32111 DrmHelper               com.halil.ozel.exoplayerdemo         D  ClearKey JSON: {"keys":[{"kty":"oct","k":"zZ8HpD6Jsyvzrxv8fmyEsg","kid":"DQMXtXwEWEKnAEg6RvEhLg"}],"type":"temporary"}
2026-04-28 13:55:30.589 32111-32111 DrmHelper               com.halil.ozel.exoplayerdemo         D  ========== START createClearKeyDrmSessionManagerFromHex ==========
2026-04-28 13:55:30.589 32111-32111 DrmHelper               com.halil.ozel.exoplayerdemo         D  KID (hex): 0d0317b57c045842a700483a46f1212e
2026-04-28 13:55:30.589 32111-32111 DrmHelper               com.halil.ozel.exoplayerdemo         D  KEY (hex): cd9f07a43e89b32bf3af1bfc7e6c84b2
2026-04-28 13:55:30.589 32111-32111 DrmHelper               com.halil.ozel.exoplayerdemo         D  UUID: e2719d58-a985-b3c9-781a-b030af78d30e
2026-04-28 13:55:30.591 32111-32111 DrmHelper               com.halil.ozel.exoplayerdemo         D  Built ClearKey JSON: {"keys":[{"kty":"oct","k":"zZ8HpD6Jsyvzrxv8fmyEsg==","kid":"DQMXtXwEWEKnAEg6RvEhLg=="}],"type":"temporary"}
2026-04-28 13:55:30.591 32111-32111 DrmHelper               com.halil.ozel.exoplayerdemo         D  Created LocalMediaDrmCallback
2026-04-28 13:55:30.593 32111-32111 DrmHelper               com.halil.ozel.exoplayerdemo         D  Built DefaultDrmSessionManager.Builder
2026-04-28 13:55:30.595 32111-32111 DrmHelper               com.halil.ozel.exoplayerdemo         D  Built DrmSessionManager
2026-04-28 13:55:30.595 32111-32111 DrmHelper               com.halil.ozel.exoplayerdemo         D  ========== END createClearKeyDrmSessionManagerFromHex ==========
2026-04-28 13:55:30.595 32111-32111 DrmHelper               com.halil.ozel.exoplayerdemo         D  Created DRM session manager from hex keys
2026-04-28 13:55:30.595 32111-32111 DrmHelper               com.halil.ozel.exoplayerdemo         D  Applied request properties to data source: {Referer=https://www.jiotv.com/, Origin=https://www.jiotv.com, Accept=*/*, Accept-Encoding=identity}
2026-04-28 13:55:30.595 32111-32111 DrmHelper               com.halil.ozel.exoplayerdemo         D  Stream URL: https://servertvhub.site/superlive/mpd.php?id=897, Detected MIME type: application/dash+xml (isHls: false)
2026-04-28 13:55:30.595 32111-32111 DrmHelper               com.halil.ozel.exoplayerdemo         D  Using custom drmSessionManager for MediaItem
2026-04-28 13:55:30.595 32111-32111 DrmHelper               com.halil.ozel.exoplayerdemo         D  Creating DASH media source
2026-04-28 13:55:30.598 32111-32111 ExoPlayerDemo           com.halil.ozel.exoplayerdemo         D  MediaSource created successfully, preparing player...
2026-04-28 13:55:30.599 32111-32111 ExoPlayerDemo           com.halil.ozel.exoplayerdemo         D  Position discontinuity: 0 -> 0
2026-04-28 13:55:30.600 32111-32111 ExoPlayerDemo           com.halil.ozel.exoplayerdemo         D  PlaybackState changed to: BUFFERING
2026-04-28 13:55:30.600 32111-32111 ExoPlayerDemo           com.halil.ozel.exoplayerdemo         D  Player is buffering - waiting for data...
2026-04-28 13:55:30.600 32111-32111 Quality                 com.halil.ozel.exoplayerdemo         I  ActivityThread: activityStart delay 482 com.halil.ozel.exoplayerdemo 32111
2026-04-28 13:55:30.603 32111-32111 ScrollOpti...neManager] com.halil.ozel.exoplayerdemo         D  updateCurrentActivity: mCurrentActivityName=com.halil.ozel.exoplayerdemo.MainActivity, isOptEnable=true, isAnimAheadEnable=true, isFrameInsertEnable=true, InsertNum=1, isEnabledForScrollChanged=false
2026-04-28 13:55:30.603 32111-32111 ActivityThread          com.halil.ozel.exoplayerdemo         D  ComponentInfo{com.halil.ozel.exoplayerdemo/com.halil.ozel.exoplayerdemo.MainActivity} checkFinished=false 2
2026-04-28 13:55:30.603 32111-32111 ResourcesManagerExtImpl com.halil.ozel.exoplayerdemo         D  applyConfigurationToAppResourcesLocked app.getDisplayId() return callback.displayId:-1
2026-04-28 13:55:30.604 32111-32111 OplusInputMethodUtil    com.halil.ozel.exoplayerdemo         D  init sDebug to false, init sDebugIme to false, init sAlwaysOn to false
2026-04-28 13:55:30.604 32111-32111 OplusInputMethodUtil    com.halil.ozel.exoplayerdemo         D  updateDebugToClass InputMethodManager.DEBUG = false
2026-04-28 13:55:30.604 32111-32111 OplusInputMethodUtil    com.halil.ozel.exoplayerdemo         D  updateDebugToClass ImeFocusController.DEBUG = false
2026-04-28 13:55:30.604 32111-32111 OplusInputMethodUtil    com.halil.ozel.exoplayerdemo         D  updateDebugToClass BaseInputConnection.DEBUG = false
2026-04-28 13:55:30.608 32111-32143 DrmHalHidl              com.halil.ozel.exoplayerdemo         I  No hidl drm factories found
2026-04-28 13:55:30.609 32111-32143 DrmHalHidl              com.halil.ozel.exoplayerdemo         E  Failed to find passthrough drm factories
2026-04-28 13:55:30.609 32111-32111 Compatibil...geReporter com.halil.ozel.exoplayerdemo         D  Compat change id reported: 237531167; UID 10462; state: DISABLED
2026-04-28 13:55:30.610 32111-32143 DrmUtils                com.halil.ozel.exoplayerdemo         I  found IDrmFactory. Instance name:[android.hardware.drm.IDrmFactory/clearkey]
2026-04-28 13:55:30.610 32111-32143 DrmUtils                com.halil.ozel.exoplayerdemo         I  found IDrmFactory. Instance name:[android.hardware.drm.IDrmFactory/wfdhdcp]
2026-04-28 13:55:30.611 32111-32111 WindowManager           com.halil.ozel.exoplayerdemo         D  Add to mViews: DecorView@68d030c[MainActivity],pkg= com.halil.ozel.exoplayerdemo
2026-04-28 13:55:30.611 32111-32143 DrmUtils                com.halil.ozel.exoplayerdemo         I  found IDrmFactory. Instance name:[android.hardware.drm.IDrmFactory/widevine]
2026-04-28 13:55:30.612 32111-32137 ExtensionsLoader        com.halil.ozel.exoplayerdemo         D  createInstance(64bit) : createExtendedFactory
2026-04-28 13:55:30.612 32111-32143 DrmHalAidl              com.halil.ozel.exoplayerdemo         E  uuid=[e2719d58a985b3c9 781ab030af78d30e] Failed to make drm plugin: 4
2026-04-28 13:55:30.612 32111-32143 DrmHalAidl              com.halil.ozel.exoplayerdemo         E  uuid=[e2719d58a985b3c9 781ab030af78d30e] Failed to make drm plugin: 4
2026-04-28 13:55:30.613 32111-32137 ExtensionsLoader        com.halil.ozel.exoplayerdemo         D  Opened libhwuiextimpl.so
2026-04-28 13:55:30.613 32111-32111 ExtensionsLoader        com.halil.ozel.exoplayerdemo         D  createInstance(64bit) : createExtendedFactory
2026-04-28 13:55:30.614 32111-32111 ExtensionsLoader        com.halil.ozel.exoplayerdemo         D  Opened libSchedAssistExtImpl.so
2026-04-28 13:55:30.624 32111-32111 ViewRootImplExtImpl     com.halil.ozel.exoplayerdemo         D  onDisplayChanged -1 for VRI android.view.ViewRootImpl@4ea7a4
2026-04-28 13:55:30.625 32111-32111 libc                    com.halil.ozel.exoplayerdemo         W  Access denied finding property "ro.vendor.input.resample_latency_time"
2026-04-28 13:55:30.626 32111-32111 InputEventReceiver      com.halil.ozel.exoplayerdemo         D  Input log is disabled in InputEventReceiver.
2026-04-28 13:55:30.626 32111-32111 Quality                 com.halil.ozel.exoplayerdemo         I  ActivityThread: activityLifecycle delay 509 com.halil.ozel.exoplayerdemo 32111
2026-04-28 13:55:30.627 32111-32111 callGcSupression        com.halil.ozel.exoplayerdemo         D  java.lang.NullPointerException: Attempt to invoke virtual method 'java.lang.Object java.lang.reflect.Method.invoke(java.lang.Object, java.lang.Object[])' on a null object reference
2026-04-28 13:55:30.627 32111-32111 ResourcesManagerExtImpl com.halil.ozel.exoplayerdemo         D  applyConfigurationToAppResourcesLocked app.getDisplayId() return callback.displayId:-1
2026-04-28 13:55:30.629 32111-32111 Choreographer           com.halil.ozel.exoplayerdemo         I  Skipped 30 frames!  The application may be doing too much work on its main thread.
2026-04-28 13:55:30.629 32111-32111 Quality                 com.halil.ozel.exoplayerdemo         I  Skipped: false 1 cost 26.140312 refreshRate 16578628 bit true processName com.halil.ozel.exoplayerdemo
2026-04-28 13:55:30.631 32111-32111 OplusBracketLog         com.halil.ozel.exoplayerdemo         E  [OplusViewMirrorManager] updateHostViewRootIfNeeded, not support android.view.ViewRootImpl@4ea7a4
2026-04-28 13:55:30.632 32111-32111 SurfaceView             com.halil.ozel.exoplayerdemo         I  215031507 onAttachedToWindow
2026-04-28 13:55:30.638 32111-32111 ViewRootImplExtImpl     com.halil.ozel.exoplayerdemo         D  wrapConfigInfoIntoFlags rotation=0, smallestScreenWidthDp=361, relayoutAsync=false, newFlags=23658496, title=com.halil.ozel.exoplayerdemo/com.halil.ozel.exoplayerdemo.MainActivity
2026-04-28 13:55:30.647 32111-32111 VRI[MainActivity]       com.halil.ozel.exoplayerdemo         D  relayoutWindow result, sizeChanged:true, surfaceControlChanged:true, transformHintChanged:true, mSurfaceSize:Point(1264, 2780), mLastSurfaceSize:Point(0, 0), mWidth:-1, mHeight:-1, requestedWidth:1264, requestedHeight:2780, transformHint:0, lastTransformHint:-2147483648, installOrientation:0, displayRotation:0, isSurfaceValid:true, attr.flag:-2122251904, useBlast:true, tmpFrames:ClientWindowFrames{frame=[0,0][1264,2780] display=[0,0][1264,2780] parentFrame=[0,0][0,0]}, params:{(0,0)(fillxfill) sim={adjust=pan forwardNavigation} ty=BASE_APPLICATION fmt=TRANSLUCENT wanim=0x10302fe
                                                                                                      fl=KEEP_SCREEN_ON LAYOUT_IN_SCREEN LAYOUT_INSET_DECOR SPLIT_TOUCH HARDWARE_ACCELERATED DRAWS_SYSTEM_BAR_BACKGROUNDS
                                                                                                      pfl=NO_MOVE_ANIMATION FORCE_DRAW_STATUS_BAR_BACKGROUND USE_BLAST FIT_INSETS_CONTROLLED
                                                                                                      bhv=DEFAULT
                                                                                                      fitSides= CLP[ ]}
2026-04-28 13:55:30.647 32111-32111 VRI[MainActivity]       com.halil.ozel.exoplayerdemo         W  updateBlastSurfaceIfNeeded, surfaceSize:Point(1264, 2780), lastSurfaceSize:Point(0, 0), format:-3, blastBufferQueue:null
2026-04-28 13:55:30.651 32111-32111 BufferQueueConsumer     com.halil.ozel.exoplayerdemo         D  [](id:7d6f00000000,api:0,p:-1,c:32111) connect: controlledByApp=false
2026-04-28 13:55:30.651 32111-32111 l.exoplayerdemo         com.halil.ozel.exoplayerdemo         W  Unable to find dolphin functions!
2026-04-28 13:55:30.651 32111-32111 ExtensionsLoader        com.halil.ozel.exoplayerdemo         D  createInstance(64bit) : createExtendedFactory
2026-04-28 13:55:30.651 32111-32111 ExtensionsLoader        com.halil.ozel.exoplayerdemo         D  Opened libSchedAssistExtImpl.so
2026-04-28 13:55:30.653 32111-32137 AdrenoGLES-0            com.halil.ozel.exoplayerdemo         I  QUALCOMM build                   : 26ced7efa1, I34176f3f01
                                                                                                    Build Date                       : 03/26/24
                                                                                                    OpenGL ES Shader Compiler Version: E031.45.02.08
                                                                                                    Local Branch                     : 
                                                                                                    Remote Branch                    : refs/tags/AU_LINUX_ANDROID_LA.VENDOR.14.3.0.11.00.00.973.498
                                                                                                    Remote Branch                    : NONE
                                                                                                    Reconstruct Branch               : NOTHING
2026-04-28 13:55:30.653 32111-32137 AdrenoGLES-0            com.halil.ozel.exoplayerdemo         I  Build Config                     : S P 16.1.2 AArch64
2026-04-28 13:55:30.653 32111-32137 AdrenoGLES-0            com.halil.ozel.exoplayerdemo         I  Driver Path                      : /vendor/lib64/egl/libGLESv2_adreno.so
2026-04-28 13:55:30.653 32111-32137 AdrenoGLES-0            com.halil.ozel.exoplayerdemo         I  Driver Version                   : 0762.14
2026-04-28 13:55:30.653 32111-32137 AdrenoGLES-0            com.halil.ozel.exoplayerdemo         I  Process Name                     : com.halil.ozel.exoplayerdemo
2026-04-28 13:55:30.654 32111-32111 OplusDisplayModeManager com.halil.ozel.exoplayerdemo         E  has been initialized.
2026-04-28 13:55:30.657 32111-32137 AdrenoGLES-0            com.halil.ozel.exoplayerdemo         I  PFP: 0x01310168, ME: 0x00000000
2026-04-28 13:55:30.660 32111-32111 BufferQueueConsumer     com.halil.ozel.exoplayerdemo         D  [](id:7d6f00000001,api:0,p:-1,c:32111) connect: controlledByApp=false
2026-04-28 13:55:30.661 32111-32111 SurfaceView             com.halil.ozel.exoplayerdemo         I  215031507 visibleChanged -- surfaceCreated 
2026-04-28 13:55:30.661 32111-32111 SurfaceView             com.halil.ozel.exoplayerdemo         D  215031507 handleSyncNoBuffer
2026-04-28 13:55:30.662 32111-32137 AdrenoUtils             com.halil.ozel.exoplayerdemo         I  <ReadGpuID:357>: Reading chip ID through GSL
2026-04-28 13:55:30.662 32111-32111 SurfaceView             com.halil.ozel.exoplayerdemo         D  215031507 finishedDrawing
2026-04-28 13:55:30.663 32111-32111 SurfaceView             com.halil.ozel.exoplayerdemo         D  215031507 performDrawFinished mAttachedToWindow true
2026-04-28 13:55:30.667 32111-32137 BufferQueueProducer     com.halil.ozel.exoplayerdemo         D  [VRI[MainActivity]#0(BLAST Consumer)0](id:7d6f00000000,api:1,p:32111,c:32111) connect: api=1 producerControlledByApp=true
2026-04-28 13:55:30.667 32111-32137 OpenGLRenderer          com.halil.ozel.exoplayerdemo         E  Unable to match the desired swap behavior.
2026-04-28 13:55:30.668 32111-32111 SurfaceControl          com.halil.ozel.exoplayerdemo         I   setExtendedRangeBrightness sc=Surface(name=com.halil.ozel.exoplayerdemo/com.halil.ozel.exoplayerdemo.MainActivity)/@0xc7d41d4,currentBufferRatio=1.0,desiredRatio=1.0
2026-04-28 13:55:30.668 32111-32111 SurfaceView             com.halil.ozel.exoplayerdemo         D  215031507 dispatchDraw mDrawFinished true isAboveParent false (mPrivateFlags & PFLAG_SKIP_DRAW) 128
2026-04-28 13:55:30.668 32111-32111 SurfaceView             com.halil.ozel.exoplayerdemo         D  215031507 clearSurfaceViewPort mCornerRadius 0.0
2026-04-28 13:55:30.677 32111-32137 BLASTBufferQueue        com.halil.ozel.exoplayerdemo         D  [VRI[MainActivity]#0](f:0,a:1) acquireNextBufferLocked size=1264x2780 mFrameNumber=1 applyTransaction=true mTimestamp=894224250675857(auto) mPendingTransactions.size=0 graphicBufferId=137915694841856 transform=0
2026-04-28 13:55:30.677 32111-32137 VRI[MainActivity]       com.halil.ozel.exoplayerdemo         D  Received frameCommittedCallback lastAttemptedDrawFrameNum=1 didProduceBuffer=true syncBuffer=false
2026-04-28 13:55:30.677 32111-32111 VRI[MainActivity]       com.halil.ozel.exoplayerdemo         D  draw finished.
2026-04-28 13:55:30.678 32111-32111 VRI[MainActivity]       com.halil.ozel.exoplayerdemo         D  reportDrawFinished
2026-04-28 13:55:30.678 32111-32111 ViewRootImplExtImpl     com.halil.ozel.exoplayerdemo         D  setMaxDequeuedBufferCount: 2
2026-04-28 13:55:30.681 32111-32111 Quality                 com.halil.ozel.exoplayerdemo         I  Skipped: false 1 cost 32.725044 refreshRate 16666666 bit true processName com.halil.ozel.exoplayerdemo
2026-04-28 13:55:30.681 32111-32111 VRI[MainActivity]       com.halil.ozel.exoplayerdemo         W  handleResized, msg:5, frameChanged:false, configChanged:false, displayChanged:false, attachedFrameChanged:false, compatScaleChanged:false, pendingDragResizing=false
2026-04-28 13:55:30.684 32111-32118 l.exoplayerdemo         com.halil.ozel.exoplayerdemo         I  Compiler allocated 6287KB to compile void android.view.ViewRootImpl.performTraversals()
2026-04-28 13:55:30.684 32111-32137 VRI[MainActivity]       com.halil.ozel.exoplayerdemo         D  Received frameCommittedCallback lastAttemptedDrawFrameNum=2 didProduceBuffer=false syncBuffer=false
2026-04-28 13:55:30.685 32111-32111 VRI[MainActivity]       com.halil.ozel.exoplayerdemo         D  draw finished.
2026-04-28 13:55:30.685 32111-32111 VRI[MainActivity]       com.halil.ozel.exoplayerdemo         D  reportDrawFinished
2026-04-28 13:55:30.688  1685-7696  ANDR-PERF-LM            ven...ti.hardware.perf2-hal-service  E  PrefAppsDB: get_total_pkg_bindapp_count() 663: App = (com.halil.ozel.exoplayerdemo) not found in LatData DB.
2026-04-28 13:55:30.701 32111-32111 VRI[MainActivity]       com.halil.ozel.exoplayerdemo         D  onFocusEvent true
2026-04-28 13:55:31.191 32111-32151 Compatibil...geReporter com.halil.ozel.exoplayerdemo         D  Compat change id reported: 263076149; UID 10462; state: ENABLED
2026-04-28 13:55:31.303 32111-32143 AudioCapabilities       com.halil.ozel.exoplayerdemo         W  Unsupported mime audio/alac
2026-04-28 13:55:31.304 32111-32143 AudioCapabilities       com.halil.ozel.exoplayerdemo         W  Unsupported mime audio/x-ape
2026-04-28 13:55:31.304 32111-32143 AudioCapabilities       com.halil.ozel.exoplayerdemo         W  Unsupported mime audio/dsd
2026-04-28 13:55:31.304 32111-32143 AudioCapabilities       com.halil.ozel.exoplayerdemo         W  Unsupported mime audio/amr-wb-plus
2026-04-28 13:55:31.304 32111-32143 AudioCapabilities       com.halil.ozel.exoplayerdemo         W  Unsupported mime audio/amr-wb+
2026-04-28 13:55:31.305 32111-32143 AudioCapabilities       com.halil.ozel.exoplayerdemo         W  Unsupported mime audio/x-ms-wma
2026-04-28 13:55:31.305 32111-32143 AudioCapabilities       com.halil.ozel.exoplayerdemo         W  Unsupported mime audio/alac
2026-04-28 13:55:31.305 32111-32143 AudioCapabilities       com.halil.ozel.exoplayerdemo         W  Unsupported mime audio/x-ape
2026-04-28 13:55:31.321 32111-32143 VideoCapabilities       com.halil.ozel.exoplayerdemo         W  Unsupported mime image/vnd.android.heic
2026-04-28 13:55:31.321 32111-32143 VideoCapabilities       com.halil.ozel.exoplayerdemo         W  Unsupported mime image/vnd.android.heic
2026-04-28 13:55:31.321 32111-32143 VideoCapabilities       com.halil.ozel.exoplayerdemo         W  Unsupported mime video/dolby-vision
2026-04-28 13:55:31.322 32111-32143 VideoCapabilities       com.halil.ozel.exoplayerdemo         W  Unsupported mime video/dolby-vision
2026-04-28 13:55:31.322 32111-32143 VideoCapabilities       com.halil.ozel.exoplayerdemo         W  Unsupported mime video/dolby-vision
2026-04-28 13:55:31.708 32111-32156 OplusScrollToTopManager com.halil.ozel.exoplayerdemo         D  com.halil.ozel.exoplayerdemo/com.halil.ozel.exoplayerdemo.MainActivity,This DecorView@68d030c[MainActivity] change focus to true
2026-04-28 13:55:32.066 32111-32156 OplusSyste...ureExtImpl com.halil.ozel.exoplayerdemo         D  regionString = null
2026-04-28 13:55:32.114 32111-32111 OplusInput...erInternal com.halil.ozel.exoplayerdemo         D  get inputMethodManager extension: com.android.internal.view.IInputMethodManager$Stub$Proxy@3c4bf82
2026-04-28 13:55:32.116 32111-32111 ViewRootImplExtImpl     com.halil.ozel.exoplayerdemo         D  MotionEvent MotionEvent { action=ACTION_UP, actionButton=0, id[0]=0, x[0]=809.53613, y[0]=1945.1299, toolType[0]=TOOL_TYPE_FINGER, buttonState=0, classification=NONE, metaState=0, flags=0x0, edgeFlags=0x0, pointerCount=1, historySize=0, eventTime=894225685, downTime=894225617, deviceId=6, source=0x1002, displayId=0, eventId=550821750 } handled by client, just return
2026-04-28 13:55:35.095 32111-32143 ExoPlayerImplInternal   com.halil.ozel.exoplayerdemo         E  Playback error (Ask Gemini)
                                                                                                      androidx.media3.exoplayer.ExoPlaybackException: Source error
                                                                                                          at androidx.media3.exoplayer.ExoPlayerImplInternal.handleIoException(ExoPlayerImplInternal.java:864)
                                                                                                          at androidx.media3.exoplayer.ExoPlayerImplInternal.handleMessage(ExoPlayerImplInternal.java:836)
                                                                                                          at android.os.Handler.dispatchMessage(Handler.java:102)
                                                                                                          at android.os.Looper.loopOnce(Looper.java:257)
                                                                                                          at android.os.Looper.loop(Looper.java:368)
                                                                                                          at android.os.HandlerThread.run(HandlerThread.java:67)
                                                                                                      Caused by: androidx.media3.datasource.HttpDataSource$InvalidResponseCodeException: Response code: 403
                                                                                                          at androidx.media3.datasource.DefaultHttpDataSource.open(DefaultHttpDataSource.java:401)
                                                                                                          at androidx.media3.datasource.StatsDataSource.open(StatsDataSource.java:88)
                                                                                                          at androidx.media3.exoplayer.source.chunk.InitializationChunk.load(InitializationChunk.java:103)
                                                                                                          at androidx.media3.exoplayer.upstream.Loader$LoadTask.run(Loader.java:453)
                                                                                                          at java.util.concurrent.ThreadPoolExecutor.runWorker(ThreadPoolExecutor.java:1154)
                                                                                                          at java.util.concurrent.ThreadPoolExecutor$Worker.run(ThreadPoolExecutor.java:652)
                                                                                                          at java.lang.Thread.run(Thread.java:1564)
2026-04-28 13:55:35.116 32111-32111 ExoPlayerDemo           com.halil.ozel.exoplayerdemo         E  Player error: Source error
2026-04-28 13:55:35.116 32111-32111 ExoPlayerDemo           com.halil.ozel.exoplayerdemo         E  Error code: 2004
2026-04-28 13:55:35.116 32111-32111 ExoPlayerDemo           com.halil.ozel.exoplayerdemo         E  Error cause: Response code: 403
2026-04-28 13:55:35.116 32111-32111 ExoPlayerDemo           com.halil.ozel.exoplayerdemo         E  Unknown error code: 2004
2026-04-28 13:55:35.116 32111-32111 ExoPlayerDemo           com.halil.ozel.exoplayerdemo         D  Retrying in 2000ms (attempt 1/3)
2026-04-28 13:55:35.120 32111-32111 ExoPlayerDemo           com.halil.ozel.exoplayerdemo         D  PlaybackState changed to: IDLE
2026-04-28 13:55:35.121 32111-32111 ExoPlayerDemo           com.halil.ozel.exoplayerdemo         D  Player is idle
2026-04-28 13:55:36.502 32111-32217 ProfileInstaller        com.halil.ozel.exoplayerdemo         D  Installing profile for com.halil.ozel.exoplayerdemo
2026-04-28 13:55:37.122 32111-32111 ExoPlayerDemo           com.halil.ozel.exoplayerdemo         D  Retrying playback...
2026-04-28 13:55:37.123 32111-32111 ExoPlayerDemo           com.halil.ozel.exoplayerdemo         D  Playing channel: Gemini TV HD
2026-04-28 13:55:37.123 32111-32111 ExoPlayerDemo           com.halil.ozel.exoplayerdemo         D  Stream URL: https://servertvhub.site/superlive/mpd.php?id=897
2026-04-28 13:55:37.123 32111-32111 ExoPlayerDemo           com.halil.ozel.exoplayerdemo         D  License Type: clearkey
2026-04-28 13:55:37.123 32111-32111 ExoPlayerDemo           com.halil.ozel.exoplayerdemo         D  License Key: https://servertvhub.site/superlive/keys.php?id=897
2026-04-28 13:55:37.123 32111-32111 ExoPlayerDemo           com.halil.ozel.exoplayerdemo         D  HTTP Headers: {}
2026-04-28 13:55:37.123 32111-32111 ExoPlayerDemo           com.halil.ozel.exoplayerdemo         D  User Agent: null
2026-04-28 13:55:37.124 32111-32111 ExoPlayerDemo           com.halil.ozel.exoplayerdemo         D  Final HTTP Headers: {User-Agent=plaYtv/7.1.3 (Linux;Android 14) ExoPlayerLib/2.11.7, Referer=https://www.jiotv.com/, Origin=https://www.jiotv.com}
2026-04-28 13:55:37.124 32111-32111 DrmHelper               com.halil.ozel.exoplayerdemo         D  createMediaSource called
2026-04-28 13:55:37.124 32111-32111 DrmHelper               com.halil.ozel.exoplayerdemo         D    Stream URL: https://servertvhub.site/superlive/mpd.php?id=897
2026-04-28 13:55:37.124 32111-32111 DrmHelper               com.halil.ozel.exoplayerdemo         D    License Type: clearkey
2026-04-28 13:55:37.124 32111-32111 DrmHelper               com.halil.ozel.exoplayerdemo         D    License Key: https://servertvhub.site/superlive/keys.php?id=897
2026-04-28 13:55:37.124 32111-32111 DrmHelper               com.halil.ozel.exoplayerdemo         D    HTTP Headers: {User-Agent=plaYtv/7.1.3 (Linux;Android 14) ExoPlayerLib/2.11.7, Referer=https://www.jiotv.com/, Origin=https://www.jiotv.com}
2026-04-28 13:55:37.124 32111-32111 DrmHelper               com.halil.ozel.exoplayerdemo         D  ========== START DrmHelper.createMediaSource DRM handling ==========
2026-04-28 13:55:37.125 32111-32111 DrmHelper               com.halil.ozel.exoplayerdemo         D  licenseType: clearkey
2026-04-28 13:55:37.125 32111-32111 DrmHelper               com.halil.ozel.exoplayerdemo         D  licenseKey: https://servertvhub.site/superlive/keys.php?id=897
2026-04-28 13:55:37.125 32111-32111 DrmHelper               com.halil.ozel.exoplayerdemo         D  httpHeaders: {User-Agent=plaYtv/7.1.3 (Linux;Android 14) ExoPlayerLib/2.11.7, Referer=https://www.jiotv.com/, Origin=https://www.jiotv.com}
2026-04-28 13:55:37.125 32111-32111 DrmHelper               com.halil.ozel.exoplayerdemo         D  Processing clearkey DRM...
2026-04-28 13:55:37.125 32111-32111 LicenseKeyHandler       com.halil.ozel.exoplayerdemo         D  ========== START processLicenseKey ==========
2026-04-28 13:55:37.125 32111-32111 LicenseKeyHandler       com.halil.ozel.exoplayerdemo         D  License key: https://servertvhub.site/superlive/keys.php?id=897...
2026-04-28 13:55:37.125 32111-32111 LicenseKeyHandler       com.halil.ozel.exoplayerdemo         D  HTTP Headers: {User-Agent=plaYtv/7.1.3 (Linux;Android 14) ExoPlayerLib/2.11.7, Referer=https://www.jiotv.com/, Origin=https://www.jiotv.com}
2026-04-28 13:55:37.125 32111-32111 LicenseKeyHandler       com.halil.ozel.exoplayerdemo         D  Detected URL format, calling fetchKeysFromServer
2026-04-28 13:55:37.125 32111-32111 LicenseKeyHandler       com.halil.ozel.exoplayerdemo         D  ========== START fetchKeysFromServer ==========
2026-04-28 13:55:37.125 32111-32111 LicenseKeyHandler       com.halil.ozel.exoplayerdemo         D  URL: https://servertvhub.site/superlive/keys.php?id=897
2026-04-28 13:55:37.126 32111-32111 LicenseKeyHandler       com.halil.ozel.exoplayerdemo         D  HTTP Headers: {User-Agent=plaYtv/7.1.3 (Linux;Android 14) ExoPlayerLib/2.11.7, Referer=https://www.jiotv.com/, Origin=https://www.jiotv.com}
2026-04-28 13:55:37.127 32111-32221 LicenseKeyHandler       com.halil.ozel.exoplayerdemo         D  Trying GET method...
2026-04-28 13:55:37.463 32111-32221 LicenseKeyHandler       com.halil.ozel.exoplayerdemo         D  License server response code: 200
2026-04-28 13:55:37.465 32111-32221 LicenseKeyHandler       com.halil.ozel.exoplayerdemo         D  License server response length: 181
2026-04-28 13:55:37.466 32111-32221 LicenseKeyHandler       com.halil.ozel.exoplayerdemo         D  License server response: {
                                                                                                        "keys": [
                                                                                                            {
                                                                                                                "kty": "oct",
                                                                                                                "kid": "DQMXtXwEWEKnAEg6RvEhLg",
                                                                                                                "k": "zZ8HpD6Jsyvzrxv8fmyEsg"
