2026-04-28 13:54:40.488 30632-30632 Quality                 com.halil.ozel.exoplayerdemo         I  Skipped: false 1 cost 13.951884 refreshRate 8289717 bit true processName com.halil.ozel.exoplayerdemo
2026-04-28 13:54:40.874 30632-30632 VRI[MainActivity]       com.halil.ozel.exoplayerdemo         D  onFocusEvent true
2026-04-28 13:54:40.919 30632-30632 ViewRootImplExtImpl     com.halil.ozel.exoplayerdemo         D  onDisplayChanged 0 for VRI android.view.ViewRootImpl@4ea7a4
2026-04-28 13:54:41.849 30632-30973 ProfileInstaller        com.halil.ozel.exoplayerdemo         D  Installing profile for com.halil.ozel.exoplayerdemo
2026-04-28 13:54:41.879 30632-30863 OplusScrollToTopManager com.halil.ozel.exoplayerdemo         D  com.halil.ozel.exoplayerdemo/com.halil.ozel.exoplayerdemo.MainActivity,This DecorView@68d030c[MainActivity] change focus to true
2026-04-28 13:54:41.916 30632-30863 OplusSyste...ureExtImpl com.halil.ozel.exoplayerdemo         D  regionString = null
2026-04-28 13:54:41.956 30632-30632 OplusInput...erInternal com.halil.ozel.exoplayerdemo         D  get inputMethodManager extension: com.android.internal.view.IInputMethodManager$Stub$Proxy@ea3a8b8
2026-04-28 13:54:41.957 30632-30632 ViewRootImplExtImpl     com.halil.ozel.exoplayerdemo         D  MotionEvent MotionEvent { action=ACTION_UP, actionButton=0, id[0]=0, x[0]=716.84375, y[0]=2004.1279, toolType[0]=TOOL_TYPE_FINGER, buttonState=0, classification=NONE, metaState=0, flags=0x0, edgeFlags=0x0, pointerCount=1, historySize=0, eventTime=894175526, downTime=894175467, deviceId=6, source=0x1002, displayId=0, eventId=524552988 } handled by client, just return
2026-04-28 13:54:50.135 30632-30632 ViewRootImplExtImpl     com.halil.ozel.exoplayerdemo         D  MotionEvent MotionEvent { action=ACTION_UP, actionButton=0, id[0]=0, x[0]=607.05176, y[0]=1458.9473, toolType[0]=TOOL_TYPE_FINGER, buttonState=0, classification=NONE, metaState=0, flags=0x0, edgeFlags=0x0, pointerCount=1, historySize=0, eventTime=894183681, downTime=894183634, deviceId=6, source=0x1002, displayId=0, eventId=114587782 } handled by client, just return
2026-04-28 13:54:50.136 30632-30632 Quality                 com.halil.ozel.exoplayerdemo         I  Skipped: true 1 cost 20.2154 refreshRate 16578015 bit true processName com.halil.ozel.exoplayerdemo
2026-04-28 13:54:50.151 30632-30632 MessageQueue            com.halil.ozel.exoplayerdemo         W  Handler (android.os.Handler) {3aeafe8} sending message to a Handler on a dead thread (Ask Gemini)
                                                                                                    java.lang.IllegalStateException: Handler (android.os.Handler) {3aeafe8} sending message to a Handler on a dead thread
                                                                                                    	at android.os.MessageQueue.enqueueMessage(MessageQueue.java:601)
                                                                                                    	at android.os.Handler.enqueueMessage(Handler.java:786)
                                                                                                    	at android.os.Handler.sendMessageAtTime(Handler.java:735)
                                                                                                    	at android.os.Handler.sendMessageDelayed(Handler.java:705)
                                                                                                    	at android.os.Handler.sendMessage(Handler.java:643)
                                                                                                    	at android.os.Message.sendToTarget(Message.java:468)
                                                                                                    	at androidx.media3.common.util.SystemHandlerWrapper$SystemMessage.sendToTarget(SystemHandlerWrapper.java:160)
                                                                                                    	at androidx.media3.exoplayer.ExoPlayerImplInternal.prepare(ExoPlayerImplInternal.java:366)
                                                                                                    	at androidx.media3.exoplayer.ExoPlayerImpl.prepare(ExoPlayerImpl.java:536)
                                                                                                    	at androidx.media3.common.util.Util.handlePlayButtonAction(Util.java:3693)
                                                                                                    	at androidx.media3.common.util.Util.handlePlayPauseButtonAction(Util.java:3752)
                                                                                                    	at androidx.media3.ui.PlayerControlView$ComponentListener.onClick(PlayerControlView.java:1904)
                                                                                                    	at android.view.View.performClick(View.java:7741)
                                                                                                    	at android.view.View.performClickInternal(View.java:7711)
                                                                                                    	at android.view.View.-$$Nest$mperformClickInternal(Unknown Source:0)
                                                                                                    	at android.view.View$PerformClick.run(View.java:30639)
                                                                                                    	at android.os.Handler.handleCallback(Handler.java:958)
                                                                                                    	at android.os.Handler.dispatchMessage(Handler.java:99)
                                                                                                    	at android.os.Looper.loopOnce(Looper.java:257)
                                                                                                    	at android.os.Looper.loop(Looper.java:368)
                                                                                                    	at android.app.ActivityThread.main(ActivityThread.java:8848)
                                                                                                    	at java.lang.reflect.Method.invoke(Native Method)
                                                                                                    	at com.android.internal.os.RuntimeInit$MethodAndArgsCaller.run(RuntimeInit.java:572)
                                                                                                    	at com.android.internal.os.ZygoteInit.main(ZygoteInit.java:1049)
2026-04-28 13:54:55.837 30632-30632 ViewRootImplExtImpl     com.halil.ozel.exoplayerdemo         D  MotionEvent MotionEvent { action=ACTION_UP, actionButton=0, id[0]=0, x[0]=638.1494, y[0]=1451.8477, toolType[0]=TOOL_TYPE_FINGER, buttonState=0, classification=NONE, metaState=0, flags=0x0, edgeFlags=0x0, pointerCount=1, historySize=0, eventTime=894189406, downTime=894189253, deviceId=6, source=0x1002, displayId=0, eventId=206433156 } handled by client, just return
2026-04-28 13:54:55.842 30632-30632 MessageQueue            com.halil.ozel.exoplayerdemo         W  Handler (android.os.Handler) {3aeafe8} sending message to a Handler on a dead thread (Ask Gemini)
                                                                                                    java.lang.IllegalStateException: Handler (android.os.Handler) {3aeafe8} sending message to a Handler on a dead thread
                                                                                                    	at android.os.MessageQueue.enqueueMessage(MessageQueue.java:601)
                                                                                                    	at android.os.Handler.enqueueMessage(Handler.java:786)
                                                                                                    	at android.os.Handler.sendMessageAtTime(Handler.java:735)
                                                                                                    	at android.os.Handler.sendMessageDelayed(Handler.java:705)
                                                                                                    	at android.os.Handler.sendMessage(Handler.java:643)
                                                                                                    	at android.os.Message.sendToTarget(Message.java:468)
                                                                                                    	at androidx.media3.common.util.SystemHandlerWrapper$SystemMessage.sendToTarget(SystemHandlerWrapper.java:160)
                                                                                                    	at androidx.media3.exoplayer.ExoPlayerImplInternal.setPlayWhenReady(ExoPlayerImplInternal.java:376)
                                                                                                    	at androidx.media3.exoplayer.ExoPlayerImpl.updatePlayWhenReady(ExoPlayerImpl.java:2751)
                                                                                                    	at androidx.media3.exoplayer.ExoPlayerImpl.setPlayWhenReady(ExoPlayerImpl.java:801)
                                                                                                    	at androidx.media3.common.BasePlayer.pause(BasePlayer.java:118)
                                                                                                    	at androidx.media3.common.util.Util.handlePauseButtonAction(Util.java:3718)
                                                                                                    	at androidx.media3.common.util.Util.handlePlayPauseButtonAction(Util.java:3754)
                                                                                                    	at androidx.media3.ui.PlayerControlView$ComponentListener.onClick(PlayerControlView.java:1904)
                                                                                                    	at android.view.View.performClick(View.java:7741)
                                                                                                    	at android.view.View.performClickInternal(View.java:7711)
                                                                                                    	at android.view.View.-$$Nest$mperformClickInternal(Unknown Source:0)
                                                                                                    	at android.view.View$PerformClick.run(View.java:30639)
                                                                                                    	at android.os.Handler.handleCallback(Handler.java:958)
                                                                                                    	at android.os.Handler.dispatchMessage(Handler.java:99)
                                                                                                    	at android.os.Looper.loopOnce(Looper.java:257)
                                                                                                    	at android.os.Looper.loop(Looper.java:368)
                                                                                                    	at android.app.ActivityThread.main(ActivityThread.java:8848)
                                                                                                    	at java.lang.reflect.Method.invoke(Native Method)
                                                                                                    	at com.android.internal.os.RuntimeInit$MethodAndArgsCaller.run(RuntimeInit.java:572)
                                                                                                    	at com.android.internal.os.ZygoteInit.main(ZygoteInit.java:1049)
2026-04-28 13:54:56.131 30632-30641 l.exoplayerdemo         com.halil.ozel.exoplayerdemo         W  userfaultfd: MOVE ioctl seems unsupported: Connection timed out
2026-04-28 13:54:56.752 30632-30632 callGcSupression        com.halil.ozel.exoplayerdemo         D  java.lang.NullPointerException: Attempt to invoke virtual method 'java.lang.Object java.lang.reflect.Method.invoke(java.lang.Object, java.lang.Object[])' on a null object reference
2026-04-28 13:54:56.865 30632-30632 VRI[MainActivity]       com.halil.ozel.exoplayerdemo         D  onFocusEvent false
2026-04-28 13:54:57.423 30632-30632 callGcSupression        com.halil.ozel.exoplayerdemo         D  java.lang.NullPointerException: Attempt to invoke virtual method 'java.lang.Object java.lang.reflect.Method.invoke(java.lang.Object, java.lang.Object[])' on a null object reference
2026-04-28 13:54:57.423 30632-30632 ScrollOpti...neManager] com.halil.ozel.exoplayerdemo         D  updateCurrentActivity: mCurrentActivityName=null, isOptEnable=true, isAnimAheadEnable=true, isFrameInsertEnable=true, InsertNum=1, isEnabledForScrollChanged=false
2026-04-28 13:54:57.424 30632-30632 VRI[MainActivity]       com.halil.ozel.exoplayerdemo         D  setWindowStopped stopped:true
2026-04-28 13:54:57.444 30632-30632 SurfaceView             com.halil.ozel.exoplayerdemo         I  215031507 surfaceDestroyed
2026-04-28 13:54:57.444 30632-30632 BufferQueueProducer     com.halil.ozel.exoplayerdemo         D  [](id:77a800000003,api:0,p:-1,c:30632) disconnect: api -1
2026-04-28 13:54:57.444 30632-30632 BLASTBufferQueue        com.halil.ozel.exoplayerdemo         D  [SurfaceView[com.halil.ozel.exoplayerdemo/com.halil.ozel.exoplayerdemo.MainActivity]#3](f:0,a:0) destructor()
2026-04-28 13:54:57.444 30632-30632 BufferQueueConsumer     com.halil.ozel.exoplayerdemo         D  [SurfaceView[com.halil.ozel.exoplayerdemo/com.halil.ozel.exoplayerdemo.MainActivity]#3(BLAST Consumer)3](id:77a800000003,api:0,p:-1,c:30632) disconnect
2026-04-28 13:54:57.445 30632-30632 OpenGLRenderer          com.halil.ozel.exoplayerdemo         D  RenderProxy::destroy: this=0xb4000075c1c71780, mContext=0xb4000075c1e20000
2026-04-28 13:54:57.445 30632-30682 OpenGLRenderer          com.halil.ozel.exoplayerdemo         D  SkiaOpenGLPipeline::setSurface: this=0xb40000770de69200, surface=NULL
2026-04-28 13:54:57.445 30632-30682 BufferQueueProducer     com.halil.ozel.exoplayerdemo         D  [VRI[MainActivity]#2(BLAST Consumer)2](id:77a800000002,api:1,p:30632,c:30632) disconnect: api 1
2026-04-28 13:54:57.446 30632-30682 BLASTBufferQueue        com.halil.ozel.exoplayerdemo         D  [VRI[MainActivity]#2](f:0,a:3) destructor()
2026-04-28 13:54:57.447 30632-30682 BufferQueueConsumer     com.halil.ozel.exoplayerdemo         D  [VRI[MainActivity]#2(BLAST Consumer)2](id:77a800000002,api:0,p:-1,c:30632) disconnect
2026-04-28 13:54:57.448 30632-30632 ViewRootImplExtImpl     com.halil.ozel.exoplayerdemo         D  wrapConfigInfoIntoFlags rotation=0, smallestScreenWidthDp=361, relayoutAsync=false, newFlags=23658496, title=com.halil.ozel.exoplayerdemo/com.halil.ozel.exoplayerdemo.MainActivity
2026-04-28 13:54:57.455 30632-30632 VRI[MainActivity]       com.halil.ozel.exoplayerdemo         D  relayoutWindow result, sizeChanged:false, surfaceControlChanged:true, transformHintChanged:false, mSurfaceSize:Point(1264, 2780), mLastSurfaceSize:Point(1264, 2780), mWidth:1264, mHeight:2780, requestedWidth:1264, requestedHeight:2780, transformHint:0, lastTransformHint:0, installOrientation:0, displayRotation:0, isSurfaceValid:false, attr.flag:-2122251904, useBlast:true, tmpFrames:ClientWindowFrames{frame=[0,0][1264,2780] display=[0,0][1264,2780] parentFrame=[0,0][0,0]}, params:null
2026-04-28 13:54:57.458 30632-30646 VRI[MainActivity]       com.halil.ozel.exoplayerdemo         D  dispatchAppVisibility visible:false
---------------------------- PROCESS ENDED (30632) for package com.halil.ozel.exoplayerdemo ----------------------------
2026-04-28 13:54:57.878  1722-1722  qspmHal                 vendor.qti.qspmhal-service           E  setAppInfoH atPid = 30632, gpuFname:com.halil.ozel.exoplayerdemo, gpuFver:20
2026-04-28 13:55:00.241  2990-4230  UAH_JNI                 system_server                        E  uah_event_acquire ! cmdId: 1 ,strPkg: com.halil.ozel.exoplayerdemo, strIdent: com.android.server.wm, timeout: 2000
2026-04-28 13:55:00.276  1722-1722  qspmHal                 vendor.qti.qspmhal-service           E  setAppInfoH atPid = 31408, gpuFname:com.halil.ozel.exoplayerdemo, gpuFver:21
2026-04-28 13:55:00.296  4774-4774  UAH_JNI                 com.android.launcher                 E  uah_event_acquire ! cmdId: 85 ,strPkg: com.halil.ozel.exoplayerdemo, strIdent: GpuBoost, timeout: 1000
2026-04-28 13:55:00.319  2990-4230  UAH_JNI                 system_server                        E  uah_event_acquire ! cmdId: 0 ,strPkg: com.halil.ozel.exoplayerdemo, strIdent: com.android.server.wm, timeout: 720
2026-04-28 13:55:00.321  2990-3234  OplusThermalStats       system_server                        E  Error getting package info: com.halil.ozel.exoplayerdemo
---------------------------- PROCESS STARTED (31408) for package com.halil.ozel.exoplayerdemo ----------------------------
2026-04-28 13:55:00.360 31408-31408 OplusFeatureCache       com.halil.ozel.exoplayerdemo         I  Milliseconds spent on init(): 18
2026-04-28 13:55:00.361 31408-31408 CompactWindowAppManager com.halil.ozel.exoplayerdemo         D  initCompactApplicationInfo CompactMode: , NormalMode: 
2026-04-28 13:55:00.364 31408-31408 OplusScrollToTopManager com.halil.ozel.exoplayerdemo         D  setIsInWhiteList false
2026-04-28 13:55:00.365 31408-31408 OplusViewDebugManager   com.halil.ozel.exoplayerdemo         D  OplusViewDebugManager Constructor android.view.debug.OplusViewDebugManager@6e42ef6 [mHasViewDebugProperty true] [mHasMsgDebugProperty false] [DEBUG false] [EXTRAINFOENABLE false] [LIGHT_OS false]
2026-04-28 13:55:00.368 31408-31408 Compatibil...geReporter com.halil.ozel.exoplayerdemo         D  Compat change id reported: 242716250; UID 10462; state: ENABLED
2026-04-28 13:55:00.371 31408-31408 libc                    com.halil.ozel.exoplayerdemo         W  Access denied finding property "ro.odm.prev.product.name"
2026-04-28 13:55:00.464 31408-31408 nativeloader            com.halil.ozel.exoplayerdemo         D  Configuring clns-4 for other apk /data/app/~~qWC8bxk0hk9-hKx25Qsc9A==/com.halil.ozel.exoplayerdemo-skwlXl04azi2cybzA-yVHw==/base.apk. target_sdk_version=35, uses_libraries=, library_path=/data/app/~~qWC8bxk0hk9-hKx25Qsc9A==/com.halil.ozel.exoplayerdemo-skwlXl04azi2cybzA-yVHw==/lib/arm64, permitted_path=/data:/mnt/expand:/data/user/0/com.halil.ozel.exoplayerdemo
2026-04-28 13:55:00.468 31408-31408 nativeloader            com.halil.ozel.exoplayerdemo         D  Load libframework-connectivity-jni.so using APEX ns com_android_tethering for caller /apex/com.android.tethering/javalib/framework-connectivity.jar: ok
2026-04-28 13:55:00.471 31408-31408 GraphicsEnvironment     com.halil.ozel.exoplayerdemo         V  Currently set values for:
2026-04-28 13:55:00.471 31408-31408 GraphicsEnvironment     com.halil.ozel.exoplayerdemo         V    angle_gl_driver_selection_pkgs=[]
2026-04-28 13:55:00.471 31408-31408 GraphicsEnvironment     com.halil.ozel.exoplayerdemo         V    angle_gl_driver_selection_values=[]
2026-04-28 13:55:00.472 31408-31408 GraphicsEnvironment     com.halil.ozel.exoplayerdemo         V  ANGLE GameManagerService for com.halil.ozel.exoplayerdemo: false
2026-04-28 13:55:00.472 31408-31408 GraphicsEnvironment     com.halil.ozel.exoplayerdemo         V  com.halil.ozel.exoplayerdemo is not listed in per-application setting
2026-04-28 13:55:00.472 31408-31408 GraphicsEnvironment     com.halil.ozel.exoplayerdemo         V  Updatable production driver is not supported on the device.
2026-04-28 13:55:00.475 31408-31408 ResourcesManagerExtImpl com.halil.ozel.exoplayerdemo         D  applyConfigurationToAppResourcesLocked app.getDisplayId() return callback.displayId:-1
2026-04-28 13:55:00.481 31408-31408 nativeloader            com.halil.ozel.exoplayerdemo         D  Load libSchedAssistJni.so using system ns (caller=/system/framework/oplus-framework.jar): ok
2026-04-28 13:55:00.481 31408-31408 ExtensionsLoader        com.halil.ozel.exoplayerdemo         D  createInstance(64bit) : createExtendedFactory
2026-04-28 13:55:00.481 31408-31408 ExtensionsLoader        com.halil.ozel.exoplayerdemo         D  Opened libSchedAssistExtImpl.so
2026-04-28 13:55:00.481 31408-31408 SchedAssist             com.halil.ozel.exoplayerdemo         E  sysOpen failed with error=Permission denied
2026-04-28 13:55:00.481 31408-31408 SchedAssist             com.halil.ozel.exoplayerdemo         E  sharedImFd failed with error=Permission denied
2026-04-28 13:55:00.483 31408-31408 OplusGraphicsEvent      com.halil.ozel.exoplayerdemo         D  OplusGraphicsEventListener create now!
2026-04-28 13:55:00.484 31408-31408 OplusGraphicsEvent      com.halil.ozel.exoplayerdemo         D  addEventListener success!
2026-04-28 13:55:00.485  2990-8156  ScrollOpti...rfService] system_server                        E  isScrollOptimEnable: pkgName = com.halil.ozel.exoplayerdemo, output = Bundle[{pre_anim_enable=true, frame_insert_list=null, frame_insert_default_num=1, scroll_changed_enable_list=null}]
2026-04-28 13:55:00.485 31408-31408 ScrollOpti...igManager] com.halil.ozel.exoplayerdemo         D  initOptConfig: pkg= com.halil.ozel.exoplayerdemo, mOptEnable= true, mAnimAheadEnable= true, mInsertDefaultNum= 1, mFrameInsertEnableList= {}, mSCEnableList= []
2026-04-28 13:55:00.488 31408-31408 callGcSupression        com.halil.ozel.exoplayerdemo         D  java.lang.NullPointerException: Attempt to invoke virtual method 'java.lang.Object java.lang.reflect.Method.invoke(java.lang.Object, java.lang.Object[])' on a null object reference
2026-04-28 13:55:00.493 31408-31408 ResourcesManagerExtImpl com.halil.ozel.exoplayerdemo         D  applyConfigurationToAppResourcesLocked app.getDisplayId() return callback.displayId:-1
2026-04-28 13:55:00.496 31408-31456 l.exoplayerdemo         com.halil.ozel.exoplayerdemo         E  Loaded layer handle (7655714242283222051) for layer /my_product/lib64/libcolorx-loader.so
2026-04-28 13:55:00.496 31408-31456 l.exoplayerdemo         com.halil.ozel.exoplayerdemo         E  Looking for entrypoint ColorX_Check
2026-04-28 13:55:00.496 31408-31456 l.exoplayerdemo         com.halil.ozel.exoplayerdemo         E  Found ColorX_Check for /my_product/lib64/libcolorx-loader.so
2026-04-28 13:55:00.496 31408-31456 l.exoplayerdemo         com.halil.ozel.exoplayerdemo         E  Check failed
2026-04-28 13:55:00.502 31408-31408 oplus.andr...actoryImpl com.halil.ozel.exoplayerdemo         I  Unknow feature:IOplusTextViewRTLUtilForUG
2026-04-28 13:55:00.503 31408-31408 nativeloader            com.halil.ozel.exoplayerdemo         D  Load liboplushwui_jni.so using system ns (caller=/system/framework/oplus-framework.jar): ok
2026-04-28 13:55:00.516 31408-31408 OplusCusto...ionManager com.halil.ozel.exoplayerdemo         E  sInstance is null, start a new sInstance
2026-04-28 13:55:00.518 31408-31408 Compatibil...geReporter com.halil.ozel.exoplayerdemo         D  Compat change id reported: 210923482; UID 10462; state: ENABLED
2026-04-28 13:55:00.519 31408-31408 ExtensionsLoader        com.halil.ozel.exoplayerdemo         D  createInstance(64bit) : createExtendedFactory
2026-04-28 13:55:00.519 31408-31408 ExtensionsLoader        com.halil.ozel.exoplayerdemo         D  Opened libguiextimpl.so
2026-04-28 13:55:00.519 31408-31408 nativeloader            com.halil.ozel.exoplayerdemo         D  Load liboplusgui_jni.so using system ns (caller=/system/framework/oplus-framework.jar): ok
2026-04-28 13:55:00.530 31408-31408 Compatibil...geReporter com.halil.ozel.exoplayerdemo         D  Compat change id reported: 171228096; UID 10462; state: ENABLED
2026-04-28 13:55:00.530 31408-31408 ScrollOpti...tionHelper com.halil.ozel.exoplayerdemo         D  can't find the config file for optimizaiton
2026-04-28 13:55:00.530 31408-31408 ScrollOpti...tionHelper com.halil.ozel.exoplayerdemo         D  will not debug for debug is false
2026-04-28 13:55:00.530 31408-31408 oplus.andr...actoryImpl com.halil.ozel.exoplayerdemo         I  get feature:IOplusDynamicVsyncFeature
2026-04-28 13:55:00.531 31408-31408 oplus.andr...actoryImpl com.halil.ozel.exoplayerdemo         I  get feature:IOplusDynamicVsyncFeature
2026-04-28 13:55:00.531 31408-31408 oplus.andr...actoryImpl com.halil.ozel.exoplayerdemo         I  get feature:IOplusDynamicVsyncFeature
2026-04-28 13:55:00.549 31408-31408 oplus.andr...actoryImpl com.halil.ozel.exoplayerdemo         I  get feature:IOplusDynamicVsyncFeature
2026-04-28 13:55:00.549 31408-31408 oplus.andr...actoryImpl com.halil.ozel.exoplayerdemo         I  get feature:IOplusDynamicVsyncFeature
2026-04-28 13:55:00.549 31408-31408 oplus.andr...actoryImpl com.halil.ozel.exoplayerdemo         I  get feature:IOplusDynamicVsyncFeature
2026-04-28 13:55:00.553 31408-31408 DynamicFra...igManager] com.halil.ozel.exoplayerdemo         I  initFrameRateConfig: 
                                                                                                    	levels: [120, 60]
                                                                                                    	thresholds: [200]
                                                                                                    	scrollbar fade frame rate: 0
2026-04-28 13:55:00.553 31408-31408 DynamicFra...igManager] com.halil.ozel.exoplayerdemo         I  FRTCConfigManager: FRTC_CAPABILITY = 120, package name = com.halil.ozel.exoplayerdemo, WINDOW_ANIMATION_SPEED_RATE = 10, SCROLL_ANIMATION_SPEED_RATE = 20, MuitiWindowIdleFramerate = 60, PACKAGE_ENABLE = false
2026-04-28 13:55:00.553 31408-31408 DynamicFra...ontroller] com.halil.ozel.exoplayerdemo         I  init info: mPackageName = com.halil.ozel.exoplayerdemo, mIsEnabled = false
2026-04-28 13:55:00.559 31408-31408 OplusWindowManager      com.halil.ozel.exoplayerdemo         D  get WMS extension: android.os.BinderProxy@eb7e58b
2026-04-28 13:55:00.561 31408-31408 ExoPlayerDemo           com.halil.ozel.exoplayerdemo         D  Preparing ExoPlayer...
2026-04-28 13:55:00.566 31408-31408 ExoPlayerImpl           com.halil.ozel.exoplayerdemo         I  Init 6bd4f67 [AndroidXMedia3/1.7.1] [RE5CA6L1, RMX3851, realme, 34]
2026-04-28 13:55:00.572 31408-31408 l.exoplayerdemo         com.halil.ozel.exoplayerdemo         I  hiddenapi: Accessing hidden method Landroid/media/AudioTrack;->getLatency()I (runtime_flags=0, domain=platform, api=unsupported) from Landroidx/media3/exoplayer/audio/AudioTrackPositionTracker; (domain=app, TargetSdkVersion=35) using reflection: allowed
2026-04-28 13:55:00.585 31408-31408 OpenGLRenderer          com.halil.ozel.exoplayerdemo         D  --- Failed to create image decoder with message 'unimplemented'
2026-04-28 13:55:00.585 31408-31408 ExoPlayerDemo           com.halil.ozel.exoplayerdemo         D  ExoPlayer created, loading channel...
2026-04-28 13:55:00.587 31408-31408 ExoPlayerDemo           com.halil.ozel.exoplayerdemo         D  Parsed 1 channels
2026-04-28 13:55:00.587 31408-31408 ExoPlayerDemo           com.halil.ozel.exoplayerdemo         D  Playing channel: Gemini TV HD, URL: https://servertvhub.site/superlive/mpd.php?id=897
2026-04-28 13:55:00.587 31408-31408 ExoPlayerDemo           com.halil.ozel.exoplayerdemo         D  Playing channel: Gemini TV HD
2026-04-28 13:55:00.587 31408-31408 ExoPlayerDemo           com.halil.ozel.exoplayerdemo         D  Stream URL: https://servertvhub.site/superlive/mpd.php?id=897
2026-04-28 13:55:00.587 31408-31408 ExoPlayerDemo           com.halil.ozel.exoplayerdemo         D  License Type: clearkey
2026-04-28 13:55:00.587 31408-31408 ExoPlayerDemo           com.halil.ozel.exoplayerdemo         D  License Key: https://servertvhub.site/superlive/keys.php?id=897
2026-04-28 13:55:00.587 31408-31408 ExoPlayerDemo           com.halil.ozel.exoplayerdemo         D  HTTP Headers: {}
2026-04-28 13:55:00.587 31408-31408 ExoPlayerDemo           com.halil.ozel.exoplayerdemo         D  User Agent: null
2026-04-28 13:55:00.588 31408-31408 ExoPlayerDemo           com.halil.ozel.exoplayerdemo         D  Final HTTP Headers: {User-Agent=plaYtv/7.1.3 (Linux;Android 14) ExoPlayerLib/2.11.7, Referer=https://www.jiotv.com/, Origin=https://www.jiotv.com}
2026-04-28 13:55:00.588 31408-31408 DrmHelper               com.halil.ozel.exoplayerdemo         D  createMediaSource called
2026-04-28 13:55:00.588 31408-31408 DrmHelper               com.halil.ozel.exoplayerdemo         D    Stream URL: https://servertvhub.site/superlive/mpd.php?id=897
2026-04-28 13:55:00.588 31408-31408 DrmHelper               com.halil.ozel.exoplayerdemo         D    License Type: clearkey
2026-04-28 13:55:00.588 31408-31408 DrmHelper               com.halil.ozel.exoplayerdemo         D    License Key: https://servertvhub.site/superlive/keys.php?id=897
2026-04-28 13:55:00.588 31408-31408 DrmHelper               com.halil.ozel.exoplayerdemo         D    HTTP Headers: {User-Agent=plaYtv/7.1.3 (Linux;Android 14) ExoPlayerLib/2.11.7, Referer=https://www.jiotv.com/, Origin=https://www.jiotv.com}
2026-04-28 13:55:00.588 31408-31408 DrmHelper               com.halil.ozel.exoplayerdemo         D  ========== START DrmHelper.createMediaSource DRM handling ==========
2026-04-28 13:55:00.588 31408-31408 DrmHelper               com.halil.ozel.exoplayerdemo         D  licenseType: clearkey
2026-04-28 13:55:00.588 31408-31408 DrmHelper               com.halil.ozel.exoplayerdemo         D  licenseKey: https://servertvhub.site/superlive/keys.php?id=897
2026-04-28 13:55:00.588 31408-31408 DrmHelper               com.halil.ozel.exoplayerdemo         D  httpHeaders: {User-Agent=plaYtv/7.1.3 (Linux;Android 14) ExoPlayerLib/2.11.7, Referer=https://www.jiotv.com/, Origin=https://www.jiotv.com}
2026-04-28 13:55:00.588 31408-31408 DrmHelper               com.halil.ozel.exoplayerdemo         D  Processing clearkey DRM...
2026-04-28 13:55:00.588 31408-31408 LicenseKeyHandler       com.halil.ozel.exoplayerdemo         D  ========== START processLicenseKey ==========
2026-04-28 13:55:00.589 31408-31408 LicenseKeyHandler       com.halil.ozel.exoplayerdemo         D  License key: https://servertvhub.site/superlive/keys.php?id=897...
2026-04-28 13:55:00.589 31408-31408 LicenseKeyHandler       com.halil.ozel.exoplayerdemo         D  HTTP Headers: {User-Agent=plaYtv/7.1.3 (Linux;Android 14) ExoPlayerLib/2.11.7, Referer=https://www.jiotv.com/, Origin=https://www.jiotv.com}
2026-04-28 13:55:00.589 31408-31408 LicenseKeyHandler       com.halil.ozel.exoplayerdemo         D  Detected URL format, calling fetchKeysFromServer
2026-04-28 13:55:00.589 31408-31408 LicenseKeyHandler       com.halil.ozel.exoplayerdemo         D  ========== START fetchKeysFromServer ==========
2026-04-28 13:55:00.589 31408-31408 LicenseKeyHandler       com.halil.ozel.exoplayerdemo         D  URL: https://servertvhub.site/superlive/keys.php?id=897
2026-04-28 13:55:00.589 31408-31408 LicenseKeyHandler       com.halil.ozel.exoplayerdemo         D  HTTP Headers: {User-Agent=plaYtv/7.1.3 (Linux;Android 14) ExoPlayerLib/2.11.7, Referer=https://www.jiotv.com/, Origin=https://www.jiotv.com}
2026-04-28 13:55:00.589 31408-31488 LicenseKeyHandler       com.halil.ozel.exoplayerdemo         D  Trying GET method...
2026-04-28 13:55:00.915 31408-31488 LicenseKeyHandler       com.halil.ozel.exoplayerdemo         D  License server response code: 200
2026-04-28 13:55:00.916 31408-31488 LicenseKeyHandler       com.halil.ozel.exoplayerdemo         D  License server response length: 181
2026-04-28 13:55:00.916 31408-31488 LicenseKeyHandler       com.halil.ozel.exoplayerdemo         D  License server response: {
                                                                                                        "keys": [
                                                                                                            {
                                                                                                                "kty": "oct",
                                                                                                                "kid": "DQMXtXwEWEKnAEg6RvEhLg",
                                                                                                                "k": "zZ8HpD6Jsyvzrxv8fmyEsg"
                                                                                                            }
                                                                                                        ],
                                                                                                        "type": "temporary"
                                                                                                    }
2026-04-28 13:55:00.923 31408-31408 LicenseKeyHandler       com.halil.ozel.exoplayerdemo         D  ========== END fetchKeysFromServer, result: Success(kidHex=0d0317b57c045842a700483a46f1212e, keyHex=cd9f07a43e89b32bf3af1bfc7e6c84b2, clearKeyJson={"keys":[{"kty":"oct","k":"zZ8HpD6Jsyvzrxv8fmyEsg","kid":"DQMXtXwEWEKnAEg6RvEhLg"}],"type":"temporary"}) ==========
2026-04-28 13:55:00.923 31408-31408 LicenseKeyHandler       com.halil.ozel.exoplayerdemo         D  processLicenseKey result: Success(kidHex=0d0317b57c045842a700483a46f1212e, keyHex=cd9f07a43e89b32bf3af1bfc7e6c84b2, clearKeyJson={"keys":[{"kty":"oct","k":"zZ8HpD6Jsyvzrxv8fmyEsg","kid":"DQMXtXwEWEKnAEg6RvEhLg"}],"type":"temporary"})
2026-04-28 13:55:00.923 31408-31408 LicenseKeyHandler       com.halil.ozel.exoplayerdemo         D  ========== END processLicenseKey ==========
2026-04-28 13:55:00.923 31408-31408 DrmHelper               com.halil.ozel.exoplayerdemo         D  SUCCESS: License key processed - KID: 0d0317b57c045842a700483a46f1212e, KEY: cd9f07a43e89b32bf3af1bfc7e6c84b2
2026-04-28 13:55:00.923 31408-31408 DrmHelper               com.halil.ozel.exoplayerdemo         D  ClearKey JSON: {"keys":[{"kty":"oct","k":"zZ8HpD6Jsyvzrxv8fmyEsg","kid":"DQMXtXwEWEKnAEg6RvEhLg"}],"type":"temporary"}
2026-04-28 13:55:00.923 31408-31408 DrmHelper               com.halil.ozel.exoplayerdemo         D  ========== START createClearKeyDrmSessionManagerFromHex ==========
2026-04-28 13:55:00.923 31408-31408 DrmHelper               com.halil.ozel.exoplayerdemo         D  KID (hex): 0d0317b57c045842a700483a46f1212e
2026-04-28 13:55:00.923 31408-31408 DrmHelper               com.halil.ozel.exoplayerdemo         D  KEY (hex): cd9f07a43e89b32bf3af1bfc7e6c84b2
2026-04-28 13:55:00.923 31408-31408 DrmHelper               com.halil.ozel.exoplayerdemo         D  UUID: e2719d58-a985-b3c9-781a-b030af78d30e
2026-04-28 13:55:00.925 31408-31408 DrmHelper               com.halil.ozel.exoplayerdemo         D  Built ClearKey JSON: {"keys":[{"kty":"oct","k":"zZ8HpD6Jsyvzrxv8fmyEsg==","kid":"DQMXtXwEWEKnAEg6RvEhLg=="}],"type":"temporary"}
2026-04-28 13:55:00.925 31408-31408 DrmHelper               com.halil.ozel.exoplayerdemo         D  Created LocalMediaDrmCallback
2026-04-28 13:55:00.925 31408-31408 DrmHelper               com.halil.ozel.exoplayerdemo         D  Built DefaultDrmSessionManager.Builder
2026-04-28 13:55:00.927 31408-31408 DrmHelper               com.halil.ozel.exoplayerdemo         D  Built DrmSessionManager
2026-04-28 13:55:00.927 31408-31408 DrmHelper               com.halil.ozel.exoplayerdemo         D  ========== END createClearKeyDrmSessionManagerFromHex ==========
2026-04-28 13:55:00.927 31408-31408 DrmHelper               com.halil.ozel.exoplayerdemo         D  Created DRM session manager from hex keys
2026-04-28 13:55:00.927 31408-31408 DrmHelper               com.halil.ozel.exoplayerdemo         D  Applied request properties to data source: {Referer=https://www.jiotv.com/, Origin=https://www.jiotv.com, Accept=*/*, Accept-Encoding=identity}
2026-04-28 13:55:00.927 31408-31408 DrmHelper               com.halil.ozel.exoplayerdemo         D  Stream URL: https://servertvhub.site/superlive/mpd.php?id=897, Detected MIME type: application/dash+xml (isHls: false)
2026-04-28 13:55:00.927 31408-31408 DrmHelper               com.halil.ozel.exoplayerdemo         D  Using custom drmSessionManager for MediaItem
2026-04-28 13:55:00.927 31408-31408 DrmHelper               com.halil.ozel.exoplayerdemo         D  Creating DASH media source
2026-04-28 13:55:00.929 31408-31408 ExoPlayerDemo           com.halil.ozel.exoplayerdemo         D  MediaSource created successfully, preparing player...
2026-04-28 13:55:00.931 31408-31408 ExoPlayerDemo           com.halil.ozel.exoplayerdemo         D  Position discontinuity: 0 -> 0
2026-04-28 13:55:00.931 31408-31408 ExoPlayerDemo           com.halil.ozel.exoplayerdemo         D  PlaybackState changed to: BUFFERING
2026-04-28 13:55:00.931 31408-31408 ExoPlayerDemo           com.halil.ozel.exoplayerdemo         D  Player is buffering - waiting for data...
2026-04-28 13:55:00.932 31408-31408 Quality                 com.halil.ozel.exoplayerdemo         I  ActivityThread: activityStart delay 443 com.halil.ozel.exoplayerdemo 31408
2026-04-28 13:55:00.933 31408-31408 ScrollOpti...neManager] com.halil.ozel.exoplayerdemo         D  updateCurrentActivity: mCurrentActivityName=com.halil.ozel.exoplayerdemo.MainActivity, isOptEnable=true, isAnimAheadEnable=true, isFrameInsertEnable=true, InsertNum=1, isEnabledForScrollChanged=false
2026-04-28 13:55:00.933 31408-31408 ActivityThread          com.halil.ozel.exoplayerdemo         D  ComponentInfo{com.halil.ozel.exoplayerdemo/com.halil.ozel.exoplayerdemo.MainActivity} checkFinished=false 2
2026-04-28 13:55:00.934 31408-31408 ResourcesManagerExtImpl com.halil.ozel.exoplayerdemo         D  applyConfigurationToAppResourcesLocked app.getDisplayId() return callback.displayId:-1
2026-04-28 13:55:00.934 31408-31408 OplusInputMethodUtil    com.halil.ozel.exoplayerdemo         D  init sDebug to false, init sDebugIme to false, init sAlwaysOn to false
2026-04-28 13:55:00.934 31408-31408 OplusInputMethodUtil    com.halil.ozel.exoplayerdemo         D  updateDebugToClass InputMethodManager.DEBUG = false
2026-04-28 13:55:00.934 31408-31408 OplusInputMethodUtil    com.halil.ozel.exoplayerdemo         D  updateDebugToClass ImeFocusController.DEBUG = false
2026-04-28 13:55:00.934 31408-31408 OplusInputMethodUtil    com.halil.ozel.exoplayerdemo         D  updateDebugToClass BaseInputConnection.DEBUG = false
2026-04-28 13:55:00.936 31408-31484 DrmHalHidl              com.halil.ozel.exoplayerdemo         I  No hidl drm factories found
2026-04-28 13:55:00.936 31408-31484 DrmHalHidl              com.halil.ozel.exoplayerdemo         E  Failed to find passthrough drm factories
2026-04-28 13:55:00.937 31408-31484 DrmUtils                com.halil.ozel.exoplayerdemo         I  found IDrmFactory. Instance name:[android.hardware.drm.IDrmFactory/clearkey]
2026-04-28 13:55:00.937 31408-31408 Compatibil...geReporter com.halil.ozel.exoplayerdemo         D  Compat change id reported: 237531167; UID 10462; state: DISABLED
2026-04-28 13:55:00.938 31408-31484 DrmUtils                com.halil.ozel.exoplayerdemo         I  found IDrmFactory. Instance name:[android.hardware.drm.IDrmFactory/wfdhdcp]
2026-04-28 13:55:00.938 31408-31484 DrmUtils                com.halil.ozel.exoplayerdemo         I  found IDrmFactory. Instance name:[android.hardware.drm.IDrmFactory/widevine]
2026-04-28 13:55:00.938 31408-31408 WindowManager           com.halil.ozel.exoplayerdemo         D  Add to mViews: DecorView@68d030c[MainActivity],pkg= com.halil.ozel.exoplayerdemo
2026-04-28 13:55:00.939 31408-31452 ExtensionsLoader        com.halil.ozel.exoplayerdemo         D  createInstance(64bit) : createExtendedFactory
2026-04-28 13:55:00.939 31408-31484 DrmHalAidl              com.halil.ozel.exoplayerdemo         E  uuid=[e2719d58a985b3c9 781ab030af78d30e] Failed to make drm plugin: 4
2026-04-28 13:55:00.939 31408-31484 DrmHalAidl              com.halil.ozel.exoplayerdemo         E  uuid=[e2719d58a985b3c9 781ab030af78d30e] Failed to make drm plugin: 4
2026-04-28 13:55:00.941 31408-31452 ExtensionsLoader        com.halil.ozel.exoplayerdemo         D  Opened libhwuiextimpl.so
2026-04-28 13:55:00.941 31408-31408 ExtensionsLoader        com.halil.ozel.exoplayerdemo         D  createInstance(64bit) : createExtendedFactory
2026-04-28 13:55:00.941 31408-31408 ExtensionsLoader        com.halil.ozel.exoplayerdemo         D  Opened libSchedAssistExtImpl.so
2026-04-28 13:55:00.951 31408-31408 ViewRootImplExtImpl     com.halil.ozel.exoplayerdemo         D  onDisplayChanged -1 for VRI android.view.ViewRootImpl@4ea7a4
2026-04-28 13:55:00.952 31408-31408 libc                    com.halil.ozel.exoplayerdemo         W  Access denied finding property "ro.vendor.input.resample_latency_time"
2026-04-28 13:55:00.952 31408-31408 InputEventReceiver      com.halil.ozel.exoplayerdemo         D  Input log is disabled in InputEventReceiver.
2026-04-28 13:55:00.953 31408-31408 callGcSupression        com.halil.ozel.exoplayerdemo         D  java.lang.NullPointerException: Attempt to invoke virtual method 'java.lang.Object java.lang.reflect.Method.invoke(java.lang.Object, java.lang.Object[])' on a null object reference
2026-04-28 13:55:00.953 31408-31408 ResourcesManagerExtImpl com.halil.ozel.exoplayerdemo         D  applyConfigurationToAppResourcesLocked app.getDisplayId() return callback.displayId:-1
2026-04-28 13:55:00.955 31408-31408 Quality                 com.halil.ozel.exoplayerdemo         I  Skipped: false 1 cost 21.217709 refreshRate 16580807 bit true processName com.halil.ozel.exoplayerdemo
2026-04-28 13:55:00.956 31408-31408 OplusBracketLog         com.halil.ozel.exoplayerdemo         E  [OplusViewMirrorManager] updateHostViewRootIfNeeded, not support android.view.ViewRootImpl@4ea7a4
2026-04-28 13:55:00.956 31408-31408 SurfaceView             com.halil.ozel.exoplayerdemo         I  215031507 onAttachedToWindow
2026-04-28 13:55:00.959 31408-31408 ViewRootImplExtImpl     com.halil.ozel.exoplayerdemo         D  wrapConfigInfoIntoFlags rotation=0, smallestScreenWidthDp=361, relayoutAsync=false, newFlags=23658496, title=com.halil.ozel.exoplayerdemo/com.halil.ozel.exoplayerdemo.MainActivity
2026-04-28 13:55:00.970 31408-31408 VRI[MainActivity]       com.halil.ozel.exoplayerdemo         D  relayoutWindow result, sizeChanged:true, surfaceControlChanged:true, transformHintChanged:true, mSurfaceSize:Point(1264, 2780), mLastSurfaceSize:Point(0, 0), mWidth:-1, mHeight:-1, requestedWidth:1264, requestedHeight:2780, transformHint:0, lastTransformHint:-2147483648, installOrientation:0, displayRotation:0, isSurfaceValid:true, attr.flag:-2122251904, useBlast:true, tmpFrames:ClientWindowFrames{frame=[0,0][1264,2780] display=[0,0][1264,2780] parentFrame=[0,0][0,0]}, params:{(0,0)(fillxfill) sim={adjust=pan forwardNavigation} ty=BASE_APPLICATION fmt=TRANSLUCENT wanim=0x10302fe
                                                                                                      fl=KEEP_SCREEN_ON LAYOUT_IN_SCREEN LAYOUT_INSET_DECOR SPLIT_TOUCH HARDWARE_ACCELERATED DRAWS_SYSTEM_BAR_BACKGROUNDS
                                                                                                      pfl=NO_MOVE_ANIMATION FORCE_DRAW_STATUS_BAR_BACKGROUND USE_BLAST FIT_INSETS_CONTROLLED
                                                                                                      bhv=DEFAULT
                                                                                                      fitSides= CLP[ ]}
2026-04-28 13:55:00.971 31408-31408 VRI[MainActivity]       com.halil.ozel.exoplayerdemo         W  updateBlastSurfaceIfNeeded, surfaceSize:Point(1264, 2780), lastSurfaceSize:Point(0, 0), format:-3, blastBufferQueue:null
2026-04-28 13:55:00.973 31408-31408 BufferQueueConsumer     com.halil.ozel.exoplayerdemo         D  [](id:7ab000000000,api:0,p:-1,c:31408) connect: controlledByApp=false
2026-04-28 13:55:00.973 31408-31408 l.exoplayerdemo         com.halil.ozel.exoplayerdemo         W  Unable to find dolphin functions!
2026-04-28 13:55:00.973 31408-31408 ExtensionsLoader        com.halil.ozel.exoplayerdemo         D  createInstance(64bit) : createExtendedFactory
2026-04-28 13:55:00.973 31408-31408 ExtensionsLoader        com.halil.ozel.exoplayerdemo         D  Opened libSchedAssistExtImpl.so
2026-04-28 13:55:00.975 31408-31452 AdrenoGLES-0            com.halil.ozel.exoplayerdemo         I  QUALCOMM build                   : 26ced7efa1, I34176f3f01
                                                                                                    Build Date                       : 03/26/24
                                                                                                    OpenGL ES Shader Compiler Version: E031.45.02.08
                                                                                                    Local Branch                     : 
                                                                                                    Remote Branch                    : refs/tags/AU_LINUX_ANDROID_LA.VENDOR.14.3.0.11.00.00.973.498
                                                                                                    Remote Branch                    : NONE
                                                                                                    Reconstruct Branch               : NOTHING
2026-04-28 13:55:00.975 31408-31452 AdrenoGLES-0            com.halil.ozel.exoplayerdemo         I  Build Config                     : S P 16.1.2 AArch64
2026-04-28 13:55:00.975 31408-31452 AdrenoGLES-0            com.halil.ozel.exoplayerdemo         I  Driver Path                      : /vendor/lib64/egl/libGLESv2_adreno.so
2026-04-28 13:55:00.975 31408-31452 AdrenoGLES-0            com.halil.ozel.exoplayerdemo         I  Driver Version                   : 0762.14
2026-04-28 13:55:00.975 31408-31452 AdrenoGLES-0            com.halil.ozel.exoplayerdemo         I  Process Name                     : com.halil.ozel.exoplayerdemo
2026-04-28 13:55:00.976 31408-31408 OplusDisplayModeManager com.halil.ozel.exoplayerdemo         E  has been initialized.
2026-04-28 13:55:00.980 31408-31452 AdrenoGLES-0            com.halil.ozel.exoplayerdemo         I  PFP: 0x01310168, ME: 0x00000000
2026-04-28 13:55:00.983 31408-31408 BufferQueueConsumer     com.halil.ozel.exoplayerdemo         D  [](id:7ab000000001,api:0,p:-1,c:31408) connect: controlledByApp=false
2026-04-28 13:55:00.985 31408-31408 SurfaceView             com.halil.ozel.exoplayerdemo         I  215031507 visibleChanged -- surfaceCreated 
2026-04-28 13:55:00.985 31408-31408 SurfaceView             com.halil.ozel.exoplayerdemo         D  215031507 handleSyncNoBuffer
2026-04-28 13:55:00.985 31408-31408 SurfaceView             com.halil.ozel.exoplayerdemo         D  215031507 finishedDrawing
2026-04-28 13:55:00.985 31408-31408 SurfaceView             com.halil.ozel.exoplayerdemo         D  215031507 performDrawFinished mAttachedToWindow true
2026-04-28 13:55:00.992 31408-31452 AdrenoUtils             com.halil.ozel.exoplayerdemo         I  <ReadGpuID:357>: Reading chip ID through GSL
2026-04-28 13:55:00.996 31408-31452 BufferQueueProducer     com.halil.ozel.exoplayerdemo         D  [VRI[MainActivity]#0(BLAST Consumer)0](id:7ab000000000,api:1,p:31408,c:31408) connect: api=1 producerControlledByApp=true
2026-04-28 13:55:00.996 31408-31452 OpenGLRenderer          com.halil.ozel.exoplayerdemo         E  Unable to match the desired swap behavior.
2026-04-28 13:55:00.996 31408-31408 SurfaceControl          com.halil.ozel.exoplayerdemo         I   setExtendedRangeBrightness sc=Surface(name=com.halil.ozel.exoplayerdemo/com.halil.ozel.exoplayerdemo.MainActivity)/@0xc7d41d4,currentBufferRatio=1.0,desiredRatio=1.0
2026-04-28 13:55:00.997 31408-31408 SurfaceView             com.halil.ozel.exoplayerdemo         D  215031507 dispatchDraw mDrawFinished true isAboveParent false (mPrivateFlags & PFLAG_SKIP_DRAW) 128
2026-04-28 13:55:00.998 31408-31408 SurfaceView             com.halil.ozel.exoplayerdemo         D  215031507 clearSurfaceViewPort mCornerRadius 0.0
2026-04-28 13:55:01.005 31408-31452 BLASTBufferQueue        com.halil.ozel.exoplayerdemo         D  [VRI[MainActivity]#0](f:0,a:1) acquireNextBufferLocked size=1264x2780 mFrameNumber=1 applyTransaction=true mTimestamp=894194579060608(auto) mPendingTransactions.size=0 graphicBufferId=134896332832768 transform=0
2026-04-28 13:55:01.005 31408-31452 VRI[MainActivity]       com.halil.ozel.exoplayerdemo         D  Received frameCommittedCallback lastAttemptedDrawFrameNum=1 didProduceBuffer=true syncBuffer=false
2026-04-28 13:55:01.006 31408-31408 VRI[MainActivity]       com.halil.ozel.exoplayerdemo         D  draw finished.
2026-04-28 13:55:01.006 31408-31408 VRI[MainActivity]       com.halil.ozel.exoplayerdemo         D  reportDrawFinished
2026-04-28 13:55:01.006 31408-31408 ViewRootImplExtImpl     com.halil.ozel.exoplayerdemo         D  setMaxDequeuedBufferCount: 2
2026-04-28 13:55:01.009 31408-31408 Quality                 com.halil.ozel.exoplayerdemo         I  Skipped: false 3 cost 50.994957 refreshRate 16580807 bit true processName com.halil.ozel.exoplayerdemo
2026-04-28 13:55:01.010 31408-31408 VRI[MainActivity]       com.halil.ozel.exoplayerdemo         W  handleResized, msg:5, frameChanged:false, configChanged:false, displayChanged:false, attachedFrameChanged:false, compatScaleChanged:false, pendingDragResizing=false
2026-04-28 13:55:01.016  1685-7696  ANDR-PERF-LM            ven...ti.hardware.perf2-hal-service  E  PrefAppsDB: get_total_pkg_bindapp_count() 663: App = (com.halil.ozel.exoplayerdemo) not found in LatData DB.
